08-28 18:56:42.218  2845  3054 E SuperpacksMgr: 	at java.util.concurrent.ThreadPoolExecutor.runWorker(ThreadPoolExecutor.java:1167)
08-28 18:56:42.218  2845  3054 E SuperpacksMgr: 	at java.util.concurrent.ThreadPoolExecutor$Worker.run(ThreadPoolExecutor.java:641)
08-28 18:56:42.218  2845  3054 E SuperpacksMgr: 	at java.lang.Thread.run(Thread.java:764)
08-28 18:56:42.218  2845  3054 E SuperpacksMgr: 	at bcl.run(PG:8)
08-28 18:56:42.218  2845  3054 I HWRImeSpacktratProv: getSetupStrategy
08-28 18:56:42.219  2845  3054 I DictSpacktratProv: getSetupStrategy
08-28 18:56:42.224  2845  3054 W AndroidIME: ewp: No constructor for 'com.google.android.apps.inputmethod.libs.search.makeagif.superpacks.MakeAGifSuperpacksStrategyProvider' with 0 arguments
08-28 18:56:42.224  2845  3054 E SuperpacksMgr: ata: getSuperpackStrategyForIModules(): Failed to invoke com.google.android.apps.inputmethod.libs.search.makeagif.superpacks.MakeAGifSuperpacksStrategyProvider#getSetupStrategy
08-28 18:56:42.224  2845  3054 E SuperpacksMgr: java.lang.NullPointerException: Attempt to invoke interface method 'java.util.List asw.a(android.content.Context)' on a null object reference
08-28 18:56:42.224  2845  3054 E SuperpacksMgr: 	at ata.d(PG:119)
08-28 18:56:42.224  2845  3054 E SuperpacksMgr: 	at atb.a(PG:9)
08-28 18:56:42.224  2845  3054 E SuperpacksMgr: 	at bng.run(Unknown Source:4)
08-28 18:56:42.224  2845  3054 E SuperpacksMgr: 	at java.util.concurrent.Executors$RunnableAdapter.call(Executors.java:458)
08-28 18:56:42.224  2845  3054 E SuperpacksMgr: 	at java.util.concurrent.FutureTask.run(FutureTask.java:266)
08-28 18:56:42.224  2845  3054 E SuperpacksMgr: 	at bcs.run(PG:15)
08-28 18:56:42.224  2845  3054 E SuperpacksMgr: 	at java.util.concurrent.ThreadPoolExecutor.runWorker(ThreadPoolExecutor.java:1167)
08-28 18:56:42.224  2845  3054 E SuperpacksMgr: 	at java.util.concurrent.ThreadPoolExecutor$Worker.run(ThreadPoolExecutor.java:641)
08-28 18:56:42.224  2845  3054 E SuperpacksMgr: 	at java.lang.Thread.run(Thread.java:764)
08-28 18:56:42.224  2845  3054 E SuperpacksMgr: 	at bcl.run(PG:8)
08-28 18:56:42.224  2845  3054 I HWRImeSpacktratProv: getSetupStrategy
08-28 18:56:42.278  2673  3084 I chatty  : uid=10041(com.google.android.googlequicksearchbox) expire 1 line
08-28 18:56:42.302  2079  2754 I chatty  : uid=10014(com.google.android.gms) expire 17 lines
08-28 18:56:42.317  1937  2591 D BackupTransportManager: Transport com.google.android.gms/.backup.BackupTransportService registered
08-28 18:56:42.317  1937  2591 D BackupManagerService: Transport com.google.android.gms/.backup.BackupTransportService registered 4356ms after first request (delay = 3000ms)
08-28 18:56:42.370  2570  3081 I ContactsProviderV1: Bootstrapping database legacy support
08-28 18:56:42.425  2079  2095 I chatty  : uid=10014(com.google.android.gms) expire 10 lines
08-28 18:56:42.430  2079  2088 I chatty  : uid=10014(com.google.android.gms) expire 1 line
08-28 18:56:42.481  2570  3081 D ContactsDatabaseHelper: WAL enabled for profile.db: false
08-28 18:56:42.505  2845  3054 I Superpacks: Creating database superpacks.db, version 13
08-28 18:56:42.572  2845  3196 I SuperDelight: SuperDelightManager#registerSuperpacks(delight): current -1, required 20180317
08-28 18:56:42.615  2845  3054 I Superpacks: Registering manifest delight.20180317 with URL https://www.gstatic.com/android/keyboard/dictionarypack/Ney-normal/metadata.json and constraints: m:*, current version: -1
08-28 18:56:42.616  2845  3054 I Superpacks: Requesting packs for delight-manifest with slices: [{manifests:delight-20180317, m:*}]
08-28 18:56:42.656  1937  1937 I Telecom : DefaultDialerCache: Refreshing default dialer for user 0: now com.google.android.dialer: DDC.oR@AEQ
08-28 18:56:42.687  2079  3201 I chatty  : uid=10014(com.google.android.gms) expire 8 lines
08-28 18:56:42.687  2845  3054 I Superpacks-FP: Fetch pipeline requesting slice {manifests:delight-20180317, m:*}
08-28 18:56:42.689  2845  3054 I Superpacks-FP: Fetching pack delight-20180317 to file manifests/delight-20180317.fetched with fetcher fpm:11460236
08-28 18:56:42.693  1937  2674 I chatty  : uid=1000(system) Binder:1937_10 expire 4 lines
08-28 18:56:42.694  2845  3054 I Superpacks: Fetching delight-20180317 to file delight-20180317.fetched with params: {m:*, p {absolute:0}}
08-28 18:56:42.718  2845  3054 I Superpacks: => Scheduling downloads, reason: download registered
08-28 18:56:42.725  2845  3054 I Superpacks: Pending (1): [{manifests:delight-20180317, m:b, p500}]
08-28 18:56:42.725  2845  3054 I Superpacks: Active: none
08-28 18:56:42.727  2845  3054 I Superpacks: Candidates for m:b (1): [{manifests:delight-20180317, m:b, p500}]
08-28 18:56:42.727  2845  3054 I Superpacks: Scheduling job with delay of 0s for m:b, 1 candidates
08-28 18:56:42.736  1937  1937 I chatty  : uid=1000 system_server expire 6 lines
08-28 18:56:42.754  1937  2278 I ActivityManager: Killing 2673:com.google.android.googlequicksearchbox:search/u0a41 (adj 0): permissions revoked
08-28 18:56:42.755  1937  2278 W ActivityManager: Scheduling restart of crashed service com.google.android.googlequicksearchbox/com.google.android.apps.gsa.nowoverlayservice.DrawerOverlayService in 1000ms
08-28 18:56:42.756  1937  2278 W ActivityManager: Scheduling restart of crashed service com.google.android.googlequicksearchbox/com.google.android.apps.gsa.search.core.service.SearchService in 11000ms
08-28 18:56:42.756  1937  2278 W ActivityManager: Scheduling restart of crashed service com.google.android.googlequicksearchbox/com.google.android.apps.gsa.tasks.BackgroundTasksJobService in 21000ms
08-28 18:56:42.756  1937  2278 I ActivityManager: Killing 2705:com.google.android.apps.nexuslauncher/u0a7 (adj 0): depends on provider com.google.android.googlequicksearchbox/com.google.android.apps.gsa.staticplugins.publiccontent.GsaPublicContentProvider in dying proc com.google.android.googlequicksearchbox:search (adj 0)
08-28 18:56:42.763  1937  2278 I ActivityManager: Killing 2613:com.google.android.googlequicksearchbox:interactor/u0a41 (adj 100): permissions revoked
08-28 18:56:42.764  1937  2278 W ActivityManager: Scheduling restart of crashed service com.google.android.googlequicksearchbox/com.google.android.voiceinteraction.GsaVoiceInteractionService in 30992ms
08-28 18:56:42.765  1937  1937 I Telecom : DefaultDialerCache: Refreshing default dialer for user 0: now com.google.android.dialer: DDC.oR@AEU
08-28 18:56:42.772  2845  3164 I PersonalDictDataHandler: Locales = [en_US]
08-28 18:56:42.809  1937  1950 D LauncherAppsService: Callback failed 
08-28 18:56:42.809  1937  1950 D LauncherAppsService: android.os.DeadObjectException
08-28 18:56:42.809  1937  1950 D LauncherAppsService: 	at android.os.BinderProxy.transactNative(Native Method)
08-28 18:56:42.809  1937  1950 D LauncherAppsService: 	at android.os.BinderProxy.transact(Binder.java:1127)
08-28 18:56:42.809  1937  1950 D LauncherAppsService: 	at android.content.pm.IOnAppsChangedListener$Stub$Proxy.onPackageChanged(IOnAppsChangedListener.java:259)
08-28 18:56:42.809  1937  1950 D LauncherAppsService: 	at com.android.server.pm.LauncherAppsService$LauncherAppsImpl$MyPackageMonitor.onPackageModified(LauncherAppsService.java:719)
08-28 18:56:42.809  1937  1950 D LauncherAppsService: 	at com.android.internal.content.PackageMonitor.onReceive(PackageMonitor.java:389)
08-28 18:56:42.809  1937  1950 D LauncherAppsService: 	at android.app.LoadedApk$ReceiverDispatcher$Args.lambda$getRunnable$0(LoadedApk.java:1391)
08-28 18:56:42.809  1937  1950 D LauncherAppsService: 	at android.app.-$$Lambda$LoadedApk$ReceiverDispatcher$Args$_BumDX2UKsnxLVrE6UJsJZkotuA.run(Unknown Source:2)
08-28 18:56:42.809  1937  1950 D LauncherAppsService: 	at android.os.Handler.handleCallback(Handler.java:873)
08-28 18:56:42.809  1937  1950 D LauncherAppsService: 	at android.os.Handler.dispatchMessage(Handler.java:99)
08-28 18:56:42.809  1937  1950 D LauncherAppsService: 	at android.os.Looper.loop(Looper.java:193)
08-28 18:56:42.809  1937  1950 D LauncherAppsService: 	at android.os.HandlerThread.run(HandlerThread.java:65)
08-28 18:56:42.811  3205  3205 I chatty  : uid=10041(com.google.android.googlequicksearchbox) expire 31 lines
08-28 18:56:42.817  1937  2006 I chatty  : uid=1000(system) InputDispatcher expire 4 lines
08-28 18:56:42.818  1775  1775 I Zygote  : Process 2673 exited due to signal (9)
08-28 18:56:42.830  1937  2635 I WindowManager: WIN DEATH: Window{b498d80 u0 com.google.android.apps.nexuslauncher/com.google.android.apps.nexuslauncher.NexusLauncherActivity}
08-28 18:56:42.830  1937  2635 I chatty  : uid=1000(system) Binder:1937_C expire 3 lines
08-28 18:56:42.836  1937  2061 D ConnectivityService: ConnectivityService NetworkRequestInfo binderDied(NetworkRequest [ LISTEN id=13, [ Capabilities: INTERNET&NOT_RESTRICTED&TRUSTED Unwanted:  Uid: 10041] ], android.os.BinderProxy@38f49f8)
08-28 18:56:42.837  1774  1774 W SurfaceFlinger: couldn't log to binary event log: overflow.
08-28 18:56:42.839  1775  1775 I Zygote  : Process 2705 exited due to signal (9)
08-28 18:56:42.845  1775  1775 I Zygote  : Process 2613 exited due to signal (9)
08-28 18:56:42.901  2657  2690 I d.process.medi: Waiting for a blocking GC ProfileSaver
08-28 18:56:42.915  1937  2654 I WindowManager: WIN DEATH: Window{bc0aca6 u0 com.google.android.apps.nexuslauncher/com.google.android.apps.nexuslauncher.NexusLauncherActivity}
08-28 18:56:42.915  1937  2654 I chatty  : uid=1000(system) Binder:1937_F expire 3 lines
08-28 18:56:42.971  1774  1774 W SurfaceFlinger: couldn't log to binary event log: overflow.
08-28 18:56:42.973  2199  2199 D CarrierSvcBindHelper: No carrier app for: 0
08-28 18:56:42.973  2199  2199 D ImsResolver: maybeAddedImsService, packageName: com.google.android.googlequicksearchbox
08-28 18:56:42.989  2845  3164 I ShortcutsDataManager: importContentData() : Ending import process
08-28 18:56:42.990  2845  3164 I Delight5Facilitator: requestLanguageModelResource() : PERSONAL_DICTIONARY : UNUSED
08-28 18:56:42.990  1937  1953 W ActivityManager: Slow operation: 213ms so far, now at startProcess: done updating battery stats
08-28 18:56:42.990  1937  1953 W ActivityManager: Slow operation: 213ms so far, now at startProcess: building log message
08-28 18:56:42.990  1937  1953 I ActivityManager: Start proc 3205:com.google.android.googlequicksearchbox:search/u0a41 for broadcast com.google.android.googlequicksearchbox/com.google.android.apps.gsa.broadcastreceiver.external.PixelLauncherBroadcastReceiver
08-28 18:56:42.990  1937  1953 W ActivityManager: Slow operation: 213ms so far, now at startProcess: starting to update pids map
08-28 18:56:42.990  1937  1953 W ActivityManager: Slow operation: 213ms so far, now at startProcess: done updating pids map
08-28 18:56:43.027  2845  3164 I PersonalLanguageModel: run() : Added 0 words and 0 shortcuts
08-28 18:56:43.029  1937  2061 W ActivityManager: Stopping service due to app idle: u0a41 -4s899ms com.google.android.googlequicksearchbox/com.google.android.apps.gsa.search.core.service.SearchService
08-28 18:56:43.030  1937  1959 W ActivityManager: setHasOverlayUi called on unknown pid: 2673
08-28 18:56:43.032  1937  2652 W ActivityManager: Scheduling restart of crashed service com.google.android.apps.nexuslauncher/com.android.quickstep.TouchInteractionService in 1000ms
08-28 18:56:43.034  2199  2199 D CarrierSvcBindHelper: No carrier app for: 0
08-28 18:56:43.044  1937  1937 W Looper  : Slow dispatch took 261ms main h=com.android.server.job.JobSchedulerService$JobHandler c=null m=7
08-28 18:56:43.049  2845  3164 I DynamicLm: perform() : PERSONAL_DICTIONARY : azt : Completed
08-28 18:56:43.049  2845  3164 I Delight5Facilitator: releaseLanguageModelResource() : PERSONAL_DICTIONARY : UNUSED
08-28 18:56:43.072  1646  1693 D gralloc_ranchu: gralloc_alloc: Creating ashmem region of size 8298496
08-28 18:56:43.081  2845  3164 I ShortcutsDataManager: importContentData() : Success : Count = 0
08-28 18:56:43.081  2845  2845 I ShortcutsDataManager: onPostExecute() : Result = [2,0]
08-28 18:56:43.082  2845  2845 I ShortcutsDataManager: onImportFinished() : Result = 2 : Count = 0
08-28 18:56:43.082  2845  3222 I Delight5Decoder: loadShortcutMap() : 0 shortcuts
08-28 18:56:43.094  1937  1953 W ActivityManager: Slow operation: 58ms so far, now at startProcess: returned from zygote!
08-28 18:56:43.095  1937  1953 W ActivityManager: Slow operation: 58ms so far, now at startProcess: done updating battery stats
08-28 18:56:43.095  1937  1953 W ActivityManager: Slow operation: 59ms so far, now at startProcess: building log message
08-28 18:56:43.095  1937  1953 I ActivityManager: Start proc 3223:com.google.android.apps.nexuslauncher/u0a7 for activity com.google.android.apps.nexuslauncher/.NexusLauncherActivity
08-28 18:56:43.095  1937  1953 W ActivityManager: Slow operation: 59ms so far, now at startProcess: starting to update pids map
08-28 18:56:43.095  1937  1953 W ActivityManager: Slow operation: 59ms so far, now at startProcess: done updating pids map
08-28 18:56:43.098  1937  1953 W ActivityManager: Slow operation: 54ms so far, now at startProcess: asking zygote to start proc
08-28 18:56:43.099  1937  1937 W Looper  : Slow delivery took 270ms main h=com.android.server.job.JobSchedulerService$JobHandler c=null m=5
08-28 18:56:43.104  3223  3223 W s.nexuslaunche: Unexpected CPU variant for X86 using defaults: x86
08-28 18:56:43.105  3223  3223 E s.nexuslaunche: Not starting debugger since process cannot load the jdwp agent.
08-28 18:56:43.116  1937  1953 W ActivityManager: Slow operation: 72ms so far, now at startProcess: returned from zygote!
08-28 18:56:43.140  3237  3237 W e.process.gapp: Unexpected CPU variant for X86 using defaults: x86
08-28 18:56:43.142  3237  3237 E e.process.gapp: Not starting debugger since process cannot load the jdwp agent.
08-28 18:56:43.152  2199  2199 D CarrierSvcBindHelper: No carrier app for: 0
08-28 18:56:43.152  2199  2199 D ImsResolver: maybeAddedImsService, packageName: com.android.vending
08-28 18:56:43.155  1937  1953 W ActivityManager: Slow operation: 111ms so far, now at startProcess: done updating battery stats
08-28 18:56:43.155  1937  1953 W ActivityManager: Slow operation: 111ms so far, now at startProcess: building log message
08-28 18:56:43.155  1937  1937 I Telecom : DefaultDialerCache: Refreshing default dialer for user 0: now com.google.android.dialer: DDC.oR@AEY
08-28 18:56:43.155  1937  1953 I ActivityManager: Start proc 3237:com.google.process.gapps/u0a74 for content provider com.google.android.syncadapters.contacts/.ProxyGalProvider
08-28 18:56:43.155  1937  1953 W ActivityManager: Slow operation: 111ms so far, now at startProcess: starting to update pids map
08-28 18:56:43.162  1937  1953 W ActivityManager: Slow operation: 111ms so far, now at startProcess: done updating pids map
08-28 18:56:43.163  3223  3223 I s.nexuslaunche: The ClassLoaderContext is a special shared library.
08-28 18:56:43.172  2845  3054 I Superpacks: <== Scheduling result: 0 started, 0 paused, 1 scheduled
08-28 18:56:43.195  1937  1937 I Telecom : DefaultDialerCache: Refreshing default dialer for user 0: now com.google.android.dialer: DDC.oR@AEc
08-28 18:56:43.204  1646  1693 D gralloc_ranchu: gralloc_alloc: Creating ashmem region of size 24576
08-28 18:56:43.216  3237  3237 I e.process.gapp: The ClassLoaderContext is a special shared library.
08-28 18:56:43.217  3237  3237 I e.process.gapp: The ClassLoaderContext is a special shared library.
08-28 18:56:43.240  1646  1693 D gralloc_ranchu: gralloc_alloc: Creating ashmem region of size 24576
08-28 18:56:43.245  3223  3223 V Launcher: LauncherAppState initiated
08-28 18:56:43.245  1937  1937 I Telecom : DefaultDialerCache: Refreshing default dialer for user 0: now com.google.android.dialer: DDC.oR@AEg
08-28 18:56:43.248  1646  1693 D gralloc_ranchu: gralloc_alloc: Creating ashmem region of size 24576
08-28 18:56:43.252  1646  1646 D gralloc_ranchu: gralloc_alloc: Creating ashmem region of size 24576
08-28 18:56:43.256  1646  1646 D gralloc_ranchu: gralloc_alloc: Creating ashmem region of size 8192
08-28 18:56:43.259  1646  1646 D gralloc_ranchu: gralloc_alloc: Creating ashmem region of size 8192
08-28 18:56:43.263  2089  2335 D EGL_emulation: eglMakeCurrent: 0xcc57c480: ver 2 0 (tinfo 0xe66f3210)
08-28 18:56:43.267  3223  3223 D OpenGLRenderer: HWUI GL Pipeline
08-28 18:56:43.288  1937  1953 I ActivityManager: Start proc 3270:com.android.vending:instant_app_installer/u0a34 for service com.android.vending/com.google.android.finsky.instantapps.PhenotypeUpdateService
08-28 18:56:43.294  3270  3270 I chatty  : uid=10034(com.android.vending) expire 5 lines
08-28 18:56:43.296  2199  2199 D CarrierSvcBindHelper: No carrier app for: 0
08-28 18:56:43.296  2199  2199 D ImsResolver: maybeAddedImsService, packageName: com.google.android.setupwizard
08-28 18:56:43.308  3205  3285 I chatty  : uid=10041(com.google.android.googlequicksearchbox) expire 1 line
08-28 18:56:43.327  3237  3259 I ProxyGalProvider: QueryGalProvider in Legacy provider.
08-28 18:56:43.329  2089  2335 D EGL_emulation: eglMakeCurrent: 0xcc57c480: ver 2 0 (tinfo 0xe66f3210)
08-28 18:56:43.364  1937  2025 W WallpaperManagerService: Cannot extract colors because wallpaper could not be read.
08-28 18:56:43.364  1937  2025 W WallpaperManagerService: Cannot get theme colors because WallpaperColors is null.
08-28 18:56:43.393  2199  2199 D CarrierSvcBindHelper: No carrier app for: 0
08-28 18:56:43.413  1937  1953 I ActivityManager: Start proc 3300:com.google.android.gm/u0a56 for content provider com.google.android.gm/com.android.exchange.provider.ExchangeDirectoryProvider
08-28 18:56:43.420  3300  3300 W ogle.android.g: Unexpected CPU variant for X86 using defaults: x86
08-28 18:56:43.441  3300  3300 E ogle.android.g: Not starting debugger since process cannot load the jdwp agent.
08-28 18:56:43.475  2199  2199 D CarrierSvcBindHelper: No carrier app for: 0
08-28 18:56:43.493  3300  3300 I ogle.android.g: The ClassLoaderContext is a special shared library.
08-28 18:56:43.510  1937  1937 W Looper  : Slow dispatch took 234ms main h=android.app.ActivityThread$H c=android.app.-$$Lambda$LoadedApk$ReceiverDispatcher$Args$_BumDX2UKsnxLVrE6UJsJZkotuA@b3bb011 m=0
08-28 18:56:43.494  3300  3300 I ogle.android.g: The ClassLoaderContext is a special shared library.
08-28 18:56:43.522  2079  3101 I chatty  : uid=10014(com.google.android.gms) expire 2 lines
08-28 18:56:43.548  3223  3327 D ProtoStore: no cached data
08-28 18:56:43.549  3223  3327 D ProtoStore: no cached data
08-28 18:56:43.562  2731  2781 I FirebaseCrash: FirebaseCrash reporting initialized chd@af73d2d
08-28 18:56:43.566  2199  2199 D CarrierSvcBindHelper: No carrier app for: 0
08-28 18:56:43.566  2199  2199 D ImsResolver: maybeAddedImsService, packageName: com.google.android.apps.nexuslauncher
08-28 18:56:43.566  2079  2423 I chatty  : uid=10014(com.google.android.gms) expire 2 lines
08-28 18:56:43.569  2199  2199 D ImsResolver: maybeAddedImsService, packageName: com.android.settings
08-28 18:56:43.574  2199  2199 D ImsResolver: maybeAddedImsService, packageName: com.android.systemui
08-28 18:56:43.575  2199  2199 D ImsResolver: maybeAddedImsService, packageName: com.google.android.apps.restore
08-28 18:56:43.601  1774  1963 E SurfaceFlinger: ro.sf.lcd_density must be defined as a build property
08-28 18:56:43.638  1937  2465 W ActivityManager: Unable to start service Intent { act=com.google.android.apps.miphone.aiai.matchmaker.api.IScreenMatchmaker cmp=com.google.android.as/com.google.android.apps.miphone.aiai.matchmaker.MatchmakerService2 } U=0: not found
08-28 18:56:43.642  3205  3293 I chatty  : uid=10041(com.google.android.googlequicksearchbox) expire 14 lines
08-28 18:56:43.648  3223  3223 D TouchInteractionService: Touch service connected
08-28 18:56:43.673  1646  1646 D gralloc_ranchu: gralloc_alloc: Creating ashmem region of size 24576
08-28 18:56:43.683  1646  1646 I chatty  : uid=1000(system) allocator@2.0-s identical 2 lines
08-28 18:56:43.686  1646  1646 D gralloc_ranchu: gralloc_alloc: Creating ashmem region of size 24576
08-28 18:56:43.687  3223  3223 W ActionsController: content provider not found
08-28 18:56:43.687  3223  3223 W ActionsController: java.lang.SecurityException: Failed to find provider com.google.android.as.allapps.actionsuggestprovider for user 0; expected to find a valid ContentProvider for this authority
08-28 18:56:43.687  3223  3223 W ActionsController: 	at android.os.Parcel.createException(Parcel.java:1950)
08-28 18:56:43.687  3223  3223 W ActionsController: 	at android.os.Parcel.readException(Parcel.java:1918)
08-28 18:56:43.687  3223  3223 W ActionsController: 	at android.os.Parcel.readException(Parcel.java:1868)
08-28 18:56:43.687  3223  3223 W ActionsController: 	at android.content.IContentService$Stub$Proxy.registerContentObserver(IContentService.java:779)
08-28 18:56:43.687  3223  3223 W ActionsController: 	at android.content.ContentResolver.registerContentObserver(ContentResolver.java:1972)
08-28 18:56:43.687  3223  3223 W ActionsController: 	at android.content.ContentResolver.registerContentObserver(ContentResolver.java:1961)
08-28 18:56:43.687  3223  3223 W ActionsController: 	at com.google.android.apps.nexuslauncher.allapps.d.cY(SourceFile:193)
08-28 18:56:43.687  3223  3223 W ActionsController: 	at com.google.android.apps.nexuslauncher.allapps.d.<init>(SourceFile:156)
08-28 18:56:43.687  3223  3223 W ActionsController: 	at com.google.android.apps.nexuslauncher.allapps.d.c(SourceFile:116)
08-28 18:56:43.687  3223  3223 W ActionsController: 	at com.google.android.apps.nexuslauncher.allapps.ActionsRowView.onAttachedToWindow(SourceFile:162)
08-28 18:56:43.687  3223  3223 W ActionsController: 	at android.view.View.dispatchAttachedToWindow(View.java:18347)
08-28 18:56:43.687  3223  3223 W ActionsController: 	at android.view.ViewGroup.dispatchAttachedToWindow(ViewGroup.java:3397)
08-28 18:56:43.687  3223  3223 W ActionsController: 	at android.view.ViewGroup.dispatchAttachedToWindow(ViewGroup.java:3404)
08-28 18:56:43.687  3223  3223 W ActionsController: 	at android.view.ViewGroup.dispatchAttachedToWindow(ViewGroup.java:3404)
08-28 18:56:43.687  3223  3223 W ActionsController: 	at android.view.ViewGroup.dispatchAttachedToWindow(ViewGroup.java:3404)
08-28 18:56:43.687  3223  3223 W ActionsController: 	at android.view.ViewGroup.dispatchAttachedToWindow(ViewGroup.java:3404)
08-28 18:56:43.687  3223  3223 W ActionsController: 	at android.view.ViewGroup.dispatchAttachedToWindow(ViewGroup.java:3404)
08-28 18:56:43.687  3223  3223 W ActionsController: 	at android.view.ViewGroup.dispatchAttachedToWindow(ViewGroup.java:3404)
08-28 18:56:43.687  3223  3223 W ActionsController: 	at android.view.ViewGroup.dispatchAttachedToWindow(ViewGroup.java:3404)
08-28 18:56:43.687  3223  3223 W ActionsController: 	at android.view.ViewRootImpl.performTraversals(ViewRootImpl.java:1761)
08-28 18:56:43.687  3223  3223 W ActionsController: 	at android.view.ViewRootImpl.doTraversal(ViewRootImpl.java:1460)
08-28 18:56:43.687  3223  3223 W ActionsController: 	at android.view.ViewRootImpl$TraversalRunnable.run(ViewRootImpl.java:7183)
08-28 18:56:43.687  3223  3223 W ActionsController: 	at android.view.Choreographer$CallbackRecord.run(Choreographer.java:949)
08-28 18:56:43.687  3223  3223 W ActionsController: 	at android.view.Choreographer.doCallbacks(Choreographer.java:761)
08-28 18:56:43.687  3223  3223 W ActionsController: 	at android.view.Choreographer.doFrame(Choreographer.java:696)
08-28 18:56:43.687  3223  3223 W ActionsController: 	at android.view.Choreographer$FrameDisplayEventReceiver.run(Choreographer.java:935)
08-28 18:56:43.687  3223  3223 W ActionsController: 	at android.os.Handler.handleCallback(Handler.java:873)
08-28 18:56:43.687  3223  3223 W ActionsController: 	at android.os.Handler.dispatchMessage(Handler.java:99)
08-28 18:56:43.687  3223  3223 W ActionsController: 	at android.os.Looper.loop(Looper.java:193)
08-28 18:56:43.687  3223  3223 W ActionsController: 	at android.app.ActivityThread.main(ActivityThread.java:6669)
08-28 18:56:43.687  3223  3223 W ActionsController: 	at java.lang.reflect.Method.invoke(Native Method)
08-28 18:56:43.687  3223  3223 W ActionsController: 	at com.android.internal.os.RuntimeInit$MethodAndArgsCaller.run(RuntimeInit.java:493)
08-28 18:56:43.687  3223  3223 W ActionsController: 	at com.android.internal.os.ZygoteInit.main(ZygoteInit.java:858)
08-28 18:56:43.687  3223  3223 W ActionsController: Caused by: android.os.RemoteException: Remote stack trace:
08-28 18:56:43.687  3223  3223 W ActionsController: 	at com.android.server.content.ContentService.registerContentObserver(ContentService.java:340)
08-28 18:56:43.687  3223  3223 W ActionsController: 	at android.content.IContentService$Stub.onTransact(IContentService.java:76)
08-28 18:56:43.687  3223  3223 W ActionsController: 	at com.android.server.content.ContentService.onTransact(ContentService.java:262)
08-28 18:56:43.687  3223  3223 W ActionsController: 	at android.os.Binder.execTransact(Binder.java:731)
08-28 18:56:43.687  3223  3223 W ActionsController: 
08-28 18:56:43.690  1646  1646 D gralloc_ranchu: gralloc_alloc: Creating ashmem region of size 8192
08-28 18:56:43.693  1646  1693 D gralloc_ranchu: gralloc_alloc: Creating ashmem region of size 8192
08-28 18:56:43.698  2089  2335 D EGL_emulation: eglMakeCurrent: 0xcc57c480: ver 2 0 (tinfo 0xe66f3210)
08-28 18:56:43.721  2079  3330 I chatty  : uid=10014(com.google.android.gms) expire 3 lines
08-28 18:56:43.733  1937  1937 I Telecom : DefaultDialerCache: Refreshing default dialer for user 0: now com.google.android.dialer: DDC.oR@AEk
08-28 18:56:43.733  1937  1937 W Looper  : Slow dispatch took 218ms main h=android.app.ActivityThread$H c=android.app.-$$Lambda$LoadedApk$ReceiverDispatcher$Args$_BumDX2UKsnxLVrE6UJsJZkotuA@7986917 m=0
08-28 18:56:43.742  1937  1937 I Telecom : DefaultDialerCache: Refreshing default dialer for user 0: now com.google.android.dialer: DDC.oR@AEo
08-28 18:56:43.748  3223  3335 D HostConnection: HostConnection::get() New Host Connection established 0xe0daa5a0, tid 3335
08-28 18:56:43.750  3223  3335 D HostConnection: HostComposition ext ANDROID_EMU_CHECKSUM_HELPER_v1 ANDROID_EMU_dma_v1 ANDROID_EMU_YUV420_888_to_NV21 ANDROID_EMU_YUV_Cache ANDROID_EMU_sync_buffer_data GL_OES_vertex_array_object GL_KHR_texture_compression_astc_ldr ANDROID_EMU_host_side_tracing ANDROID_EMU_gles_max_version_2 
08-28 18:56:43.754  1646  1693 D gralloc_ranchu: gralloc_alloc: Creating ashmem region of size 8298496
08-28 18:56:43.755  3223  3335 I ConfigStore: android::hardware::configstore::V1_0::ISurfaceFlingerConfigs::hasWideColorDisplay retrieved: 0
08-28 18:56:43.755  1646  1646 D gralloc_ranchu: gralloc_alloc: Creating ashmem region of size 8298496
08-28 18:56:43.756  3223  3335 I ConfigStore: android::hardware::configstore::V1_0::ISurfaceFlingerConfigs::hasHDRDisplay retrieved: 0
08-28 18:56:43.756  3223  3335 I OpenGLRenderer: Initialized EGL, version 1.4
08-28 18:56:43.756  3223  3335 D OpenGLRenderer: Swap behavior 1
08-28 18:56:43.756  3223  3335 W OpenGLRenderer: Failed to choose config with EGL_SWAP_BEHAVIOR_PRESERVED, retrying without...
08-28 18:56:43.757  3223  3335 D OpenGLRenderer: Swap behavior 0
08-28 18:56:43.768  3223  3335 D eglCodecCommon: setVertexArrayObject: set vao to 0 (0) 0 0
08-28 18:56:43.768  3223  3335 D EGL_emulation: eglCreateContext: 0xe0d85900: maj 2 min 0 rcv 2
08-28 18:56:43.792  1646  1693 D gralloc_ranchu: gralloc_alloc: Creating ashmem region of size 8298496
08-28 18:56:43.798  3223  3335 D EGL_emulation: eglMakeCurrent: 0xe0d85900: ver 2 0 (tinfo 0xe0d83510)
08-28 18:56:43.801  1774  1917 E SurfaceFlinger: ro.sf.lcd_density must be defined as a build property
08-28 18:56:43.818  2823  2852 I ndroid.sdksetu: Waiting for a blocking GC ProfileSaver
08-28 18:56:43.848  3223  3335 D HostConnection: createUnique: call
08-28 18:56:43.849  3223  3335 D HostConnection: HostConnection::get() New Host Connection established 0xe0daa910, tid 3335
08-28 18:56:43.852  3223  3335 D HostConnection: HostComposition ext ANDROID_EMU_CHECKSUM_HELPER_v1 ANDROID_EMU_dma_v1 ANDROID_EMU_YUV420_888_to_NV21 ANDROID_EMU_YUV_Cache ANDROID_EMU_sync_buffer_data GL_OES_vertex_array_object GL_KHR_texture_compression_astc_ldr ANDROID_EMU_host_side_tracing ANDROID_EMU_gles_max_version_2 
08-28 18:56:43.852  3223  3335 E eglCodecCommon: GoldfishAddressSpaceHostMemoryAllocator: ioctl_ping failed for device_type=5, ret=-1
08-28 18:56:43.856  2249  2249 I SetupWizard: [PreDeferredServiceScheduler] Using Wi-Fi
08-28 18:56:43.877  1937  1937 W Looper  : Drained
08-28 18:56:43.882  2249  2249 I SetupWizard: [PreDeferredUpdateService] onCreated called. Dismissing wifi notification and showing prepared notification
08-28 18:56:43.883  1937  2609 W ActivityManager: Background start not allowed: service Intent { act=com.google.firebase.INSTANCE_ID_EVENT pkg=com.google.android.gm cmp=com.google.android.gm/com.google.firebase.iid.FirebaseInstanceIdService (has extras) } to com.google.android.gm/com.google.firebase.iid.FirebaseInstanceIdService from pid=3300 uid=10056 pkg=com.google.android.gm startFg?=false
08-28 18:56:43.887  2392  3078 I chatty  : uid=10014(com.google.android.gms) expire 7 lines
08-28 18:56:43.889  3300  3300 E FirebaseInstanceId: Failed to start service while in background: java.lang.IllegalStateException: Not allowed to start service Intent { act=com.google.firebase.INSTANCE_ID_EVENT pkg=com.google.android.gm cmp=com.google.android.gm/com.google.firebase.iid.FirebaseInstanceIdService (has extras) }: app is in background uid UidRecord{20c08e8 u0a56 LAST idle procs:1 seq(0,0,0)}
08-28 18:56:43.899  3270  3358 I chatty  : uid=10034(com.android.vending) expire 4 lines
08-28 18:56:43.905  2249  2249 I SetupWizard: [PreDeferredUpdateService] Starting gms checkin and updates...
08-28 18:56:43.905  2249  2249 I SetupWizard: [GmsCheckinMonitor] Checking Android ID
08-28 18:56:43.906  2249  2249 I SetupWizard: [PreDeferredUpdateService] Checkin task returned...
08-28 18:56:43.906  2249  2249 I SetupWizard: [GmsCheckinMonitor] Requesting checkin
08-28 18:56:43.918  2845  2863 I putmethod.lati: Waiting for a blocking GC ProfileSaver
08-28 18:56:43.922  2392  3057 I chatty  : uid=10014(com.google.android.gms) expire 15 lines
08-28 18:56:43.924  2089  2335 D EGL_emulation: eglMakeCurrent: 0xcc57c480: ver 2 0 (tinfo 0xe66f3210)
08-28 18:56:43.930  3043  3186 I chatty  : uid=10034(com.android.vending) expire 50 lines
08-28 18:56:43.937  3205  3357 I chatty  : uid=10041(com.google.android.googlequicksearchbox) expire 1 line
08-28 18:56:43.946  3300  3300 W Gmail   : EasBundling:in EasBundling.init, isBundlingEnabled=false
08-28 18:56:43.948  1646  1646 D gralloc_ranchu: gralloc_alloc: Creating ashmem region of size 81920
08-28 18:56:43.960  3223  3335 D EGL_emulation: eglMakeCurrent: 0xe0d85900: ver 2 0 (tinfo 0xe0d83510)
08-28 18:56:43.997  2845  2845 I GoogleInputMethod: onFinishInput() : Dummy InputConnection bound
08-28 18:56:43.998  2845  2845 I GoogleInputMethod: onStartInput() : Dummy InputConnection bound
08-28 18:56:44.006  3223  3266 D LoaderTask: loadWorkspace: loading default favorites
08-28 18:56:44.013  3205  3355 I chatty  : uid=10041(com.google.android.googlequicksearchbox) expire 7 lines
08-28 18:56:44.015  2845  2863 I putmethod.lati: Waiting for a blocking GC ProfileSaver
08-28 18:56:44.030  3270  3366 I chatty  : uid=10034(com.android.vending) expire 2 lines
08-28 18:56:44.171  1774  1917 E SurfaceFlinger: ro.sf.lcd_density must be defined as a build property
08-28 18:56:44.224  3223  3223 D Committer: Committed to new configuration from Phenotype
08-28 18:56:44.237  3043  3173 I chatty  : uid=10034(com.android.vending) expire 3 lines
08-28 18:56:44.238  3043  3187 I chatty  : uid=10034(com.android.vending) expire 3 lines
08-28 18:56:44.242  1774  1774 D SurfaceFlinger: duplicate layer name: changing com.google.android.apps.nexuslauncher/com.google.android.apps.nexuslauncher.NexusLauncherActivity to com.google.android.apps.nexuslauncher/com.google.android.apps.nexuslauncher.NexusLauncherActivity#1
08-28 18:56:44.246  3205  3370 I chatty  : uid=10041(com.google.android.googlequicksearchbox) expire 18 lines
08-28 18:56:44.251  1646  1646 D gralloc_ranchu: gralloc_alloc: Creating ashmem region of size 8298496
08-28 18:56:44.303  1646  1646 D gralloc_ranchu: gralloc_alloc: Creating ashmem region of size 8298496
08-28 18:56:44.308  1646  1693 D gralloc_ranchu: gralloc_alloc: Creating ashmem region of size 8298496
08-28 18:56:44.313  1774  1917 E SurfaceFlinger: ro.sf.lcd_density must be defined as a build property
08-28 18:56:44.349  2845  2863 I putmethod.lati: WaitForGcToComplete blocked ProfileSaver on HeapTrim for 431.463ms
08-28 18:56:44.368  3223  3235 I s.nexuslaunche: NativeAlloc concurrent copying GC freed 36913(4MB) AllocSpace objects, 12(300KB) LOS objects, 49% free, 2MB/5MB, paused 559us total 161.160ms
08-28 18:56:44.406  2845  2845 I FeaturePermissions: onSharedPreferenceChanged() : Key = initial_sim_country : Feature = null
08-28 18:56:44.409  2845  2845 I FeaturePermissions: onSharedPreferenceChanged() : Key = initial_network_country : Feature = null
08-28 18:56:44.414  3270  3367 I chatty  : uid=10034(com.android.vending) expire 1 line
08-28 18:56:44.435  2570  3081 I ContactDirectoryManager: deleted 0 stale rows which don't have any relevant directory
08-28 18:56:44.435  2570  3081 I ContactDirectoryManager: Discovered 0 contact directories in 1396ms
08-28 18:56:44.441  1937  1953 I ActivityManager: Start proc 3392:com.android.providers.calendar/u0a37 for content provider com.android.providers.calendar/.CalendarProvider2
08-28 18:56:44.443  3392  3392 W viders.calenda: Unexpected CPU variant for X86 using defaults: x86
08-28 18:56:44.451  3223  3223 W PhenotypeFlagCommitter: Committing snapshot for com.google.android.apps.nexuslauncher failed, retrying
08-28 18:56:44.462  2570  3081 I ContactsProvider: Locale has changed from null to [en_US]
08-28 18:56:44.469  2570  3081 I ContactsDatabaseHelper: Switching to locale [en_US] (ICU v60.2)
08-28 18:56:44.487  3392  3392 E viders.calenda: Not starting debugger since process cannot load the jdwp agent.
08-28 18:56:44.507  3300  3300 W GAV2    : Thread[main,5,main]: Need to call initialize() and be in fallback mode to start dispatch.
08-28 18:56:44.558  1937  2061 D ActivityManager: Raise procstate to external provider: ProcessRecord{df2f43 3392:com.android.providers.calendar/u0a37}
08-28 18:56:44.586  3392  3392 I viders.calenda: The ClassLoaderContext is a special shared library.
08-28 18:56:44.741  3300  3300 E ogle.android.g: The String#value field is not present on Android versions >= 6.0
08-28 18:56:44.759  3392  3392 I CalendarDatabaseHelper: Bootstrapping database
08-28 18:56:44.762  1937  3218 D ActivityManager: Raise procstate to external provider: ProcessRecord{df2f43 3392:com.android.providers.calendar/u0a37}
08-28 18:56:44.792  2731  3416 I FirebaseCrash: Sending crashes
08-28 18:56:44.792  2593  2604 I chatty  : uid=10014(com.google.android.gms) HeapTaskDaemon expire 7 lines
08-28 18:56:44.795  3300  3300 W Gmail   : Gmail:For b/73513912, load account content://com.android.gmail.ui/account.-2137146394 from MailAppProvider. Is account valid result: 1.
08-28 18:56:44.801  3392  3392 I CalendarProvider2: Created com.android.providers.calendar.CalendarAlarmManager@617bc7b(com.android.providers.calendar.CalendarProvider2@5aaea98)
08-28 18:56:44.836  3300  3300 W Gmail   : Gmail:For b/73513912, load account content://com.google.android.gm.email.provider/account.-437561172?suppress_combined%3Dtrue from MailAppProvider. Is account valid result: 1.
08-28 18:56:44.847  1937  2061 D ActivityManager: Raise procstate to external provider: ProcessRecord{df2f43 3392:com.android.providers.calendar/u0a37}
08-28 18:56:44.853  1937  2609 D ActivityManager: Raise procstate to external provider: ProcessRecord{df2f43 3392:com.android.providers.calendar/u0a37}
08-28 18:56:44.862  1937  2652 D ActivityManager: Raise procstate to external provider: ProcessRecord{df2f43 3392:com.android.providers.calendar/u0a37}
08-28 18:56:44.956  2392  3339 I chatty  : uid=10014(com.google.android.gms) expire 2 lines
08-28 18:56:45.038  2570  3081 I ContactsDatabaseHelper: Locale change completed in 568ms
08-28 18:56:45.038  2570  3081 I ContactsDatabaseHelper: Switching to locale [en_US] (ICU v60.2)
08-28 18:56:45.092  3223  3223 D Committer: Committed to new configuration from Phenotype
08-28 18:56:45.148  3223  3235 I s.nexuslaunche: NativeAlloc concurrent copying GC freed 2674(312KB) AllocSpace objects, 4(144KB) LOS objects, 49% free, 2MB/5MB, paused 1.173ms total 250.280ms
08-28 18:56:45.176  3043  3175 I chatty  : uid=10034(com.android.vending) expire 30 lines
08-28 18:56:45.355  2570  3081 I ContactsDatabaseHelper: Locale change completed in 316ms
08-28 18:56:45.368  1937  1953 I ActivityManager: Start proc 3441:com.google.android.gms.unstable/u0a14 for service com.google.android.gms/.droidguard.DroidGuardService
08-28 18:56:45.372  3441  3441 I chatty  : uid=10014 com.google.android.gms.unstable expire 22 lines
08-28 18:56:45.393  2392  2392 I chatty  : uid=10014(com.google.android.gms) expire 8 lines
08-28 18:56:45.394  3043  3328 I chatty  : uid=10034(com.android.vending) expire 10 lines
08-28 18:56:45.407  2570  3081 I ContactsFTS: Rebuild contact search index in 50ms, 0 contacts
08-28 18:56:45.417  1937  1953 I ActivityManager: Start proc 3454:com.google.android.youtube/u0a69 for service com.google.android.youtube/com.google.android.apps.youtube.app.common.ads.AdIdListenerService
08-28 18:56:45.419  3454  3454 W android.youtub: Unexpected CPU variant for X86 using defaults: x86
08-28 18:56:45.421  2570  3081 I ContactsProvider: Upgrading aggregation algorithm
08-28 18:56:45.428  3454  3454 E android.youtub: Not starting debugger since process cannot load the jdwp agent.
08-28 18:56:45.435  3043  3448 I chatty  : uid=10034(com.android.vending) expire 1 line
08-28 18:56:45.443  2845  2845 I CardViewerHdrQueryView: Query Layout ID = 2130969295
08-28 18:56:45.448  2570  3081 I ContactAggregator: Marked all visible contacts for aggregation: 0 raw contacts, 0 ms
08-28 18:56:45.491  2570  3081 I ContactsProvider: Aggregation algorithm upgraded for 0 raw contacts in 69ms
08-28 18:56:45.500  3454  3454 I android.youtub: The ClassLoaderContext is a special shared library.
08-28 18:56:45.530  3454  3454 I android.youtub: The ClassLoaderContext is a special shared library.
08-28 18:56:45.610  3223  3235 I s.nexuslaunche: NativeAlloc concurrent copying GC freed 6024(482KB) AllocSpace objects, 7(332KB) LOS objects, 49% free, 2MB/5MB, paused 827us total 160.930ms
08-28 18:56:45.613  3205  3215 I chatty  : uid=10041(com.google.android.googlequicksearchbox) expire 11 lines
08-28 18:56:45.631  3223  3223 W PhenotypeFlagCommitter: Committing snapshot for com.google.android.apps.nexuslauncher failed, retrying
08-28 18:56:45.667  2079  2851 I chatty  : uid=10014(com.google.android.gms) expire 10 lines
08-28 18:56:45.807  3205  3348 I chatty  : uid=10041(com.google.android.googlequicksearchbox) expire 10 lines
08-28 18:56:45.821  2392  2585 I chatty  : uid=10014(com.google.android.gms) expire 2 lines
08-28 18:56:45.847  3454  3493 W YouTube : Fetching the Gservices key 'failsafe_clear_cache_release_13_02' before the end of the bulk initialization
08-28 18:56:45.931  1937  2653 W ActivityManager: Unable to start service Intent { cmp=com.google.android.gm/com.android.email.service.AttachmentService } U=0: not found
08-28 18:56:45.981  2845  2845 D OpenGLRenderer: HWUI GL Pipeline
08-28 18:56:46.098  3270  3329 I chatty  : uid=10034(com.android.vending) expire 2 lines
08-28 18:56:46.153  3205  3321 I chatty  : uid=10041(com.google.android.googlequicksearchbox) expire 18 lines
08-28 18:56:46.181  2079  3145 I chatty  : uid=10014(com.google.android.gms) expire 20 lines
08-28 18:56:46.185  1937  2653 W BroadcastQueue: Background execution not allowed: receiving Intent { act=android.intent.action.DROPBOX_ENTRY_ADDED flg=0x10 (has extras) } to com.google.android.gms/.stats.service.DropBoxEntryAddedReceiver
08-28 18:56:46.187  1937  1951 W BroadcastQueue: Background execution not allowed: receiving Intent { act=android.intent.action.DROPBOX_ENTRY_ADDED flg=0x10 (has extras) } to com.google.android.gms/.chimera.GmsIntentOperationService$PersistentTrustedReceiver
08-28 18:56:46.187  1937  1951 W BroadcastQueue: Background execution not allowed: receiving Intent { act=android.intent.action.DROPBOX_ENTRY_ADDED flg=0x10 (has extras) } to com.google.android.gms/.stats.service.DropBoxEntryAddedReceiver
08-28 18:56:46.187  1937  1951 W BroadcastQueue: Background execution not allowed: receiving Intent { act=android.intent.action.DROPBOX_ENTRY_ADDED flg=0x10 (has extras) } to com.google.android.gms/.chimera.GmsIntentOperationService$PersistentTrustedReceiver
08-28 18:56:46.206  1937  1953 I ActivityManager: Start proc 3525:com.google.android.apps.messaging/u0a85 for broadcast com.google.android.apps.messaging/.shared.receiver.DefaultSmsPackageChangedReceiver
08-28 18:56:46.232  3223  3223 D Committer: Committed to new configuration from Phenotype
08-28 18:56:46.237  3525  3525 I chatty  : uid=10085(com.google.android.apps.messaging) expire 148 lines
08-28 18:56:46.301  2845  3042 I putmethod.lati: IncrementDisableThreadFlip blocked for 62.332ms
08-28 18:56:46.340  2079  2924 I chatty  : uid=10014(com.google.android.gms) expire 10 lines
08-28 18:56:46.343  3223  3223 D Committer: Commit finished, result:false
08-28 18:56:46.508  3223  3320 W QsbUiManager: Doodle is not valid.
08-28 18:56:46.508  3223  3320 W QsbUiManager: Doodle bitmap is not valid.
08-28 18:56:46.546  2731  2837 E FirebaseInstanceId: Token retrieval failed: AUTHENTICATION_FAILED
08-28 18:56:46.653  3205  3468 I chatty  : uid=10041(com.google.android.googlequicksearchbox) expire 10 lines
08-28 18:56:46.673  3454  3490 I android.youtub: The ClassLoaderContext is a special shared library.
08-28 18:56:46.701  3454  3490 I android.youtub: The ClassLoaderContext is a special shared library.
08-28 18:56:46.728  3525  3568 I chatty  : uid=10085(com.google.android.apps.messaging) expire 17 lines
08-28 18:56:46.728  3441  3452 I chatty  : uid=10014 com.google.android.gms.unstable expire 6 lines
08-28 18:56:46.767  1937  2981 D ActivityManager: Raise procstate to external provider: ProcessRecord{df2f43 3392:com.android.providers.calendar/u0a37}
08-28 18:56:46.779  2079  3515 I chatty  : uid=10014(com.google.android.gms) expire 5 lines
08-28 18:56:46.767  1937  2981 D ActivityManager: Raise procstate to external provider: ProcessRecord{df2f43 3392:com.android.providers.calendar/u0a37}
08-28 18:56:46.794  3223  3266 E ActivityThread: Failed to find provider info for com.google.android.as.allapps.actionsettingprovider
08-28 18:56:46.794  3223  3266 E ActionsController: write setting failed
08-28 18:56:46.794  3223  3266 E ActionsController: java.lang.IllegalArgumentException: Unknown URL content://com.google.android.as.allapps.actionsettingprovider
08-28 18:56:46.794  3223  3266 E ActionsController: 	at android.content.ContentResolver.insert(ContentResolver.java:1583)
08-28 18:56:46.794  3223  3266 E ActionsController: 	at com.google.android.apps.nexuslauncher.allapps.d.handleMessage(SourceFile:268)
08-28 18:56:46.794  3223  3266 E ActionsController: 	at android.os.Handler.dispatchMessage(Handler.java:102)
08-28 18:56:46.794  3223  3266 E ActionsController: 	at android.os.Looper.loop(Looper.java:193)
08-28 18:56:46.794  3223  3266 E ActionsController: 	at android.os.HandlerThread.run(HandlerThread.java:65)
08-28 18:56:46.807  3454  3491 W YouTube : ECatcher disabled: level: ERROR, category: logging, message: Failed delayed event dispatch, no dispatchers.
08-28 18:56:46.807  3454  3491 W YouTube : java.lang.Exception
08-28 18:56:46.807  3454  3491 W YouTube : 	at aawn.a(SourceFile:3)
08-28 18:56:46.807  3454  3491 W YouTube : 	at aaul.c(SourceFile:97)
08-28 18:56:46.807  3454  3491 W YouTube : 	at aaut.run(Unknown Source:2)
08-28 18:56:46.807  3454  3491 W YouTube : 	at java.util.concurrent.Executors$RunnableAdapter.call(Executors.java:458)
08-28 18:56:46.807  3454  3491 W YouTube : 	at java.util.concurrent.FutureTask.run(FutureTask.java:266)
08-28 18:56:46.807  3454  3491 W YouTube : 	at java.util.concurrent.ScheduledThreadPoolExecutor$ScheduledFutureTask.run(ScheduledThreadPoolExecutor.java:301)
08-28 18:56:46.807  3454  3491 W YouTube : 	at java.util.concurrent.ThreadPoolExecutor.runWorker(ThreadPoolExecutor.java:1167)
08-28 18:56:46.807  3454  3491 W YouTube : 	at java.util.concurrent.ThreadPoolExecutor$Worker.run(ThreadPoolExecutor.java:641)
08-28 18:56:46.807  3454  3491 W YouTube : 	at tgf.run(SourceFile:24)
08-28 18:56:46.807  3454  3491 W YouTube : 	at java.lang.Thread.run(Thread.java:764)
08-28 18:56:46.917  3525  3592 I chatty  : uid=10085(com.google.android.apps.messaging) expire 16 lines
08-28 18:56:46.954  2079  3597 I chatty  : uid=10014(com.google.android.gms) expire 7 lines
08-28 18:56:46.976  3205  3479 I chatty  : uid=10041(com.google.android.googlequicksearchbox) expire 25 lines
08-28 18:56:47.022  3205  3558 I chatty  : uid=10041(com.google.android.googlequicksearchbox) expire 10 lines
08-28 18:56:47.038  3205  3315 I chatty  : uid=10041(com.google.android.googlequicksearchbox) expire 22 lines
08-28 18:56:47.055  3454  3490 I android.youtub: The ClassLoaderContext is a special shared library.
08-28 18:56:47.092  3525  3598 I chatty  : uid=10085(com.google.android.apps.messaging) expire 11 lines
08-28 18:56:47.120  1937  2609 W ActivityManager: Background start not allowed: service Intent { cmp=com.google.android.apps.messaging/.shared.datamodel.action.ActionExecutorImpl$EmptyService } to com.google.android.apps.messaging/.shared.datamodel.action.ActionExecutorImpl$EmptyService from pid=3525 uid=10085 pkg=com.google.android.apps.messaging startFg?=false
08-28 18:56:47.133  3525  3602 I chatty  : uid=10085(com.google.android.apps.messaging) ActionThread expire 19 lines
08-28 18:56:47.148  3205  3496 I chatty  : uid=10041(com.google.android.googlequicksearchbox) expire 7 lines
08-28 18:56:47.171  3205  3474 I chatty  : uid=10041(com.google.android.googlequicksearchbox) expire 22 lines
08-28 18:56:47.174  1654  3229 E         : Request requires android.permission.RECORD_AUDIO
08-28 18:56:47.174  1654  3229 E AudioPolicyIntefaceImpl: getInputForAttr permission denied: recording not allowed for uid 10041 pid 3205
08-28 18:56:47.174  1654  3229 E AudioFlinger: createRecord() checkRecordThread_l failed
08-28 18:56:47.199  3205  3474 E ActivityThread: Failed to find provider info for com.google.android.apps.gsa.testing.ui.audio.recorded
08-28 18:56:47.316  1937  2465 W ActivityManager: Background start not allowed: service Intent { act=com.google.firebase.INSTANCE_ID_EVENT pkg=com.google.android.apps.messaging cmp=com.google.android.apps.messaging/com.google.firebase.iid.FirebaseInstanceIdService (has extras) } to com.google.android.apps.messaging/com.google.firebase.iid.FirebaseInstanceIdService from pid=3525 uid=10085 pkg=com.google.android.apps.messaging startFg?=false
08-28 18:56:47.403  3205  3511 I chatty  : uid=10041(com.google.android.googlequicksearchbox) expire 15 lines
08-28 18:56:47.423  3525  3603 I chatty  : uid=10085(com.google.android.apps.messaging) BackgroundThrea expire 11 lines
08-28 18:56:47.498  3300  3413 W ogle.android.g: Verification of java.lang.String inq.a(java.lang.Object) took 139.005ms
08-28 18:56:47.517  1937  2465 W ActivityManager: Background start not allowed: service Intent { cmp=com.google.android.apps.messaging/.shared.datamodel.action.ActionExecutorImpl$EmptyService } to com.google.android.apps.messaging/.shared.datamodel.action.ActionExecutorImpl$EmptyService from pid=3525 uid=10085 pkg=com.google.android.apps.messaging startFg?=false
08-28 18:56:47.541  2542  2542 I Dialer  : VvmTaskReceiver - task received
08-28 18:56:47.541  2542  2542 I Dialer  : VvmTaskReceiver - scheduling new job
08-28 18:56:47.547  2542  2542 I Dialer  : TaskSchedulerJobService - scheduling job with 1 tasks
08-28 18:56:47.551  2542  2542 I Dialer  : TaskSchedulerJobService - running job instantly.
08-28 18:56:47.558  2079  2590 I chatty  : uid=10014(com.google.android.gms) expire 2 lines
08-28 18:56:47.564  2542  2542 I Dialer  : TaskSchedulerJobService - job 0 scheduled
08-28 18:56:47.574  2542  2542 I Dialer  : TaskSchedulerJobService - starting 0
08-28 18:56:47.574  1937  2653 W BroadcastQueue: Permission Denial: broadcasting Intent { act=com.google.android.gsf.settings.GoogleLocationSettings.UPDATE_LOCATION_SETTINGS flg=0x10 } from com.google.android.sdksetup (pid=2692, uid=10022) is not exported from uid 10014 due to receiver com.google.android.gms/.chimera.GmsIntentOperationService$PersistentInternalReceiver
08-28 18:56:47.575  1937  1951 W BroadcastQueue: Background execution not allowed: receiving Intent { act=com.google.android.gsf.settings.GoogleLocationSettings.UPDATE_LOCATION_SETTINGS flg=0x10 } to com.google.android.gsf/.settings.GoogleLocationSettings$LocationSettingsChangedListener
08-28 18:56:47.608  2542  2542 I Dialer  : VvmTaskExecutor - onStartJob
08-28 18:56:47.608  2542  2542 I Dialer  : Task.createTask - create task:com.android.voicemail.impl.ActivationTask
08-28 18:56:47.609  2542  3630 I Dialer  : VvmTaskExecutor - executing task com.android.voicemail.impl.ActivationTask@5ea69e0
08-28 18:56:47.611  2542  3630 I Dialer  : PreOMigrationHandler - migrating ComponentInfo{com.android.phone/com.android.services.telephony.TelephonyConnectionService}, ***, UserHandle{0}
08-28 18:56:47.611  2542  3630 I Dialer  : PreOMigrationHandler.migrateSettings - migrating settings
