08-28 18:56:36.996  2079  2079 E ActivityThread: Failed to find provider info for com.google.android.gsf.gservices
08-28 18:56:36.996  2542  2542 E ActivityThread: Failed to find provider info for com.google.android.gsf.gservices
08-28 18:56:36.997  2079  2079 E ActivityThread: Failed to find provider info for com.google.android.gsf.gservices
08-28 18:56:36.997  2079  2079 E ActivityThread: Failed to find provider info for com.google.android.gsf.gservices
08-28 18:56:36.998  2542  2542 E ActivityThread: Failed to find provider info for com.google.android.gsf.gservices
08-28 18:56:36.998  2079  2079 E ActivityThread: Failed to find provider info for com.google.android.gsf.gservices
08-28 18:56:37.010  2542  2542 I Dialer  : LegacyVoicemailNotificationReceiver.onReceive - received legacy voicemail notification
08-28 18:56:37.011  2542  2542 I Dialer  : LegacyVoicemailNotificationReceiver.onReceive - isRefresh: false
08-28 18:56:36.999  2079  2079 I chatty  : uid=10014(com.google.android.gms) identical 1 line
08-28 18:56:36.999  2079  2079 E ActivityThread: Failed to find provider info for com.google.android.gsf.gservices
08-28 18:56:37.015  1937  2025 I Telecom : PhoneAccountRegistrar: Modify account: [ComponentInfo{com.android.phone/com.android.services.telephony.TelephonyConnectionService}, ***, UserHandle{0}]: TSI.rPA@ADA
08-28 18:56:37.021  2199  2471 D IccSmsInterfaceManager: [IccSmsInterfaceManager] Failed to add cdma broadcast subscription for MID range 4096 to 4096 from client com.android.cellbroadcastreceiver
08-28 18:56:37.021  2199  2199 D CarrierConfigLoader: Connected to config app: com.android.carrierconfig/com.android.carrierconfig.DefaultCarrierConfigService
08-28 18:56:37.026  2542  2542 I Dialer  : LegacyVoicemailNotificationReceiver.onReceive - clearing notification
08-28 18:56:37.026  2542  2542 I Dialer  : LegacyVoicemailNotifier.cancelNotification - enter
08-28 18:56:37.027  2199  2199 D CarrierConfigLoader: mHandler: 3 phoneId: 0
08-28 18:56:37.028  2528  2556 D DefaultCarrierConfigService: Config being fetched
08-28 18:56:37.030  2542  2542 I Dialer  : Flags.register - phenotype register status: false
08-28 18:56:37.031  2199  2471 D IccSmsInterfaceManager: [IccSmsInterfaceManager] Calling setGsmBroadcastConfig with 1 configurations
08-28 18:56:37.038  2199  2199 D CarrierConfigLoader: mHandler: 5 phoneId: 0
08-28 18:56:37.048  2542  2542 I Dialer  : LegacyVoicemailNotificationReceiver.onReceive - received legacy voicemail notification
08-28 18:56:37.048  2542  2542 I Dialer  : LegacyVoicemailNotificationReceiver.onReceive - isRefresh: true
08-28 18:56:37.049  2542  2542 I Dialer  : LegacyVoicemailNotificationReceiver.onReceive - clearing notification
08-28 18:56:37.049  2542  2542 I Dialer  : LegacyVoicemailNotifier.cancelNotification - enter
08-28 18:56:37.055  2079  2114 E ActivityThread: Failed to find provider info for com.google.android.gsf.gservices
08-28 18:56:37.062  2199  2471 D IccSmsInterfaceManager: [IccSmsInterfaceManager] Failed to add GSM cell broadcast subscription for MID range 4383 to 4383 from client com.android.cellbroadcastreceiver
08-28 18:56:37.063  2199  2199 I ImsResolver: Received Carrier Config Changed for SlotId: 0
08-28 18:56:37.065  2466  2466 D CellBroadcastReceiver: onReceive Intent { act=android.telephony.action.CARRIER_CONFIG_CHANGED flg=0x5000010 cmp=com.android.cellbroadcastreceiver/.CellBroadcastReceiver (has extras) }
08-28 18:56:37.066  2199  2199 I ImsResolver: Carrier Config updated, binding new ImsService
08-28 18:56:37.066  2199  2514 I CarrierInfoManager: using values for mnc, mcc: 260,310
08-28 18:56:37.069  2199  2220 D IccSmsInterfaceManager: [IccSmsInterfaceManager] Calling setGsmBroadcastConfig with 1 configurations
08-28 18:56:37.082  2199  2514 D CarrierInfoManager: No rows found for keyType: 2
08-28 18:56:37.085  2466  2466 D CellBroadcastReceiver: Start Cell Broadcast configuration.
08-28 18:56:37.088  2466  2466 D CellBroadcastReceiver: Default interval 0 did not change.
08-28 18:56:37.061  2079  2114 E ActivityThread: Failed to find provider info for com.google.android.gsf.gservices
08-28 18:56:37.098  1937  1937 I Telecom : PhoneAccountRegistrar: SimCallManager queried, returning: null: TSI.gSCMFU@ADE
08-28 18:56:37.109  2570  2570 W d.process.acor: Unexpected CPU variant for X86 using defaults: x86
08-28 18:56:37.109  2570  2570 E d.process.acor: Not starting debugger since process cannot load the jdwp agent.
08-28 18:56:37.112  1937  1953 I ActivityManager: Start proc 2570:android.process.acore/u0a13 for content provider com.android.providers.blockednumber/.BlockedNumberProvider
08-28 18:56:37.128  2199  2199 D CarrierKeyDownloadManager: Carrier Config changed: android.telephony.action.CARRIER_CONFIG_CHANGED
08-28 18:56:37.133  2199  2199 D CarrierKeyDownloadManager: Carrier not enabled or invalid values
08-28 18:56:37.133  2199  2199 D CarrierKeyDownloadManager: Cleaning up existing renewal alarms
08-28 18:56:37.134  2392  2444 E ActivityThread: Failed to find provider info for com.google.android.gsf.gservices
08-28 18:56:37.143  2392  2585 E ActivityThread: Failed to find provider info for com.google.android.gsf.gservices
08-28 18:56:37.146  2570  2570 I d.process.acor: The ClassLoaderContext is a special shared library.
08-28 18:56:37.145  2392  2585 E ActivityThread: Failed to find provider info for com.google.android.gsf.gservices
08-28 18:56:37.147  2392  2444 E ActivityThread: Failed to find provider info for com.google.android.gsf.gservices
08-28 18:56:37.158  2570  2570 I d.process.acor: The ClassLoaderContext is a special shared library.
08-28 18:56:37.168  2079  2114 I chatty  : uid=10014(com.google.android.gms) expire 5 lines
08-28 18:56:37.176  2199  2220 D IccSmsInterfaceManager: [IccSmsInterfaceManager] Failed to add GSM cell broadcast subscription for MID range 4371 to 4372 from client com.android.cellbroadcastreceiver
08-28 18:56:37.176  2199  2199 D OtaspSimStateReceiver: Received intent: android.telephony.action.CARRIER_CONFIG_CHANGED
08-28 18:56:37.188  2199  2220 D IccSmsInterfaceManager: [IccSmsInterfaceManager] Calling setCdmaBroadcastConfig with 1 configurations
08-28 18:56:37.189  2199  2199 D OtaspSimStateReceiver: otasp activation not needed: no supported carrier
08-28 18:56:37.156  2392  2444 I chatty  : uid=10014(com.google.android.gms) identical 3 lines
08-28 18:56:37.157  2392  2444 E ActivityThread: Failed to find provider info for com.google.android.gsf.gservices
08-28 18:56:37.195  2079  2114 E ActivityThread: Failed to find provider info for com.google.android.gsf.gservices
08-28 18:56:37.218  2079  2114 I chatty  : uid=10014(com.google.android.gms) identical 2 lines
08-28 18:56:37.222  2079  2114 E ActivityThread: Failed to find provider info for com.google.android.gsf.gservices
08-28 18:56:37.236  1937  1937 W Looper  : Slow dispatch took 137ms main h=android.app.ActivityThread$H c=android.app.-$$Lambda$LoadedApk$ReceiverDispatcher$Args$_BumDX2UKsnxLVrE6UJsJZkotuA@f361725 m=0
08-28 18:56:37.239  2079  2114 E ActivityThread: Failed to find provider info for com.google.android.gsf.gservices
08-28 18:56:37.241  2199  2220 D IccSmsInterfaceManager: [IccSmsInterfaceManager] Failed to add cdma broadcast subscription for MID range 4097 to 4097 from client com.android.cellbroadcastreceiver
08-28 18:56:37.241  2199  2199 I VvmSimStateTracker: android.telephony.action.CARRIER_CONFIG_CHANGED
08-28 18:56:37.244  2199  2220 D IccSmsInterfaceManager: [IccSmsInterfaceManager] Calling setGsmBroadcastConfig with 1 configurations
08-28 18:56:37.245  2199  2199 I VvmSimStateTracker: Service connected on ComponentInfo{com.android.phone/com.android.services.telephony.TelephonyConnectionService}, ***, UserHandle{0}
08-28 18:56:37.253  2079  2114 E ActivityThread: Failed to find provider info for com.google.android.gsf.gservices
08-28 18:56:37.255  2199  2199 I TelecomFramework: PstnIncomingCallNotifier: Unregistering: Handler (com.android.internal.telephony.GsmCdmaPhone) {9d2de88}
08-28 18:56:37.261  1937  1957 V PackageManager: reconcileAppsData finished 109 packages
08-28 18:56:37.261  1937  1957 I ActivityManager: User 0 state changed from RUNNING_LOCKED to RUNNING_UNLOCKING
08-28 18:56:37.261  1937  1957 D ActivityManager: Unlocking user 0 progress 20
08-28 18:56:37.261  1937  1957 W Looper  : Slow dispatch took 891ms android.fg h=android.os.Handler c=com.android.server.am.-$$Lambda$UserController$o6oQFjGYYIfx-I94cSakTLPLt6s@e52b108 m=0
08-28 18:56:37.261  1937  1957 W Looper  : Slow delivery took 891ms android.fg h=com.android.server.usb.UsbDebuggingManager$UsbDebuggingHandler c=null m=2
08-28 18:56:37.261  1937  1951 I SystemServiceManager: Calling onUnlockUser u0
08-28 18:56:37.263  1937  1951 D StorageManagerService: onUnlockUser 0
08-28 18:56:37.263  1937  1957 W Looper  : Drained
08-28 18:56:37.268  1937  2009 D StorageManagerService: Volume public:253,80 broadcasting mounted to UserHandle{0}
08-28 18:56:37.269  1937  2009 D StorageManagerService: Volume emulated broadcasting mounted to UserHandle{0}
08-28 18:56:37.280  2089  2089 I vol.Events: writeEvent dismiss_dialog timeout
08-28 18:56:37.287  1937  2591 V BackupManagerService: Starting with transport com.google.android.gms/.backup.BackupTransportService
08-28 18:56:37.295  1937  1947 I Telecom : PhoneAccountRegistrar: Modify account: [ComponentInfo{com.android.phone/com.android.services.telephony.TelephonyConnectionService}, ***, UserHandle{0}]: TSI.rPA@ADM
08-28 18:56:37.296  2199  2199 I TelecomFramework: AccountEntry: Registered phoneAccount: [[ ] PhoneAccount: ComponentInfo{com.android.phone/com.android.services.telephony.TelephonyConnectionService}, ***, UserHandle{0} Capabilities: CallProvider MultiUser PlaceEmerg SimSub  Audio Routes: BESW Schemes: tel voicemail  Extras: Bundle[{android.telecom.extra.SUPPORTS_VIDEO_CALLING_FALLBACK=true}] GroupId: ***] with handle: ComponentInfo{com.android.phone/com.android.services.telephony.TelephonyConnectionService}, ***, UserHandle{0}
08-28 18:56:37.296  2199  2199 I TelecomFramework: PstnIncomingCallNotifier: Registering: Handler (com.android.internal.telephony.GsmCdmaPhone) {9d2de88}
08-28 18:56:37.299  2199  2199 D CallNotifier: updatePhoneStateListeners: update CF notifications.
08-28 18:56:37.299  2199  2199 I NotificationMgr: updateCfi: subId= 1, visible=N
08-28 18:56:37.299  2199  2199 I NotificationMgr: updateMwi(): subId 1 update to false
08-28 18:56:37.300  1937  1951 E AutofillManagerServiceImpl: Bad AutofillService name: com.google.android.gms/.autofill.service.AutofillService
08-28 18:56:37.300  1937  1951 E AutofillManagerServiceImpl: Bad AutofillService name: com.google.android.gms/.autofill.service.AutofillService
08-28 18:56:37.300  1937  1951 I ActivityManager: User 0 state changed from RUNNING_UNLOCKING to RUNNING_UNLOCKED
08-28 18:56:37.300  1937  1951 D SystemServerTiming: SystemUserUnlock took to complete: 962ms
08-28 18:56:37.312  1937  1951 I chatty  : uid=1000(system) ActivityManager expire 91 lines
08-28 18:56:37.332  1937  1937 W InputMethodManagerService: Illegal subtype state: old subtype = null, new subtype = android.view.inputmethod.InputMethodSubtype@70bfcd7e
08-28 18:56:37.340  2593  2593 I chatty  : uid=10014(com.google.android.gms) com.google.process.gservices expire 6 lines
08-28 18:56:37.388  2063  2063 I InputContentProvider: Created InputContentProvider: exported=[false]
08-28 18:56:37.388  1937  1953 W ActivityManager: Slow operation: 92ms so far, now at startProcess: done updating battery stats
08-28 18:56:37.388  1937  1953 W ActivityManager: Slow operation: 92ms so far, now at startProcess: building log message
08-28 18:56:37.388  1937  1953 I ActivityManager: Start proc 2593:com.google.process.gservices/u0a14 for content provider com.google.android.gsf/.gservices.GservicesProvider
08-28 18:56:37.389  1937  1953 W ActivityManager: Slow operation: 92ms so far, now at startProcess: starting to update pids map
08-28 18:56:37.389  1937  1953 W ActivityManager: Slow operation: 93ms so far, now at startProcess: done updating pids map
08-28 18:56:37.389  1937  1953 W ActivityManager: Slow operation: 91ms so far, now at startProcess: asking zygote to start proc
08-28 18:56:37.396  1937  1951 I PreBootBroadcaster: Pre-boot of {com.android.managedprovisioning/com.android.managedprovisioning.ota.PreBootListener} for user 0
08-28 18:56:37.403  1937  1937 V SettingsProvider: Notifying for 0: content://settings/secure/selected_spell_checker
08-28 18:56:37.404  1937  1937 V SettingsProvider: Notifying for 0: content://settings/secure/selected_spell_checker_subtype
08-28 18:56:37.415  2199  2220 D IccSmsInterfaceManager: [IccSmsInterfaceManager] Failed to add GSM cell broadcast subscription for MID range 4384 to 4385 from client com.android.cellbroadcastreceiver
08-28 18:56:37.415  2613  2613 W hbox:interacto: Unexpected CPU variant for X86 using defaults: x86
08-28 18:56:37.417  2542  2542 I Dialer  : LegacyVoicemailNotificationReceiver.onReceive - received legacy voicemail notification
08-28 18:56:37.417  2542  2542 I Dialer  : LegacyVoicemailNotificationReceiver.onReceive - isRefresh: true
08-28 18:56:37.417  2542  2542 I Dialer  : LegacyVoicemailNotificationReceiver.onReceive - clearing notification
08-28 18:56:37.417  2542  2542 I Dialer  : LegacyVoicemailNotifier.cancelNotification - enter
08-28 18:56:37.419  1937  1937 V SettingsProvider: Notifying for 0: content://settings/secure/input_methods_subtype_history
08-28 18:56:37.419  2613  2613 E hbox:interacto: Not starting debugger since process cannot load the jdwp agent.
08-28 18:56:37.420  1937  1937 V SettingsProvider: Notifying for 0: content://settings/secure/selected_input_method_subtype
08-28 18:56:37.421  2308  2308 D FallbackHome: User unlocked and real home found; let's go!
08-28 18:56:37.426  2199  2231 D IccSmsInterfaceManager: [IccSmsInterfaceManager] Calling setGsmBroadcastConfig with 1 configurations
08-28 18:56:37.427  1937  1937 V SettingsProvider: Notifying for 0: content://settings/secure/default_input_method
08-28 18:56:37.434  1937  2609 W ActivityManager: Slow operation: 135ms so far, now at startProcess: done updating battery stats
08-28 18:56:37.434  1937  2609 W ActivityManager: Slow operation: 135ms so far, now at startProcess: building log message
08-28 18:56:37.434  1937  2609 I ActivityManager: Start proc 2613:com.google.android.googlequicksearchbox:interactor/u0a41 for service com.google.android.googlequicksearchbox/com.google.android.voiceinteraction.GsaVoiceInteractionService
08-28 18:56:37.434  1937  2609 W ActivityManager: Slow operation: 135ms so far, now at startProcess: starting to update pids map
08-28 18:56:37.434  1937  2609 W ActivityManager: Slow operation: 136ms so far, now at startProcess: done updating pids map
08-28 18:56:37.441  1937  2592 I chatty  : uid=1000 system_server expire 74 lines
08-28 18:56:37.444  1937  1957 W AppWidgetServiceImpl: Failed to read state: java.io.FileNotFoundException: /data/system/users/0/appwidgets.xml (No such file or directory)
08-28 18:56:37.445  1937  1957 V AppWidgetServiceImpl: Upgrading widget database from 0 to 1
08-28 18:56:37.445  1937  1957 I AppWidgetServiceImpl: Async processing of onUserUnlocked u0 took 158 ms
08-28 18:56:37.445  1937  1957 W Looper  : Slow dispatch took 158ms android.fg h=android.os.Handler c=com.android.server.appwidget.-$$Lambda$AppWidgetService$HIwvoPMyKqEhLVIiysgUKH8QJg8@f11155f m=0
08-28 18:56:37.448  1937  1953 W ActivityManager: Slow operation: 150ms so far, now at startProcess: returned from zygote!
08-28 18:56:37.449  1937  1937 V SettingsProvider: Notifying for 0: content://settings/secure/enabled_input_methods
08-28 18:56:37.452  2199  2199 I RemoteVvmTaskManager: Binding to ComponentInfo{com.google.android.dialer/com.android.voicemail.impl.OmtpService}
08-28 18:56:37.470  1937  2025 I ActivityManager: START u0 {act=android.intent.action.MAIN cat=[android.intent.category.HOME] flg=0x10000100 cmp=com.google.android.sdksetup/.DefaultActivity} from uid 0
08-28 18:56:37.474  2613  2613 I hbox:interacto: The ClassLoaderContext is a special shared library.
08-28 18:56:37.479  1937  2591 I chatty  : uid=1000(system) backup expire 3 lines
08-28 18:56:37.483  2613  2613 I hbox:interacto: The ClassLoaderContext is a special shared library.
08-28 18:56:37.498  2063  2063 I TransientFileCleaner: Deleting 0 files
08-28 18:56:37.505  1937  2591 E BackupPasswordManager: Unable to read backup pw version
08-28 18:56:37.505  1937  2591 E BackupPasswordManager: Unable to read saved backup pw hash
08-28 18:56:37.509  1937  1988 I chatty  : uid=1000(system) android.anim expire 5 lines
08-28 18:56:37.515  2063  2063 I FeaturePermissions: onSharedPreferenceChanged() : Key = pref_key_should_reset_suggestions_pref : Feature = null
08-28 18:56:37.522  2613  2613 I InteractorInitializer: Initialized process com.google.android.googlequicksearchbox:interactor
08-28 18:56:37.524  1937  1957 I ActivityManager: Loading recents for user 0 into memory.
08-28 18:56:37.546  2199  2199 I ImsExternalCallTracker: handleVideoCapabilitiesChanged : isVideoCapable = false
08-28 18:56:37.546  2199  2199 D ImsExternalCallTracker: refreshCallPullState
08-28 18:56:37.546  2199  2199 I TelecomFramework: PstnPhoneCapabilitiesNotifier: handleVideoCapabilitesChanged. Video capability - false
08-28 18:56:37.592  1937  1953 W ActivityManager: Slow operation: 291ms so far, now at startProcess: asking zygote to start proc
08-28 18:56:37.604  1937  1953 W ActivityManager: Slow operation: 303ms so far, now at startProcess: returned from zygote!
08-28 18:56:37.604  2636  2636 W com.android.se: Unexpected CPU variant for X86 using defaults: x86
08-28 18:56:37.608  2636  2636 E com.android.se: Not starting debugger since process cannot load the jdwp agent.
08-28 18:56:37.610  1937  2608 I Telecom : PhoneAccountRegistrar: Modify account: [ComponentInfo{com.android.phone/com.android.services.telephony.TelephonyConnectionService}, ***, UserHandle{0}]: TSI.rPA@AD0
08-28 18:56:37.618  2199  2199 D CarrierSvcBindHelper: Received android.intent.action.USER_UNLOCKED
08-28 18:56:37.642  2063  2063 I FeaturePermissions: onSharedPreferenceChanged() : Key = show_launcher_icon : Feature = null
08-28 18:56:37.642  2063  2063 I LauncherIconVisibility: doUpdate() : Visible = false
08-28 18:56:37.648  2199  2199 D CarrierSvcBindHelper: No carrier app for: 0
08-28 18:56:37.648  2199  2199 D IntentBroadcaster: Rebroadcasting intent android.intent.action.SIM_STATE_CHANGED LOADED for slotId 0
08-28 18:56:37.659  1937  1937 V SettingsProvider: Notifying for 0: content://settings/secure/enabled_input_methods
08-28 18:56:37.659  1937  1937 W Looper  : Slow dispatch took 210ms main h=com.android.providers.settings.SettingsProvider$SettingsRegistry$MyHandler c=null m=1
08-28 18:56:37.659  1937  1937 W Looper  : Slow delivery took 328ms main h=com.android.providers.settings.SettingsProvider$SettingsRegistry$MyHandler c=null m=2
08-28 18:56:37.661  1937  1953 W ActivityManager: Slow operation: 360ms so far, now at startProcess: done updating battery stats
08-28 18:56:37.661  1937  1953 W ActivityManager: Slow operation: 360ms so far, now at startProcess: building log message
08-28 18:56:37.661  1937  1953 I ActivityManager: Start proc 2636:com.android.se/1068 for added application com.android.se
08-28 18:56:37.661  1937  1953 W ActivityManager: Slow operation: 360ms so far, now at startProcess: starting to update pids map
08-28 18:56:37.661  1937  1953 W ActivityManager: Slow operation: 360ms so far, now at startProcess: done updating pids map
08-28 18:56:37.664  1937  1952 W Looper  : Slow dispatch took 218ms android.ui h=com.android.server.policy.PhoneWindowManager$PolicyHandler c=android.database.ContentObserver$NotificationRunnable@e4de62f m=0
08-28 18:56:37.664  1937  1952 W Looper  : Slow delivery took 234ms android.ui h=com.android.server.policy.PhoneWindowManager$PolicyHandler c=com.android.server.policy.PhoneWindowManager$20@aa7843c m=0
08-28 18:56:37.665  1937  1953 W ActivityManager: Slow operation: 255ms so far, now at startProcess: asking zygote to start proc
08-28 18:56:37.668  2063  2063 I CrashDetection: App upgrade detected, clearing counters
08-28 18:56:37.684  1646  1693 D gralloc_ranchu: gralloc_alloc: Creating ashmem region of size 8298496
08-28 18:56:37.689  1937  1966 I ActivityManager: Killing 2063:com.google.android.inputmethod.latin/u0a72 (adj 200): change com.google.android.inputmethod.latin
08-28 18:56:37.690  1937  1966 W ActivityManager: Scheduling restart of crashed service com.google.android.inputmethod.latin/com.android.inputmethod.latin.LatinIME in 1000ms
08-28 18:56:37.690  1937  1953 W ActivityManager: Slow operation: 280ms so far, now at startProcess: returned from zygote!
08-28 18:56:37.707  2636  2636 I com.android.se: The ClassLoaderContext is a special shared library.
08-28 18:56:37.709  2199  2231 D IccSmsInterfaceManager: [IccSmsInterfaceManager] Failed to add GSM cell broadcast subscription for MID range 4373 to 4378 from client com.android.cellbroadcastreceiver
08-28 18:56:37.710  2542  2542 I Dialer  : VvmOmtpService - onCellServiceConnected
08-28 18:56:37.711  2613  2613 W AppFlowTracker: Dropping AppFlow event "93" logged from process "com.google.android.googlequicksearchbox:interactor"
08-28 18:56:37.712  2613  2613 W AppFlowTracker: Dropping AppFlow event "24" logged from process "com.google.android.googlequicksearchbox:interactor"
08-28 18:56:37.715  1937  1937 V SettingsProvider: Notifying for 0: content://settings/secure/default_input_method
08-28 18:56:37.716  2542  2542 I Dialer  : VoicemailModule.provideVoicemailClient - providing VoicemailClientImpl
08-28 18:56:37.716  1937  1953 W ActivityManager: Slow operation: 306ms so far, now at startProcess: done updating battery stats
08-28 18:56:37.720  2657  2657 W d.process.medi: Unexpected CPU variant for X86 using defaults: x86
08-28 18:56:37.721  1937  1953 W ActivityManager: Slow operation: 306ms so far, now at startProcess: building log message
08-28 18:56:37.721  1937  1953 I ActivityManager: Start proc 2657:android.process.media/u0a15 for broadcast com.android.providers.downloads/.DownloadReceiver
08-28 18:56:37.722  1937  1953 W ActivityManager: Slow operation: 311ms so far, now at startProcess: starting to update pids map
08-28 18:56:37.722  1937  1953 W ActivityManager: Slow operation: 311ms so far, now at startProcess: done updating pids map
08-28 18:56:37.722  1937  1953 W ActivityManager: Slow operation: 262ms so far, now at startProcess: asking zygote to start proc
08-28 18:56:37.730  2636  2636 I SecureElementService: main onCreate
08-28 18:56:37.731  2199  2231 D IccSmsInterfaceManager: [IccSmsInterfaceManager] Calling setCdmaBroadcastConfig with 1 configurations
08-28 18:56:37.732  2636  2636 I SecureElementService: No HAL implementation for eSE1
08-28 18:56:37.734  2636  2636 I SecureElementService: No HAL implementation for SIM1
08-28 18:56:37.734  2657  2657 E d.process.medi: Not starting debugger since process cannot load the jdwp agent.
08-28 18:56:37.740  2199  2231 D IccSmsInterfaceManager: [IccSmsInterfaceManager] Failed to add cdma broadcast subscription for MID range 4098 to 4098 from client com.android.cellbroadcastreceiver
08-28 18:56:37.744  1937  1952 W Looper  : Drained
08-28 18:56:37.752  2199  2199 D ImsResolver: maybeAddedImsService, packageName: com.google.android.inputmethod.latin
08-28 18:56:37.754  1937  2007 I chatty  : uid=1000(system) InputReader expire 12 lines
08-28 18:56:37.761  1775  1775 I Zygote  : Process 2063 exited due to signal (9)
08-28 18:56:37.769  1937  1953 W ActivityManager: Slow operation: 309ms so far, now at startProcess: returned from zygote!
08-28 18:56:37.770  2199  2655 D IccSmsInterfaceManager: [IccSmsInterfaceManager] Calling setGsmBroadcastConfig with 1 configurations
08-28 18:56:37.782  2673  2673 W earchbox:searc: Unexpected CPU variant for X86 using defaults: x86
08-28 18:56:37.785  2673  2673 E earchbox:searc: Not starting debugger since process cannot load the jdwp agent.
08-28 18:56:37.808  1937  2293 W ActivityManager: Slow operation: 52ms so far, now at attachApplicationLocked: after mServices.attachApplicationLocked
08-28 18:56:37.850  1937  2293 W ActivityManager: Slow operation: 95ms so far, now at attachApplicationLocked: after sendPendingBroadcastsLocked
08-28 18:56:37.859  1937  1937 W Looper  : Slow dispatch took 103ms main h=android.app.ActivityThread$H c=android.app.-$$Lambda$LoadedApk$ReceiverDispatcher$Args$_BumDX2UKsnxLVrE6UJsJZkotuA@e04e504 m=0
08-28 18:56:37.859  2657  2657 I d.process.medi: The ClassLoaderContext is a special shared library.
08-28 18:56:37.863  1937  1937 V NotificationListeners: enabling notification listener for 0: ComponentInfo{com.google.android.apps.restore/com.google.android.apps.pixelmigrate.component.NotificationConsolidatorService}
08-28 18:56:37.867  1937  2293 I PackageManager: Replacing preferred activity com.google.android.apps.messaging/.ui.conversation.LaunchConversationActivity for user 0:
08-28 18:56:37.875  1937  2293 I chatty  : uid=1000(system) Binder:1937_6 identical 2 lines
08-28 18:56:37.876  1937  2293 I PackageManager: Replacing preferred activity com.google.android.apps.messaging/.ui.conversation.LaunchConversationActivity for user 0:
08-28 18:56:37.876  1937  2626 W ActivityManager: Slow operation: 416ms so far, now at startProcess: done updating battery stats
08-28 18:56:37.877  1937  2626 W ActivityManager: Slow operation: 416ms so far, now at startProcess: building log message
08-28 18:56:37.877  1937  2626 I ActivityManager: Start proc 2673:com.google.android.googlequicksearchbox:search/u0a41 for broadcast com.google.android.googlequicksearchbox/com.google.android.apps.gsa.broadcastreceiver.external.PixelLauncherBroadcastReceiver
08-28 18:56:37.877  1937  2626 W ActivityManager: Slow operation: 416ms so far, now at startProcess: starting to update pids map
08-28 18:56:37.877  1937  2626 W ActivityManager: Slow operation: 416ms so far, now at startProcess: done updating pids map
08-28 18:56:37.895  1937  1953 W ActivityManager: Slow operation: 388ms so far, now at startProcess: asking zygote to start proc
08-28 18:56:37.896  1937  1937 V NotificationListeners: binding: Intent { act=android.service.notification.NotificationListenerService cmp=com.google.android.apps.restore/com.google.android.apps.pixelmigrate.component.NotificationConsolidatorService (has extras) }
08-28 18:56:37.897  2657  2657 I d.process.medi: The ClassLoaderContext is a special shared library.
08-28 18:56:37.898  1937  1937 V NotificationAssistants: disabling notification assistant for user 0: ComponentInfo{com.google.android.ext.services/android.ext.services.notification.Assistant}
08-28 18:56:37.898  1937  1937 D NotificationListeners: Removing active service ComponentInfo{com.google.android.ext.services/android.ext.services.notification.Assistant}
08-28 18:56:37.899  1937  1937 V NotificationAssistants: enabling notification assistant for 0: ComponentInfo{com.google.android.ext.services/android.ext.services.notification.Assistant}
08-28 18:56:37.899  1937  1937 V NotificationAssistants: binding: Intent { act=android.service.notification.NotificationAssistantService cmp=com.google.android.ext.services/android.ext.services.notification.Assistant (has extras) }
08-28 18:56:37.918  1937  2591 V BackupManagerService: No ancestral data
08-28 18:56:37.919  2673  2673 I earchbox:searc: The ClassLoaderContext is a special shared library.
08-28 18:56:37.923  1937  1953 W ActivityManager: Slow operation: 416ms so far, now at startProcess: returned from zygote!
08-28 18:56:37.925  1937  1953 W ActivityManager: Slow operation: 418ms so far, now at startProcess: done updating battery stats
08-28 18:56:37.926  2673  2673 I earchbox:searc: The ClassLoaderContext is a special shared library.
08-28 18:56:37.928  2692  2692 W ndroid.sdksetu: Unexpected CPU variant for X86 using defaults: x86
08-28 18:56:37.931  2692  2692 E ndroid.sdksetu: Not starting debugger since process cannot load the jdwp agent.
08-28 18:56:37.933  1937  1953 W ActivityManager: Slow operation: 426ms so far, now at startProcess: building log message
08-28 18:56:37.933  1937  1953 I ActivityManager: Start proc 2692:com.google.android.sdksetup/u0a22 for activity com.google.android.sdksetup/.DefaultActivity
08-28 18:56:37.933  1937  1953 W ActivityManager: Slow operation: 426ms so far, now at startProcess: starting to update pids map
08-28 18:56:37.934  1937  1953 W ActivityManager: Slow operation: 426ms so far, now at startProcess: done updating pids map
08-28 18:56:37.934  1937  1953 W ActivityManager: Slow operation: 366ms so far, now at startProcess: asking zygote to start proc
08-28 18:56:37.945  1937  1953 W ActivityManager: Slow operation: 378ms so far, now at startProcess: returned from zygote!
08-28 18:56:37.945  1937  1953 W ActivityManager: Slow operation: 378ms so far, now at startProcess: done updating battery stats
08-28 18:56:37.951  2705  2705 W s.nexuslaunche: Unexpected CPU variant for X86 using defaults: x86
08-28 18:56:37.957  1937  1953 W ActivityManager: Slow operation: 389ms so far, now at startProcess: building log message
08-28 18:56:37.957  1937  1953 I ActivityManager: Start proc 2705:com.google.android.apps.nexuslauncher/u0a7 for service com.google.android.apps.nexuslauncher/com.android.quickstep.TouchInteractionService
08-28 18:56:37.957  1937  1953 W ActivityManager: Slow operation: 389ms so far, now at startProcess: starting to update pids map
08-28 18:56:37.957  1937  1953 W ActivityManager: Slow operation: 390ms so far, now at startProcess: done updating pids map
08-28 18:56:37.957  1937  1953 W ActivityManager: Slow operation: 299ms so far, now at startProcess: asking zygote to start proc
08-28 18:56:37.961  1937  2591 I BackupManagerService: Unlocking system user; mService=com.android.server.backup.BackupManagerService@5ae82f7
08-28 18:56:37.961  1937  2591 I BackupManagerService: Backup enable apparently not migrated
08-28 18:56:37.961  1937  2591 I BackupManagerService: Migrating enable state false
08-28 18:56:37.962  1937  2591 I BackupManagerService: Backup enabled => false
08-28 18:56:37.971  2705  2705 E s.nexuslaunche: Not starting debugger since process cannot load the jdwp agent.
08-28 18:56:37.975  2199  2199 D CarrierSvcBindHelper: No carrier app for: 0
08-28 18:56:37.979  1937  1953 W ActivityManager: Slow operation: 320ms so far, now at startProcess: returned from zygote!
08-28 18:56:37.979  1937  1953 W ActivityManager: Slow operation: 321ms so far, now at startProcess: done updating battery stats
08-28 18:56:37.979  1937  1953 W ActivityManager: Slow operation: 321ms so far, now at startProcess: building log message
08-28 18:56:37.979  1937  1953 I ActivityManager: Start proc 2719:com.android.smspush/u0a61 for service com.android.smspush/.WapPushManager
08-28 18:56:37.979  1937  1953 W ActivityManager: Slow operation: 321ms so far, now at startProcess: starting to update pids map
08-28 18:56:37.979  1937  1953 W ActivityManager: Slow operation: 321ms so far, now at startProcess: done updating pids map
08-28 18:56:37.980  1937  1953 W ActivityManager: Slow operation: 83ms so far, now at startProcess: asking zygote to start proc
08-28 18:56:37.992  2199  2655 D IccSmsInterfaceManager: [IccSmsInterfaceManager] Failed to add GSM cell broadcast subscription for MID range 4386 to 4391 from client com.android.cellbroadcastreceiver
08-28 18:56:37.993  2719  2719 W android.smspus: Unexpected CPU variant for X86 using defaults: x86
08-28 18:56:37.996  2719  2719 E android.smspus: Not starting debugger since process cannot load the jdwp agent.
08-28 18:56:38.001  2199  2655 D IccSmsInterfaceManager: [IccSmsInterfaceManager] Calling setGsmBroadcastConfig with 1 configurations
08-28 18:56:38.003  1937  1953 W ActivityManager: Slow operation: 107ms so far, now at startProcess: returned from zygote!
08-28 18:56:38.006  2731  2731 W id.apps.restor: Unexpected CPU variant for X86 using defaults: x86
08-28 18:56:38.013  2731  2731 E id.apps.restor: Not starting debugger since process cannot load the jdwp agent.
08-28 18:56:38.017  2657  2657 I DownloadManager: Upgrading downloads database from version 0 to version 110, which will destroy all old data
08-28 18:56:38.037  1937  2591 V BackupManagerConstants: getKeyValueBackupIntervalMilliseconds(...) returns 14400000
08-28 18:56:38.037  1937  2591 V BackupManagerConstants: getKeyValueBackupFuzzMilliseconds(...) returns 600000
08-28 18:56:38.037  1937  2591 V BackupManagerConstants: getKeyValueBackupRequiredNetworkType(...) returns 1
08-28 18:56:38.037  1937  2591 V BackupManagerConstants: getKeyValueBackupRequireCharging(...) returns true
08-28 18:56:38.038  1937  2591 V KeyValueBackupJob: Scheduling k/v pass in 245 minutes
08-28 18:56:38.038  2199  2655 D IccSmsInterfaceManager: [IccSmsInterfaceManager] Failed to add GSM cell broadcast subscription for MID range 4379 to 4379 from client com.android.cellbroadcastreceiver
08-28 18:56:38.041  2692  2692 I ndroid.sdksetu: The ClassLoaderContext is a special shared library.
08-28 18:56:38.050  2199  2655 D IccSmsInterfaceManager: [IccSmsInterfaceManager] Calling setCdmaBroadcastConfig with 1 configurations
08-28 18:56:38.055  2199  2655 D IccSmsInterfaceManager: [IccSmsInterfaceManager] Failed to add cdma broadcast subscription for MID range 4099 to 4099 from client com.android.cellbroadcastreceiver
08-28 18:56:38.064  2199  2655 D IccSmsInterfaceManager: [IccSmsInterfaceManager] Calling setGsmBroadcastConfig with 1 configurations
08-28 18:56:38.067  1937  1953 W ActivityManager: Slow operation: 171ms so far, now at startProcess: done updating battery stats
08-28 18:56:38.067  1937  1953 W ActivityManager: Slow operation: 171ms so far, now at startProcess: building log message
08-28 18:56:38.067  1937  1953 I ActivityManager: Start proc 2731:com.google.android.apps.restore/u0a9 for service com.google.android.apps.restore/com.google.android.apps.pixelmigrate.component.NotificationConsolidatorService
08-28 18:56:38.067  1937  1937 W Looper  : Slow dispatch took 164ms main h=android.app.ActivityThread$H c=android.app.-$$Lambda$LoadedApk$ReceiverDispatcher$Args$_BumDX2UKsnxLVrE6UJsJZkotuA@129dd39 m=0
08-28 18:56:38.067  1937  1953 W ActivityManager: Slow operation: 171ms so far, now at startProcess: starting to update pids map
08-28 18:56:38.067  1937  1953 W ActivityManager: Slow operation: 171ms so far, now at startProcess: done updating pids map
08-28 18:56:38.068  2199  2655 D IccSmsInterfaceManager: [IccSmsInterfaceManager] Failed to add GSM cell broadcast subscription for MID range 4392 to 4392 from client com.android.cellbroadcastreceiver
08-28 18:56:38.076  2249  2249 I SetupWizard: [PreDeferredLifecycleScheduler] Starting predeferred lifecycle
08-28 18:56:38.076  2199  2655 D IccSmsInterfaceManager: [IccSmsInterfaceManager] Failed to remove GSM cell broadcast subscription for MID range 4380 to 4380 from client com.android.cellbroadcastreceiver
08-28 18:56:38.077  2249  2249 I SetupWizard: [ComponentLifecycleCallback] Enabling all components
08-28 18:56:38.082  2705  2705 I s.nexuslaunche: The ClassLoaderContext is a special shared library.
08-28 18:56:38.110  2731  2731 I id.apps.restor: The ClassLoaderContext is a special shared library.
08-28 18:56:38.138  2199  2655 D IccSmsInterfaceManager: [IccSmsInterfaceManager] Failed to remove cdma broadcast subscription for MID range 4100 to 4100 from client com.android.cellbroadcastreceiver
08-28 18:56:38.152  2199  2655 D IccSmsInterfaceManager: [IccSmsInterfaceManager] Failed to remove GSM cell broadcast subscription for MID range 4393 to 4393 from client com.android.cellbroadcastreceiver
08-28 18:56:38.161  2719  2719 I android.smspus: The ClassLoaderContext is a special shared library.
08-28 18:56:38.198  2199  2463 D IccSmsInterfaceManager: [IccSmsInterfaceManager] Failed to remove GSM cell broadcast subscription for MID range 4381 to 4381 from client com.android.cellbroadcastreceiver
08-28 18:56:38.220  2199  2463 D IccSmsInterfaceManager: [IccSmsInterfaceManager] Failed to remove GSM cell broadcast subscription for MID range 4394 to 4394 from client com.android.cellbroadcastreceiver
08-28 18:56:38.248  1937  1937 W InputMethodManagerService: Session failed to close due to remote exception
08-28 18:56:38.248  1937  1937 W InputMethodManagerService: android.os.DeadObjectException
08-28 18:56:38.248  1937  1937 W InputMethodManagerService: 	at android.os.BinderProxy.transactNative(Native Method)
08-28 18:56:38.248  1937  1937 W InputMethodManagerService: 	at android.os.BinderProxy.transact(Binder.java:1127)
08-28 18:56:38.248  1937  1937 W InputMethodManagerService: 	at com.android.internal.view.IInputMethodSession$Stub$Proxy.finishSession(IInputMethodSession.java:309)
08-28 18:56:38.248  1937  1937 W InputMethodManagerService: 	at com.android.server.InputMethodManagerService.finishSessionLocked(InputMethodManagerService.java:2130)
08-28 18:56:38.248  1937  1937 W InputMethodManagerService: 	at com.android.server.InputMethodManagerService.clearClientSessionLocked(InputMethodManagerService.java:2121)
08-28 18:56:38.248  1937  1937 W InputMethodManagerService: 	at com.android.server.InputMethodManagerService.clearCurMethodLocked(InputMethodManagerService.java:2147)
08-28 18:56:38.248  1937  1937 W InputMethodManagerService: 	at com.android.server.InputMethodManagerService.onServiceDisconnected(InputMethodManagerService.java:2174)
08-28 18:56:38.248  1937  1937 W InputMethodManagerService: 	at android.app.LoadedApk$ServiceDispatcher.doDeath(LoadedApk.java:1749)
08-28 18:56:38.248  1937  1937 W InputMethodManagerService: 	at android.app.LoadedApk$ServiceDispatcher$RunConnection.run(LoadedApk.java:1764)
08-28 18:56:38.248  1937  1937 W InputMethodManagerService: 	at android.os.Handler.handleCallback(Handler.java:873)
08-28 18:56:38.248  1937  1937 W InputMethodManagerService: 	at android.os.Handler.dispatchMessage(Handler.java:99)
08-28 18:56:38.248  1937  1937 W InputMethodManagerService: 	at android.os.Looper.loop(Looper.java:193)
08-28 18:56:38.248  1937  1937 W InputMethodManagerService: 	at com.android.server.SystemServer.run(SystemServer.java:454)
08-28 18:56:38.248  1937  1937 W InputMethodManagerService: 	at com.android.server.SystemServer.main(SystemServer.java:294)
08-28 18:56:38.248  1937  1937 W InputMethodManagerService: 	at java.lang.reflect.Method.invoke(Native Method)
08-28 18:56:38.248  1937  1937 W InputMethodManagerService: 	at com.android.internal.os.RuntimeInit$MethodAndArgsCaller.run(RuntimeInit.java:493)
08-28 18:56:38.248  1937  1937 W InputMethodManagerService: 	at com.android.internal.os.ZygoteInit.main(ZygoteInit.java:838)
08-28 18:56:38.258  2199  2231 D IccSmsInterfaceManager: [IccSmsInterfaceManager] Failed to remove GSM cell broadcast subscription for MID range 4382 to 4382 from client com.android.cellbroadcastreceiver
08-28 18:56:38.262  1937  1953 I ActivityManager: Start proc 2759:com.google.process.gapps/u0a14 for content provider com.google.android.gsf/.settings.GoogleSettingsProvider
08-28 18:56:38.279  1937  1937 I Telecom : DefaultDialerCache: Refreshing default dialer for user 0: now com.google.android.dialer: DDC.oR@AEI
08-28 18:56:38.280  1937  1937 V SettingsProvider: Notifying for 0: content://settings/global/network_recommendations_package
08-28 18:56:38.281  1937  1937 V SettingsProvider: Notifying for 0: content://settings/global/network_recommendations_enabled
08-28 18:56:38.281  2199  2655 D IccSmsInterfaceManager: [IccSmsInterfaceManager] Failed to remove GSM cell broadcast subscription for MID range 4395 to 4395 from client com.android.cellbroadcastreceiver
08-28 18:56:38.281  1937  1937 V SettingsProvider: Notifying for 0: content://settings/global/sysui_demo_allowed
08-28 18:56:38.282  2759  2759 I chatty  : uid=10014(com.google.android.gms) com.google.process.gapps expire 7 lines
08-28 18:56:38.282  1937  1937 V SettingsProvider: Notifying for 0: content://settings/secure/sms_default_application
08-28 18:56:38.283  1937  1937 V SettingsProvider: Notifying for 0: content://settings/secure/sysui_volume_up_silent
08-28 18:56:38.295  1937  1937 V SettingsProvider: Notifying for 0: content://settings/secure/accessibility_display_inversion_enabled
08-28 18:56:38.296  1937  1937 V SettingsProvider: Notifying for 0: content://settings/secure/keyguard_slice_uri
08-28 18:56:38.311  2199  2231 D IccSmsInterfaceManager: [IccSmsInterfaceManager] Calling setGsmBroadcastConfig with 1 configurations
08-28 18:56:38.313  1937  1937 V SettingsProvider: Notifying for 0: content://settings/secure/sysui_qs_fancy_anim
08-28 18:56:38.314  1937  1937 V SettingsProvider: Notifying for 0: content://settings/secure/sysui_do_not_disturb
08-28 18:56:38.314  1937  1937 V SettingsProvider: Notifying for 0: content://settings/secure/overview_nav_bar_gesture
08-28 18:56:38.314  2199  2231 D IccSmsInterfaceManager: [IccSmsInterfaceManager] Failed to add GSM cell broadcast subscription for MID range 4352 to 4354 from client com.android.cellbroadcastreceiver
08-28 18:56:38.315  1937  1937 V SettingsProvider: Notifying for 0: content://settings/secure/clock_seconds
08-28 18:56:38.316  1937  1937 V SettingsProvider: Notifying for 0: content://settings/secure/sysui_qqs_count
08-28 18:56:38.317  1937  1937 V SettingsProvider: Notifying for 0: content://settings/secure/sysui_qs_move_whole_rows
08-28 18:56:38.317  1937  1937 V SettingsProvider: Notifying for 0: content://settings/secure/sysui_volume_down_silent
08-28 18:56:38.317  1937  1937 V SettingsProvider: Notifying for 0: content://settings/secure/sysui_keyguard_right
08-28 18:56:38.318  1937  1937 V SettingsProvider: Notifying for 0: content://settings/secure/sysui_keyguard_left
08-28 18:56:38.322  1774  1821 W SurfaceFlinger: Attempting to set client state on removed layer: Surface(name=AppWindowToken{3f25157 token=Token{59b9ad6 ActivityRecord{2a42ef1 u0 com.google.android.sdksetup/.DefaultActivity t4}}})/@0xc38c1da - animation-leash#0
08-28 18:56:38.322  1774  1821 W SurfaceFlinger: Attempting to set client state on removed layer: Surface(name=AppWindowToken{ae6596d token=Token{334fd84 ActivityRecord{17bd797 u0 com.android.settings/.FallbackHome t3}}})/@0x8a26fc9 - animation-leash#0
08-28 18:56:38.322  1774  1821 W SurfaceFlinger: Attempting to destroy on removed layer: Surface(name=AppWindowToken{3f25157 token=Token{59b9ad6 ActivityRecord{2a42ef1 u0 com.google.android.sdksetup/.DefaultActivity t4}}})/@0xc38c1da - animation-leash#0
08-28 18:56:38.322  1774  1821 W SurfaceFlinger: Attempting to destroy on removed layer: Surface(name=AppWindowToken{ae6596d token=Token{334fd84 ActivityRecord{17bd797 u0 com.android.settings/.FallbackHome t3}}})/@0x8a26fc9 - animation-leash#0
08-28 18:56:38.329  2199  2231 D IccSmsInterfaceManager: [IccSmsInterfaceManager] Calling setGsmBroadcastConfig with 1 configurations
08-28 18:56:38.332  2199  2231 D IccSmsInterfaceManager: [IccSmsInterfaceManager] Failed to add GSM cell broadcast subscription for MID range 4356 to 4356 from client com.android.cellbroadcastreceiver
08-28 18:56:38.339  2308  2344 D EGL_emulation: eglMakeCurrent: 0xe0d85120: ver 2 0 (tinfo 0xe0d83260)
08-28 18:56:38.358  2199  2231 D IccSmsInterfaceManager: [IccSmsInterfaceManager] Failed to remove GSM cell broadcast subscription for MID range 4355 to 4355 from client com.android.cellbroadcastreceiver
08-28 18:56:38.364  1937  1937 V SettingsProvider: Notifying for 0: content://settings/secure/sysui_rounded_content_padding
08-28 18:56:38.364  1937  1937 V SettingsProvider: Notifying for 0: content://settings/secure/icon_blacklist
08-28 18:56:38.367  1937  1937 V SettingsProvider: Notifying for 0: content://settings/secure/sysui_nav_bar_left
08-28 18:56:38.368  1937  1937 V SettingsProvider: Notifying for 0: content://settings/secure/qs_show_brightness
08-28 18:56:38.368  1937  1937 V SettingsProvider: Notifying for 0: content://settings/secure/sysui_nav_bar
08-28 18:56:38.369  1937  1937 V SettingsProvider: Notifying for 0: content://settings/secure/sysui_nav_bar_right
08-28 18:56:38.370  2466  2494 D CellBroadcastConfigService: Enable CellBroadcast on sub 1
08-28 18:56:38.371  1937  1937 V SettingsProvider: Notifying for 0: content://settings/secure/backup_enabled
08-28 18:56:38.375  1937  1937 V SettingsProvider: Notifying for 0: content://settings/global/device_provisioned
08-28 18:56:38.381  1937  1937 V SettingsProvider: Notifying for 0: content://settings/secure/user_setup_complete
08-28 18:56:38.383  1937  1937 V SettingsProvider: Notifying for 0: content://settings/global/adb_enabled
08-28 18:56:38.383  2613  2613 I GsaVoiceInteractionSrv: Registering passthrough
08-28 18:56:38.383  1937  1937 V SettingsProvider: Notifying for 0: content://settings/global/verifier_verify_adb_installs
08-28 18:56:38.384  1937  1937 V SettingsProvider: Notifying for 0: content://settings/secure/allowed_geolocation_origins
08-28 18:56:38.386  2199  2231 D IccSmsInterfaceManager: [IccSmsInterfaceManager] Calling setGsmBroadcastConfig with 1 configurations
08-28 18:56:38.386  1937  1957 I UsbDeviceManager: Setting USB config to adb
08-28 18:56:38.387  2249  2249 I SetupWizard: [PreDeferredServiceScheduler] Scheduled job#2651 to run
08-28 18:56:38.388  2487  2778 D ExtAssistant: File doesn't exist or isn't readable yet
08-28 18:56:38.392  2199  2231 D IccSmsInterfaceManager: [IccSmsInterfaceManager] Failed to add GSM cell broadcast subscription for MID range 4370 to 4370 from client com.android.cellbroadcastreceiver
08-28 18:56:38.403  2731  2780 W id.apps.restor: Unsupported class loader
08-28 18:56:38.410  1937  1937 W DevicePolicyManager: Trying to set ro.device_owner, but it has already been set?
08-28 18:56:38.411  2731  2780 I DynamiteModule: Considering local module com.google.android.gms.flags:2 and remote module com.google.android.gms.flags:3
08-28 18:56:38.411  2731  2780 I DynamiteModule: Selected remote version of com.google.android.gms.flags, version >= 3
08-28 18:56:38.411  2199  2231 D IccSmsInterfaceManager: [IccSmsInterfaceManager] Calling setCdmaBroadcastConfig with 1 configurations
08-28 18:56:38.412  1937  1937 W Looper  : Drained
08-28 18:56:38.414  2199  2231 D IccSmsInterfaceManager: [IccSmsInterfaceManager] Failed to add cdma broadcast subscription for MID range 4096 to 4096 from client com.android.cellbroadcastreceiver
08-28 18:56:38.419  2199  2231 D IccSmsInterfaceManager: [IccSmsInterfaceManager] Calling setGsmBroadcastConfig with 1 configurations
08-28 18:56:38.422  2199  2231 D IccSmsInterfaceManager: [IccSmsInterfaceManager] Failed to add GSM cell broadcast subscription for MID range 4383 to 4383 from client com.android.cellbroadcastreceiver
08-28 18:56:38.432  2199  2463 D IccSmsInterfaceManager: [IccSmsInterfaceManager] Calling setGsmBroadcastConfig with 1 configurations
08-28 18:56:38.436  2705  2705 V Launcher: LauncherAppState initiated
08-28 18:56:38.437  2199  2463 D IccSmsInterfaceManager: [IccSmsInterfaceManager] Failed to add GSM cell broadcast subscription for MID range 4371 to 4372 from client com.android.cellbroadcastreceiver
08-28 18:56:38.440  2731  2731 I Pixelmigrate: [NotificationConsolidatorService] onListenerConnected
08-28 18:56:38.440  2731  2731 I Pixelmigrate: [NotificationConsolidatorService] Setup wizard disabled, so disabling this component
08-28 18:56:38.440  1937  2293 D NotificationListeners: Disabling component com.google.android.apps.restore/com.google.android.apps.pixelmigrate.component.NotificationConsolidatorService
08-28 18:56:38.447  2731  2731 I Pixelmigrate: [NotificationConsolidatorService] onListenerDisconnected
08-28 18:56:38.450  2199  2463 D IccSmsInterfaceManager: [IccSmsInterfaceManager] Calling setCdmaBroadcastConfig with 1 configurations
08-28 18:56:38.451  2089  2335 D EGL_emulation: eglMakeCurrent: 0xcc57c480: ver 2 0 (tinfo 0xe66f3210)
08-28 18:56:38.455  2199  2463 D IccSmsInterfaceManager: [IccSmsInterfaceManager] Failed to add cdma broadcast subscription for MID range 4097 to 4097 from client com.android.cellbroadcastreceiver
08-28 18:56:38.458  2705  2705 D OpenGLRenderer: HWUI GL Pipeline
08-28 18:56:38.468  2199  2463 D IccSmsInterfaceManager: [IccSmsInterfaceManager] Calling setGsmBroadcastConfig with 1 configurations
08-28 18:56:38.470  2199  2463 D IccSmsInterfaceManager: [IccSmsInterfaceManager] Failed to add GSM cell broadcast subscription for MID range 4384 to 4385 from client com.android.cellbroadcastreceiver
08-28 18:56:38.476  2199  2463 D IccSmsInterfaceManager: [IccSmsInterfaceManager] Calling setGsmBroadcastConfig with 1 configurations
08-28 18:56:38.484  2199  2463 D IccSmsInterfaceManager: [IccSmsInterfaceManager] Failed to add GSM cell broadcast subscription for MID range 4373 to 4378 from client com.android.cellbroadcastreceiver
08-28 18:56:38.488  2199  2463 D IccSmsInterfaceManager: [IccSmsInterfaceManager] Calling setCdmaBroadcastConfig with 1 configurations
08-28 18:56:38.490  2199  2463 D IccSmsInterfaceManager: [IccSmsInterfaceManager] Failed to add cdma broadcast subscription for MID range 4098 to 4098 from client com.android.cellbroadcastreceiver
08-28 18:56:38.497  2199  2463 D IccSmsInterfaceManager: [IccSmsInterfaceManager] Calling setGsmBroadcastConfig with 1 configurations
08-28 18:56:38.499  2199  2463 D IccSmsInterfaceManager: [IccSmsInterfaceManager] Failed to add GSM cell broadcast subscription for MID range 4386 to 4391 from client com.android.cellbroadcastreceiver
08-28 18:56:38.506  2199  2463 D IccSmsInterfaceManager: [IccSmsInterfaceManager] Calling setGsmBroadcastConfig with 1 configurations
08-28 18:56:38.512  2199  2463 D IccSmsInterfaceManager: [IccSmsInterfaceManager] Failed to add GSM cell broadcast subscription for MID range 4379 to 4379 from client com.android.cellbroadcastreceiver
