08-28 18:56:24.857  1937  1937 W PackageManager: Unknown package com.google.android.apps.docs.editors.slides in sysconfig <app-link>
08-28 18:56:24.857  1937  1937 W PackageManager: Unknown package com.google.android.apps.plus in sysconfig <app-link>
08-28 18:56:24.858  1937  1937 W PackageManager: Unknown package com.google.android.apps.tycho in sysconfig <app-link>
08-28 18:56:24.858  1937  1937 W PackageManager: Unknown package com.google.android.talk in sysconfig <app-link>
08-28 18:56:24.858  1937  1937 V PackageManager: reconcileAppsData for null u0 0x3 migrateAppData=true
08-28 18:56:24.859  1779  1803 I SELinux : SELinux: Loaded file_contexts
08-28 18:56:24.865  1779  1803 W installd: Requested default storage /data/user_de/0/com.google.android.ext.services is not active; migrating from /data/data/com.google.android.ext.services
08-28 18:56:24.871  1779  1803 W installd: Requested default storage /data/user_de/0/com.android.providers.telephony is not active; migrating from /data/data/com.android.providers.telephony
08-28 18:56:24.883  1779  1803 W installd: Requested default storage /data/user_de/0/com.google.android.ext.shared is not active; migrating from /data/data/com.google.android.ext.shared
08-28 18:56:24.893  1926  1926 I hostapd : wlan1: interface state COUNTRY_UPDATE->HT_SCAN
08-28 18:56:24.894  1779  1779 W installd: Requested default storage /data/user_de/0/com.android.defcontainer is not active; migrating from /data/data/com.android.defcontainer
08-28 18:56:24.899  1779  1779 W installd: Requested default storage /data/user_de/0/android is not active; migrating from /data/data/android
08-28 18:56:24.906  1779  1984 W installd: Requested default storage /data/user_de/0/com.android.providers.settings is not active; migrating from /data/data/com.android.providers.settings
08-28 18:56:24.913  1779  1984 W installd: Requested default storage /data/user_de/0/com.android.inputdevices is not active; migrating from /data/data/com.android.inputdevices
08-28 18:56:24.933  1779  1984 W installd: Requested default storage /data/user_de/0/com.android.server.telecom is not active; migrating from /data/data/com.android.server.telecom
08-28 18:56:24.940  1779  1984 W installd: Requested default storage /data/user_de/0/com.google.android.packageinstaller is not active; migrating from /data/data/com.google.android.packageinstaller
08-28 18:56:24.947  1779  1779 W installd: Requested default storage /data/user_de/0/com.android.proxyhandler is not active; migrating from /data/data/com.android.proxyhandler
08-28 18:56:24.954  1779  1779 W installd: Requested default storage /data/user_de/0/com.android.settings is not active; migrating from /data/data/com.android.settings
08-28 18:56:24.960  1779  1779 W installd: Requested default storage /data/user_de/0/com.android.phone is not active; migrating from /data/data/com.android.phone
08-28 18:56:24.966  1779  1779 W installd: Requested default storage /data/user_de/0/com.android.shell is not active; migrating from /data/data/com.android.shell
08-28 18:56:24.972  1779  1779 W installd: Requested default storage /data/user_de/0/com.android.location.fused is not active; migrating from /data/data/com.android.location.fused
08-28 18:56:24.979  1779  1779 W installd: Requested default storage /data/user_de/0/com.android.systemui is not active; migrating from /data/data/com.android.systemui
08-28 18:56:24.989  1937  1937 V PackageManager: reconcileAppsData finished 18 packages
08-28 18:56:24.990  1779  1779 W installd: Ignoring /data/data/com.android.defcontainer/lib with unexpected GID 0 instead of 10030
08-28 18:56:24.991  1779  1779 W installd: Ignoring /data/data/com.google.android.inputmethod.latin/lib with unexpected GID 0 instead of 10072
08-28 18:56:24.991  1779  1779 W installd: Ignoring /data/user_de/0/com.android.defcontainer/lib with unexpected GID 0 instead of 10030
08-28 18:56:25.118  1937  1937 I SystemServer: StartOtaDexOptService
08-28 18:56:25.118  1937  1937 D OTADexopt: No upgrade, skipping A/B artifacts check.
08-28 18:56:25.118  1937  1937 I SystemServer: StartUserManagerService
08-28 18:56:25.118  1937  1937 I SystemServiceManager: Starting com.android.server.pm.UserManagerService$LifeCycle
08-28 18:56:25.119  1937  1937 I SystemServer: InitAttributerCache
08-28 18:56:25.121  1937  1937 I SystemServer: SetSystemProcess
08-28 18:56:25.131  1659  1659 I lowmemorykiller: lmkd data connection established
08-28 18:56:25.142  1937  1937 I SystemServer: StartOverlayManagerService
08-28 18:56:25.145  1654  1654 E SoundTriggerHwService: could not read implementation properties
08-28 18:56:25.151  1937  1937 I SystemServer: StartBatteryService
08-28 18:56:25.151  1937  1937 I SystemServiceManager: Starting com.android.server.BatteryService
08-28 18:56:25.152  1937  1992 I chatty  : uid=1000 system_server expire 5 lines
08-28 18:56:25.173  1937  1995 I chatty  : uid=1000(system) SensorEventAckR expire 1 line
08-28 18:56:25.175  1937  1996 I chatty  : uid=1000(system) SensorService expire 1 line
08-28 18:56:25.186  1937  1937 I HealthServiceWrapper: health: HealthServiceWrapper listening to instance default
08-28 18:56:25.186  1937  1937 I BatteryService: health: Waited 0ms and received the update.
08-28 18:56:25.187  1937  1955 E BatteryExternalStatsWorker: no controller energy info supplied for telephony
08-28 18:56:25.187  1937  1955 E KernelUidCpuFreqTimeReader: Failed to read /proc/uid_time_in_state: java.io.FileNotFoundException: /proc/uid_time_in_state (No such file or directory)
08-28 18:56:25.187  1937  1937 I SystemServer: StartUsageService
08-28 18:56:25.187  1937  1937 I SystemServiceManager: Starting com.android.server.usage.UsageStatsService
08-28 18:56:25.188  1937  1998 I chatty  : uid=1000(system) HealthServiceRe expire 1 line
08-28 18:56:25.196  1937  1955 E KernelUidCpuFreqTimeReader: Failed to read /proc/uid_time_in_state: java.io.FileNotFoundException: /proc/uid_time_in_state (No such file or directory)
08-28 18:56:25.198  1937  1955 I BatteryStatsImpl: Resetting battery stats: level=100 status=4 dischargeLevel=100 lowAmount=0 highAmount=0
08-28 18:56:25.222  1937  1951 I BinderCallsStatsService: Resetting stats
08-28 18:56:25.223  1937  1955 E KernelUidCpuFreqTimeReader: Failed to read /proc/uid_time_in_state: java.io.FileNotFoundException: /proc/uid_time_in_state (No such file or directory)
08-28 18:56:25.229  1997  1997 W ResourceType: CREATING STRING CACHE OF 40436 bytes
08-28 18:56:25.235  1937  1937 I UsageStatsDatabase: Upgrading from version 0 to 3
08-28 18:56:25.236  1937  1937 I UsageStatsDatabase: Deleting all usage stats files
08-28 18:56:25.238  1937  1937 I UsageStatsService: User[0] Rollover scheduled @ 2022-08-29 18:56:25(1661799385227)
08-28 18:56:25.238  1937  1937 I SystemServer: StartWebViewUpdateService
08-28 18:56:25.238  1937  1937 I SystemServiceManager: Starting com.android.server.webkit.WebViewUpdateService
08-28 18:56:25.243  1937  1937 I SystemServer: StartBinderCallsStatsService
08-28 18:56:25.244  1937  1937 I SystemServer: StartKeyAttestationApplicationIdProviderService
08-28 18:56:25.244  1937  1949 I SystemServer: SecondaryZygotePreload
08-28 18:56:25.245  1937  1937 I SystemServer: StartKeyChainSystemService
08-28 18:56:25.245  1937  1937 I SystemServiceManager: Starting com.android.server.security.KeyChainSystemService
08-28 18:56:25.245  1937  1937 I SystemServer: StartSchedulingPolicyService
08-28 18:56:25.245  1937  1937 I SystemServer: StartTelecomLoaderService
08-28 18:56:25.245  1937  1937 I SystemServiceManager: Starting com.android.server.telecom.TelecomLoaderService
08-28 18:56:25.247  1937  1937 I SystemServer: StartTelephonyRegistry
08-28 18:56:25.249  1937  1937 I SystemServer: StartEntropyMixer
08-28 18:56:25.249  1937  1937 W EntropyMixer: No existing entropy file -- first boot?
08-28 18:56:25.255  1937  1949 I chatty  : uid=1000 system_server expire 1 line
08-28 18:56:25.259  1997  1997 W ResourceType: idmap: overlaid 7 resources not marked overlayable
08-28 18:56:25.262  1937  1937 I EntropyMixer: Added HW RNG output to entropy pool
08-28 18:56:25.263  1937  1937 I EntropyMixer: Writing entropy...
08-28 18:56:25.267  1937  1949 E SystemServer: Unable to preload default resources
08-28 18:56:25.292  1937  1937 I SystemServer: StartAccountManagerService
08-28 18:56:25.292  1937  1937 I SystemServiceManager: Starting com.android.server.accounts.AccountManagerService$Lifecycle
08-28 18:56:25.294  1937  1937 I SystemServer: StartContentService
08-28 18:56:25.294  1937  1937 I SystemServiceManager: Starting com.android.server.content.ContentService$Lifecycle
08-28 18:56:25.299  1937  1937 I SystemServer: InstallSystemProviders
08-28 18:56:25.308  1999  1999 W ResourceType: CREATING STRING CACHE OF 40436 bytes
08-28 18:56:25.347  1999  1999 W ResourceType: idmap: overlaid 7 resources not marked overlayable
08-28 18:56:25.367  1937  1937 I SettingsState: No settings state /data/system/users/0/settings_system.xml
08-28 18:56:25.376  1937  1937 I SettingsState: No settings state /data/system/users/0/settings_secure.xml
08-28 18:56:25.378  1937  1937 D SettingsProvider: Generated and saved new ANDROID_ID [31dd5c822ef9ff8f] for user 0
08-28 18:56:25.387  1937  1937 I SettingsState: No settings state /data/system/users/0/settings_global.xml
08-28 18:56:25.395  2002  2002 W ResourceType: CREATING STRING CACHE OF 40436 bytes
08-28 18:56:25.412  1937  1937 D SettingsProvider: Setting [com.google.android.gms/.autofill.service.AutofillService] as Autofill Service for user 0
08-28 18:56:25.419  2002  2002 W ResourceType: idmap: overlaid 7 resources not marked overlayable
08-28 18:56:25.431  1937  1937 I SettingsState: No settings state /data/system/users/0/settings_ssaid.xml
08-28 18:56:25.436  1937  1937 I SystemServer: StartDropBoxManager
08-28 18:56:25.436  1937  1937 I SystemServiceManager: Starting com.android.server.DropBoxManagerService
08-28 18:56:25.437  1937  1937 I SystemServer: StartVibratorService
08-28 18:56:25.441  1937  1937 I SystemServer: StartConsumerIrService
08-28 18:56:25.442  1937  1937 I SystemServer: StartAlarmManagerService
08-28 18:56:25.442  1937  1937 I SystemServiceManager: Starting com.android.server.AlarmManagerService
08-28 18:56:25.444  1937  1937 I SystemServer: InitWatchdog
08-28 18:56:25.444  1937  1937 I SystemServer: StartInputManagerService
08-28 18:56:25.445  1937  1937 I InputManager: Initializing input manager, mUseDevInputEventForAudioJack=true
08-28 18:56:25.446  1937  1937 I SystemServer: StartWindowManagerService
08-28 18:56:25.457  1937  1959 I WindowManager: No existing display settings /data/system/display_settings.xml; starting empty
08-28 18:56:25.466  2003  2003 W ResourceType: CREATING STRING CACHE OF 30972 bytes
08-28 18:56:25.473  1937  1937 I SystemServer: SetWindowManagerService
08-28 18:56:25.486  2003  2003 W ResourceType: idmap: overlaid 2 resources not marked overlayable
08-28 18:56:25.520  1937  1937 I SystemServer: WindowManagerServiceOnInitReady
08-28 18:56:25.528  1937  1952 I chatty  : uid=1000(system) android.ui expire 1 line
08-28 18:56:25.539  1937  1937 I SystemServer: StartVrManagerService
08-28 18:56:25.539  1937  1937 I SystemServiceManager: Starting com.android.server.vr.VrManagerService
08-28 18:56:25.542  1937  1937 I SystemServer: StartInputManager
08-28 18:56:25.542  1937  1937 I InputManager: Starting input manager
08-28 18:56:25.543  1937  1937 I SystemServer: DisplayManagerWindowManagerAndInputReady
08-28 18:56:25.543  1937  1937 I SystemServer: No Bluetooth Service (emulator)
08-28 18:56:25.543  1937  1937 I SystemServer: IpConnectivityMetrics
08-28 18:56:25.543  1937  1937 I SystemServiceManager: Starting com.android.server.connectivity.IpConnectivityMetrics
08-28 18:56:25.544  2005  2005 W ResourceType: CREATING STRING CACHE OF 40436 bytes
08-28 18:56:25.546  1937  1937 I SystemServer: NetworkWatchlistService
08-28 18:56:25.546  1937  1937 I SystemServiceManager: Starting com.android.server.net.watchlist.NetworkWatchlistService$Lifecycle
08-28 18:56:25.550  1937  2007 I chatty  : uid=1000(system) InputReader expire 24 lines
08-28 18:56:25.566  1937  1937 I SystemServer: PinnerService
08-28 18:56:25.566  1937  1937 I SystemServiceManager: Starting com.android.server.PinnerService
08-28 18:56:25.569  1937  2008 I WatchlistLoggingHandler: Start aggregating watchlist records.
08-28 18:56:25.572  1937  1937 I SystemServer: StartInputMethodManagerLifecycle
08-28 18:56:25.572  1937  1937 I SystemServiceManager: Starting com.android.server.InputMethodManagerService$Lifecycle
08-28 18:56:25.579  2005  2005 W ResourceType: idmap: overlaid 6 resources not marked overlayable
08-28 18:56:25.585  1937  1937 I SystemServer: StartAccessibilityManagerService
08-28 18:56:25.589  1937  1937 I SystemServer: MakeDisplayReady
08-28 18:56:25.590  1937  1937 I ActivityManager: Config changes=20005df8 {1.0 ?mcc?mnc [en_US] ldltr sw411dp w411dp h731dp 420dpi nrml long port ?uimode ?night -touch -keyb/h/h -nav/h winConfig={ mBounds=Rect(0, 0 - 0, 0) mAppBounds=Rect(0, 0 - 1080, 1920) mWindowingMode=fullscreen mActivityType=undefined} s.2}
08-28 18:56:25.592  1937  1937 I ActivityManager: Override config changes=60007dfc {1.0 ?mcc?mnc [en_US] ldltr sw411dp w411dp h731dp 420dpi nrml long port ?uimode ?night -touch -keyb/h/h -nav/h winConfig={ mBounds=Rect(0, 0 - 1080, 1920) mAppBounds=Rect(0, 0 - 1080, 1920) mWindowingMode=fullscreen mActivityType=undefined} s.2} for displayId=0
08-28 18:56:25.599  1937  1937 W LocalDisplayAdapter: Unable to find color mode 0, ignoring request.
08-28 18:56:25.603  1937  1937 I ActivityManager: Config changes=20000500 {1.0 ?mcc?mnc [en_US] ldltr sw411dp w411dp h659dp 420dpi nrml port ?uimode ?night -touch -keyb/h/h -nav/h winConfig={ mBounds=Rect(0, 0 - 0, 0) mAppBounds=Rect(0, 0 - 1080, 1794) mWindowingMode=fullscreen mActivityType=undefined} s.3}
08-28 18:56:25.609  1937  1937 I ActivityManager: Override config changes=20000500 {1.0 ?mcc?mnc [en_US] ldltr sw411dp w411dp h659dp 420dpi nrml port ?uimode ?night -touch -keyb/h/h -nav/h winConfig={ mBounds=Rect(0, 0 - 1080, 1920) mAppBounds=Rect(0, 0 - 1080, 1794) mWindowingMode=fullscreen mActivityType=undefined} s.3} for displayId=0
08-28 18:56:25.614  1937  1937 W LocalDisplayAdapter: Unable to find color mode 0, ignoring request.
08-28 18:56:25.614  1937  1937 I SystemServer: StartStorageManagerService
08-28 18:56:25.614  1937  1937 I SystemServiceManager: Starting com.android.server.StorageManagerService$Lifecycle
08-28 18:56:25.615  1937  2006 I ActivityManager: Config changes=38 {1.0 ?mcc?mnc [en_US] ldltr sw411dp w411dp h659dp 420dpi nrml port ?uimode ?night finger qwerty/v/v -nav/h winConfig={ mBounds=Rect(0, 0 - 0, 0) mAppBounds=Rect(0, 0 - 1080, 1794) mWindowingMode=fullscreen mActivityType=undefined} s.4}
08-28 18:56:25.625  1937  2006 I ActivityManager: Override config changes=38 {1.0 ?mcc?mnc [en_US] ldltr sw411dp w411dp h659dp 420dpi nrml port ?uimode ?night finger qwerty/v/v -nav/h winConfig={ mBounds=Rect(0, 0 - 1080, 1920) mAppBounds=Rect(0, 0 - 1080, 1794) mWindowingMode=fullscreen mActivityType=undefined} s.4} for displayId=0
08-28 18:56:25.632  1937  1937 I SystemServer: StartStorageStatsService
08-28 18:56:25.633  1937  1937 I SystemServiceManager: Starting com.android.server.usage.StorageStatsService$Lifecycle
08-28 18:56:25.634  1779  1803 D installd: Found quota mount /dev/block/dm-1 at /data
08-28 18:56:25.638  1937  2009 D StorageManagerService: Thinking about init, mSystemReady=false, mDaemonConnected=true
08-28 18:56:25.638  1937  2009 D StorageManagerService: Thinking about reset, mSystemReady=false, mDaemonConnected=true
08-28 18:56:25.635  1779  1803 D installd: Found quota mount /dev/block/dm-1 at /data
08-28 18:56:25.642  1937  1937 I SystemServer: StartUiModeManager
08-28 18:56:25.642  1937  1937 I SystemServiceManager: Starting com.android.server.UiModeManagerService
08-28 18:56:25.646  1937  1949 I ActivityManager: Config changes=200 {1.0 ?mcc?mnc [en_US] ldltr sw411dp w411dp h659dp 420dpi nrml port finger qwerty/v/v -nav/h winConfig={ mBounds=Rect(0, 0 - 0, 0) mAppBounds=Rect(0, 0 - 1080, 1794) mWindowingMode=fullscreen mActivityType=undefined} s.5}
08-28 18:56:25.647  1937  1937 I SystemServer: UpdatePackagesIfNeeded
08-28 18:56:25.649  1937  1949 I ActivityManager: Override config changes=200 {1.0 ?mcc?mnc [en_US] ldltr sw411dp w411dp h659dp 420dpi nrml port finger qwerty/v/v -nav/h winConfig={ mBounds=Rect(0, 0 - 1080, 1920) mAppBounds=Rect(0, 0 - 1080, 1794) mWindowingMode=fullscreen mActivityType=undefined} s.5} for displayId=0
08-28 18:56:25.863  1779  1779 W installd: Requested default storage /data/user_de/0/com.android.cellbroadcastreceiver is not active; migrating from /data/data/com.android.cellbroadcastreceiver
08-28 18:56:26.171  1779  1984 W installd: Requested default storage /data/user_de/0/com.android.providers.blockednumber is not active; migrating from /data/data/com.android.providers.blockednumber
08-28 18:56:26.182  1779  1984 W installd: Requested default storage /data/user_de/0/com.android.emergency is not active; migrating from /data/data/com.android.emergency
08-28 18:56:26.218  1779  1984 W installd: Requested default storage /data/user_de/0/com.android.bluetooth is not active; migrating from /data/data/com.android.bluetooth
08-28 18:56:26.221  1926  1926 E hostapd : Using interface wlan1 with hwaddr 02:15:b2:00:01:00 and ssid "AndroidWifi"
08-28 18:56:26.222  1926  1926 I hostapd : wlan1: interface state HT_SCAN->ENABLED
08-28 18:56:26.222  1926  1926 I hostapd : wlan1: AP-ENABLED 
08-28 18:56:26.241  1937  1986 I PackageManager: Deferred reconcileAppsData finished 91 packages
08-28 18:56:26.285  1779  1779 V installed: DexInv: --- BEGIN '/system/priv-app/GoogleDialer/GoogleDialer.apk' ---
08-28 18:56:26.326  2011  2011 W dex2oat : Unexpected CPU variant for X86 using defaults: x86
08-28 18:56:26.329  2011  2011 W dex2oat : Mismatch between dex2oat instruction set features (ISA: X86 Feature string: -ssse3,-sse4.1,-sse4.2,-avx,-avx2,-popcnt) and those of dex2oat executable (ISA: X86 Feature string: ssse3,-sse4.1,-sse4.2,-avx,-avx2,-popcnt) for the command line:
08-28 18:56:26.329  2011  2011 W dex2oat : /system/bin/dex2oat --zip-fd=8 --zip-location=GoogleDialer.apk --input-vdex-fd=-1 --output-vdex-fd=10 --oat-fd=9 --oat-location=/data/dalvik-cache/x86/system@priv-app@GoogleDialer@GoogleDialer.apk@classes.dex --instruction-set=x86 --instruction-set-variant=x86 --instruction-set-features=default --runtime-arg -Xms64m --runtime-arg -Xmx512m --compiler-filter=quicken --swap-fd=11 --classpath-dir=/system/priv-app/GoogleDialer --class-loader-context=PCL[/system/framework/com.google.android.dialer.support.jar] --generate-mini-debug-info --compact-dex-level=none --runtime-arg -Xtarget-sdk-version:28 --runtime-arg -Xhidden-api-checks --compilation-reason=first-boot
08-28 18:56:26.329  2011  2011 I dex2oat : /system/bin/dex2oat --input-vdex-fd=-1 --output-vdex-fd=10 --compiler-filter=quicken --classpath-dir=/system/priv-app/GoogleDialer --class-loader-context=PCL[/system/framework/com.google.android.dialer.support.jar] --generate-mini-debug-info --compact-dex-level=none --compilation-reason=first-boot
08-28 18:56:28.537  2011  2011 I dex2oat : dex2oat took 2.218s (5.894s cpu) (threads: 4) arena alloc=126KB (129848B) java alloc=5MB (5273864B) native alloc=7MB (7639120B) free=2MB (2846640B)
08-28 18:56:28.543  1779  1779 V installed: DexInv: --- END '/system/priv-app/GoogleDialer/GoogleDialer.apk' (success) ---
08-28 18:56:28.818  1779  1779 V installed: DexInv: --- BEGIN '/system/app/EasterEgg/EasterEgg.apk' ---
08-28 18:56:28.841  2017  2017 W dex2oat : Unexpected CPU variant for X86 using defaults: x86
08-28 18:56:28.841  2017  2017 W dex2oat : Mismatch between dex2oat instruction set features (ISA: X86 Feature string: -ssse3,-sse4.1,-sse4.2,-avx,-avx2,-popcnt) and those of dex2oat executable (ISA: X86 Feature string: ssse3,-sse4.1,-sse4.2,-avx,-avx2,-popcnt) for the command line:
08-28 18:56:28.841  2017  2017 W dex2oat : /system/bin/dex2oat --zip-fd=8 --zip-location=EasterEgg.apk --input-vdex-fd=-1 --output-vdex-fd=10 --oat-fd=9 --oat-location=/data/dalvik-cache/x86/system@app@EasterEgg@EasterEgg.apk@classes.dex --instruction-set=x86 --instruction-set-variant=x86 --instruction-set-features=default --runtime-arg -Xms64m --runtime-arg -Xmx512m --compiler-filter=quicken --swap-fd=11 --classpath-dir=/system/app/EasterEgg --class-loader-context=PCL[] --generate-mini-debug-info --compact-dex-level=none --runtime-arg -Xtarget-sdk-version:28 --compilation-reason=first-boot
08-28 18:56:28.842  2017  2017 I dex2oat : /system/bin/dex2oat --input-vdex-fd=-1 --output-vdex-fd=10 --compiler-filter=quicken --classpath-dir=/system/app/EasterEgg --class-loader-context=PCL[] --generate-mini-debug-info --compact-dex-level=none --compilation-reason=first-boot
08-28 18:56:29.307  2017  2017 I dex2oat : dex2oat took 467.361ms (837.698ms cpu) (threads: 4) arena alloc=3KB (3256B) java alloc=341KB (350024B) native alloc=1676KB (1716776B) free=2MB (2477528B)
08-28 18:56:29.310  1779  1779 V installed: DexInv: --- END '/system/app/EasterEgg/EasterEgg.apk' (success) ---
08-28 18:56:29.850  1937  1937 I SystemServer: PerformFstrimIfNeeded
08-28 18:56:29.850  1937  1937 W PackageManager: No disk maintenance in 1661712989850; running immediately
08-28 18:56:29.850  1937  2009 I StorageManagerService: Running fstrim idle maintenance
08-28 18:56:29.851  1937  1937 I SystemServer: StartLockSettingsService
08-28 18:56:29.851  1937  1937 I SystemServiceManager: Starting com.android.server.locksettings.LockSettingsService$Lifecycle
08-28 18:56:29.875  1937  1937 I OemLock : OemLock HAL not present on device
08-28 18:56:29.875  1937  1937 I SystemServer: StartDeviceIdleController
08-28 18:56:29.875  1937  1937 I SystemServiceManager: Starting com.android.server.DeviceIdleController
08-28 18:56:29.877  1937  1937 I SystemServer: StartDevicePolicyManager
08-28 18:56:29.878  1937  1937 I SystemServiceManager: Starting com.android.server.devicepolicy.DevicePolicyManagerService$Lifecycle
08-28 18:56:29.889  1937  1937 I SystemServer: StartStatusBarManagerService
08-28 18:56:29.890  1937  1937 I SystemServer: StartClipboardService
08-28 18:56:29.890  1937  1937 I SystemServiceManager: Starting com.android.server.clipboard.ClipboardService
08-28 18:56:29.892  1937  1937 I SystemServer: StartNetworkManagementService
08-28 18:56:29.896  1937  2027 I NetworkManagement: onDaemonConnected()
08-28 18:56:29.898  1937  1937 I SystemServer: StartIpSecService
08-28 18:56:29.899  1937  1937 I SystemServer: StartTextServicesManager
08-28 18:56:29.899  1937  1937 I SystemServiceManager: Starting com.android.server.TextServicesManagerService$Lifecycle
08-28 18:56:29.901  1937  1937 I SystemServer: StartTextClassificationManagerService
08-28 18:56:29.901  1937  1937 I SystemServiceManager: Starting com.android.server.textclassifier.TextClassificationManagerService$Lifecycle
08-28 18:56:29.902  1937  1937 I SystemServer: StartNetworkScoreService
08-28 18:56:29.902  1937  1937 I SystemServiceManager: Starting com.android.server.NetworkScoreService$Lifecycle
08-28 18:56:29.903  1937  1937 I SystemServer: StartNetworkStatsService
08-28 18:56:29.904  1937  1937 I SystemServer: StartNetworkPolicyManagerService
08-28 18:56:29.911  1937  1937 I SystemServer: StartWifi
08-28 18:56:29.952  1937  1937 I SystemServiceManager: Starting com.android.server.wifi.WifiService
08-28 18:56:30.144  1937  2033 I chatty  : uid=1000(system) WifiStateMachin expire 65 lines
08-28 18:56:30.153  1937  1937 I SystemServer: StartWifiScanning
08-28 18:56:30.153  1937  1937 I SystemServiceManager: Starting com.android.server.wifi.scanner.WifiScanningService
08-28 18:56:30.155  1937  1937 I SystemServer: StartWifiP2P
08-28 18:56:30.156  1937  1937 I SystemServiceManager: Starting com.android.server.wifi.p2p.WifiP2pService
08-28 18:56:30.173  1937  1937 I SystemServer: StartConnectivityService
08-28 18:56:30.174  1937  1937 D ConnectivityService: ConnectivityService starting up
08-28 18:56:30.176  1937  1937 D ConnectivityService: wifiOnly=false
08-28 18:56:30.188  1937  1937 I SystemServer: StartNsdService
08-28 18:56:30.189  1937  1937 D NsdService: Network service discovery is enabled
08-28 18:56:30.191  1937  1937 I SystemServer: StartSystemUpdateManagerService
08-28 18:56:30.191  1937  1937 I SystemUpdateManagerService: No existing info file /data/system/system-update-info.xml
08-28 18:56:30.191  1937  1937 I SystemServer: StartUpdateLockService
08-28 18:56:30.192  1937  1937 I SystemServer: StartNotificationManager
08-28 18:56:30.192  1937  1937 I SystemServiceManager: Starting com.android.server.notification.NotificationManagerService
08-28 18:56:30.211  1937  1937 D ConditionProviders.SCP: new ScheduleConditionProvider()
08-28 18:56:30.213  1937  1937 I ConditionProviders:  Allowing condition provider com.google.android.apps.restore/com.google.android.apps.pixelmigrate.component.NotificationConsolidatorService
08-28 18:56:30.213  1937  1937 I NotificationListeners:  Allowing notification listener com.google.android.apps.restore/com.google.android.apps.pixelmigrate.component.NotificationConsolidatorService
08-28 18:56:30.213  1937  1937 I ConditionProviders:  Allowing condition provider com.android.camera2
08-28 18:56:30.213  1937  1937 I ConditionProviders:  Allowing condition provider com.google.android.ext.services/android.ext.services.notification.Assistant
08-28 18:56:30.213  1937  1937 I NotificationAssistants:  Allowing notification assistant com.google.android.ext.services/android.ext.services.notification.Assistant
08-28 18:56:30.224  1937  1937 I SystemServer: StartDeviceMonitor
08-28 18:56:30.224  1937  1937 I SystemServiceManager: Starting com.android.server.storage.DeviceStorageMonitorService
08-28 18:56:30.227  1937  1937 I SystemServer: StartLocationManagerService
08-28 18:56:30.230  1937  1937 I SystemServer: StartCountryDetectorService
08-28 18:56:30.231  1937  1937 I SystemServer: StartSearchManagerService
08-28 18:56:30.231  1937  1937 I SystemServiceManager: Starting com.android.server.search.SearchManagerService$Lifecycle
08-28 18:56:30.232  1937  1937 I SystemServer: StartWallpaperManagerService
08-28 18:56:30.232  1937  1937 I SystemServiceManager: Starting com.android.server.wallpaper.WallpaperManagerService$Lifecycle
08-28 18:56:30.234  1937  1937 I SystemServer: StartAudioService
08-28 18:56:30.234  1937  1937 I SystemServiceManager: Starting com.android.server.audio.AudioService$Lifecycle
08-28 18:56:30.243  1654  1702 D PermissionCache: checking android.permission.MODIFY_AUDIO_SETTINGS for uid=1000 => granted (612 us)
08-28 18:56:30.243  1654  1654 D PermissionCache: checking android.permission.MODIFY_AUDIO_ROUTING for uid=1000 => granted (476 us)
08-28 18:56:30.246  1654  1706 W AudioFlinger: no wake lock to update, system not ready yet
08-28 18:56:30.248  1636  1636 W DeviceHAL: Error from HAL Device in function set_mic_mute: Function not implemented
08-28 18:56:30.278  1654  1654 D AudioFlinger: isLowRamDevice:false totalMemory:1567367168 mClientSharedHeapSize:4194304
08-28 18:56:30.279  1937  1937 I SystemServer: StartDockObserver
08-28 18:56:30.279  1937  1937 I SystemServiceManager: Starting com.android.server.DockObserver
08-28 18:56:30.280  1937  1937 W DockObserver: This kernel does not have dock station support
08-28 18:56:30.281  1937  1937 I SystemServer: StartWiredAccessoryManager
08-28 18:56:30.281  1937  1937 W WiredAccessoryManager: This kernel does not have usb audio support
08-28 18:56:30.281  1937  1937 W WiredAccessoryManager: This kernel does not have HDMI audio support
08-28 18:56:30.281  1937  1937 I SystemServer: StartMidiManager
08-28 18:56:30.282  1937  1937 I SystemServiceManager: Starting com.android.server.midi.MidiService$Lifecycle
08-28 18:56:30.284  1937  1937 I SystemServer: StartUsbService
08-28 18:56:30.284  1937  1937 I SystemServiceManager: Starting com.android.server.usb.UsbService$Lifecycle
08-28 18:56:30.287  1937  1937 E UsbDeviceManager: failed to write to /sys/class/android_usb/android0/f_rndis/ethaddr
08-28 18:56:30.295  1937  1937 I UsbDeviceManager: USB GADGET HAL not present in the device
08-28 18:56:30.295  1937  1937 I UsbDeviceManager: java.util.NoSuchElementException
08-28 18:56:30.295  1937  1937 I UsbDeviceManager: 	at android.os.HwBinder.getService(Native Method)
08-28 18:56:30.295  1937  1937 I UsbDeviceManager: 	at android.hardware.usb.gadget.V1_0.IUsbGadget.getService(IUsbGadget.java:40)
08-28 18:56:30.295  1937  1937 I UsbDeviceManager: 	at android.hardware.usb.gadget.V1_0.IUsbGadget.getService(IUsbGadget.java:44)
08-28 18:56:30.295  1937  1937 I UsbDeviceManager: 	at com.android.server.usb.UsbDeviceManager.<init>(UsbDeviceManager.java:267)
08-28 18:56:30.295  1937  1937 I UsbDeviceManager: 	at com.android.server.usb.UsbService.<init>(UsbService.java:139)
08-28 18:56:30.295  1937  1937 I UsbDeviceManager: 	at com.android.server.usb.UsbService$Lifecycle.onStart(UsbService.java:73)
08-28 18:56:30.295  1937  1937 I UsbDeviceManager: 	at com.android.server.SystemServiceManager.startService(SystemServiceManager.java:126)
08-28 18:56:30.295  1937  1937 I UsbDeviceManager: 	at com.android.server.SystemServiceManager.startService(SystemServiceManager.java:113)
08-28 18:56:30.295  1937  1937 I UsbDeviceManager: 	at com.android.server.SystemServiceManager.startService(SystemServiceManager.java:72)
08-28 18:56:30.295  1937  1937 I UsbDeviceManager: 	at com.android.server.SystemServer.startOtherServices(SystemServer.java:1299)
08-28 18:56:30.295  1937  1937 I UsbDeviceManager: 	at com.android.server.SystemServer.run(SystemServer.java:431)
08-28 18:56:30.295  1937  1937 I UsbDeviceManager: 	at com.android.server.SystemServer.main(SystemServer.java:294)
08-28 18:56:30.295  1937  1937 I UsbDeviceManager: 	at java.lang.reflect.Method.invoke(Native Method)
08-28 18:56:30.295  1937  1937 I UsbDeviceManager: 	at com.android.internal.os.RuntimeInit$MethodAndArgsCaller.run(RuntimeInit.java:493)
08-28 18:56:30.295  1937  1937 I UsbDeviceManager: 	at com.android.internal.os.ZygoteInit.main(ZygoteInit.java:838)
08-28 18:56:30.295  1937  1937 E UsbDeviceManager: Failed to open control for mtp
08-28 18:56:30.295  1937  1937 E UsbDeviceManager: Failed to open control for mtp
08-28 18:56:30.316  1937  1937 E UsbPortManager: connectToProxy: usb hal service not found. Did the service fail to start?
08-28 18:56:30.316  1937  1937 E UsbPortManager: java.util.NoSuchElementException
08-28 18:56:30.316  1937  1937 E UsbPortManager: 	at android.os.HwBinder.getService(Native Method)
08-28 18:56:30.316  1937  1937 E UsbPortManager: 	at android.os.HwBinder.getService(HwBinder.java:91)
08-28 18:56:30.316  1937  1937 E UsbPortManager: 	at android.hardware.usb.V1_0.IUsb.getService(IUsb.java:48)
08-28 18:56:30.316  1937  1937 E UsbPortManager: 	at android.hardware.usb.V1_0.IUsb.getService(IUsb.java:52)
08-28 18:56:30.316  1937  1937 E UsbPortManager: 	at com.android.server.usb.UsbPortManager.connectToProxy(UsbPortManager.java:531)
08-28 18:56:30.316  1937  1937 E UsbPortManager: 	at com.android.server.usb.UsbPortManager.<init>(UsbPortManager.java:137)
08-28 18:56:30.316  1937  1937 E UsbPortManager: 	at com.android.server.usb.UsbService.<init>(UsbService.java:142)
08-28 18:56:30.316  1937  1937 E UsbPortManager: 	at com.android.server.usb.UsbService$Lifecycle.onStart(UsbService.java:73)
08-28 18:56:30.316  1937  1937 E UsbPortManager: 	at com.android.server.SystemServiceManager.startService(SystemServiceManager.java:126)
08-28 18:56:30.316  1937  1937 E UsbPortManager: 	at com.android.server.SystemServiceManager.startService(SystemServiceManager.java:113)
08-28 18:56:30.316  1937  1937 E UsbPortManager: 	at com.android.server.SystemServiceManager.startService(SystemServiceManager.java:72)
08-28 18:56:30.316  1937  1937 E UsbPortManager: 	at com.android.server.SystemServer.startOtherServices(SystemServer.java:1299)
08-28 18:56:30.316  1937  1937 E UsbPortManager: 	at com.android.server.SystemServer.run(SystemServer.java:431)
08-28 18:56:30.316  1937  1937 E UsbPortManager: 	at com.android.server.SystemServer.main(SystemServer.java:294)
08-28 18:56:30.316  1937  1937 E UsbPortManager: 	at java.lang.reflect.Method.invoke(Native Method)
08-28 18:56:30.316  1937  1937 E UsbPortManager: 	at com.android.internal.os.RuntimeInit$MethodAndArgsCaller.run(RuntimeInit.java:493)
08-28 18:56:30.316  1937  1937 E UsbPortManager: 	at com.android.internal.os.ZygoteInit.main(ZygoteInit.java:838)
08-28 18:56:30.319  1937  1937 I SystemServer: StartSerialService
08-28 18:56:30.320  1937  1937 I SystemServer: StartHardwarePropertiesManagerService
08-28 18:56:30.321  1937  1937 I SystemServer: StartTwilightService
08-28 18:56:30.321  1937  1937 I SystemServiceManager: Starting com.android.server.twilight.TwilightService
08-28 18:56:30.321  1937  1937 I SystemServer: StartJobScheduler
08-28 18:56:30.322  1937  1937 I SystemServiceManager: Starting com.android.server.job.JobSchedulerService
08-28 18:56:30.324  1937  1937 I JobStore: Read 0 jobs
08-28 18:56:30.330  1937  1937 I SystemServer: StartSoundTrigger
08-28 18:56:30.331  1937  1937 I SystemServiceManager: Starting com.android.server.soundtrigger.SoundTriggerService
08-28 18:56:30.332  1937  1937 I SystemServer: StartTrustManager
08-28 18:56:30.332  1937  1937 I SystemServiceManager: Starting com.android.server.trust.TrustManagerService
08-28 18:56:30.335  1937  1937 I SystemServer: StartBackupManager
08-28 18:56:30.336  1937  1937 I SystemServiceManager: Starting com.android.server.backup.BackupManagerService$Lifecycle
08-28 18:56:30.338  1937  1937 I SystemServer: StartAppWidgerService
08-28 18:56:30.338  1937  1937 I SystemServiceManager: Starting com.android.server.appwidget.AppWidgetService
08-28 18:56:30.348  1937  1937 I SystemServer: StartVoiceRecognitionManager
08-28 18:56:30.349  1937  1937 I SystemServiceManager: Starting com.android.server.voiceinteraction.VoiceInteractionManagerService
08-28 18:56:30.352  1937  1937 I SystemServer: StartGestureLauncher
08-28 18:56:30.352  1937  1937 I SystemServiceManager: Starting com.android.server.GestureLauncherService
08-28 18:56:30.352  1937  1937 I SystemServer: StartSensorNotification
08-28 18:56:30.352  1937  1937 I SystemServiceManager: Starting com.android.server.SensorNotificationService
08-28 18:56:30.352  1937  1937 I SystemServer: StartContextHubSystemService
08-28 18:56:30.352  1937  1937 I SystemServiceManager: Starting com.android.server.ContextHubSystemService
08-28 18:56:30.353  1937  1937 I SystemServer: StartDiskStatsService
08-28 18:56:30.355  1937  1937 I SystemServer: StartNetworkTimeUpdateService
08-28 18:56:30.357  1937  1937 I SystemServer: StartCommonTimeManagementService
08-28 18:56:30.358  1937  1937 I SystemServer: CertBlacklister
08-28 18:56:30.358  1937  1937 I SystemServer: StartEmergencyAffordanceService
08-28 18:56:30.359  1937  1937 I SystemServiceManager: Starting com.android.server.emergency.EmergencyAffordanceService
08-28 18:56:30.359  1937  1937 I SystemServer: StartDreamManager
08-28 18:56:30.359  1937  1937 I SystemServiceManager: Starting com.android.server.dreams.DreamManagerService
08-28 18:56:30.360  1937  1937 I SystemServer: AddGraphicsStatsService
08-28 18:56:30.363  1937  1937 I SystemServer: StartPrintManager
08-28 18:56:30.363  1937  1937 I SystemServiceManager: Starting com.android.server.print.PrintManagerService
08-28 18:56:30.364  1937  1937 I SystemServer: StartRestrictionManager
08-28 18:56:30.364  1937  1937 I SystemServiceManager: Starting com.android.server.restrictions.RestrictionsManagerService
08-28 18:56:30.366  1937  1937 I SystemServer: StartMediaSessionService
08-28 18:56:30.366  1937  1937 I SystemServiceManager: Starting com.android.server.media.MediaSessionService
08-28 18:56:30.370  1937  1937 I SystemServer: StartMediaUpdateService
08-28 18:56:30.371  1937  1937 I SystemServiceManager: Starting com.android.server.media.MediaUpdateService
08-28 18:56:30.371  1937  1937 I SystemServer: StartMediaResourceMonitor
08-28 18:56:30.371  1937  1937 I SystemServiceManager: Starting com.android.server.media.MediaResourceMonitorService
08-28 18:56:30.372  1937  1937 I SystemServer: StartMediaRouterService
08-28 18:56:30.373  1937  1937 I SystemServer: StartFingerprintSensor
08-28 18:56:30.373  1937  1937 I SystemServiceManager: Starting com.android.server.fingerprint.FingerprintService
08-28 18:56:30.375  1937  1990 V FingerprintService: mDaemon was null, reconnect to fingerprint
08-28 18:56:30.375  1937  1937 I SystemServer: StartBackgroundDexOptService
08-28 18:56:30.376  1937  1937 I SystemServer: StartPruneInstantAppsJobService
08-28 18:56:30.376  1937  1937 I SystemServer: StartShortcutServiceLifecycle
08-28 18:56:30.377  1937  1937 I SystemServiceManager: Starting com.android.server.pm.ShortcutService$Lifecycle
08-28 18:56:30.378  1937  1937 I SystemServer: StartLauncherAppsService
08-28 18:56:30.378  1937  1937 I SystemServiceManager: Starting com.android.server.pm.LauncherAppsService
08-28 18:56:30.380  1937  1937 I SystemServer: StartCrossProfileAppsService
08-28 18:56:30.380  1937  1937 I SystemServiceManager: Starting com.android.server.pm.CrossProfileAppsService
08-28 18:56:30.382  1937  1990 I chatty  : uid=1000 system_server expire 1 line
08-28 18:56:30.382  1937  1937 I SystemServer: StartMediaProjectionManager
08-28 18:56:30.382  1937  1937 I SystemServiceManager: Starting com.android.server.media.projection.MediaProjectionManagerService
08-28 18:56:30.383  1937  1990 V FingerprintService: Fingerprint HAL id: 4017262592
08-28 18:56:30.383  1795  1795 D FingerprintHal: ----------------> fingerprint_set_active_group -----------------> path /data/vendor_de/0/fpdata
08-28 18:56:30.383  1795  1795 D FingerprintHal: ----------------> loadFingerprints ----------------->
08-28 18:56:30.384  1795  1795 E FingerprintHal: Could not load fingerprints from storage at /data/vendor_de/0/fpdata/emufp.bin; it has not yet been created.
08-28 18:56:30.384  1795  1795 D FingerprintHal: ----------------> loadAuthenticatorId ----------------->
08-28 18:56:30.384  1795  1795 E FingerprintHal: Could not load authenticator id from storage at /data/vendor_de/0/fpdata/emuauthid.bin; it has not yet been created.
08-28 18:56:30.384  1795  1795 D FingerprintHal: ----------------> get_64bit_rand ----------------->
08-28 18:56:30.384  1795  1795 D FingerprintHal: ----------------> saveAuthenticatorId ----------------->
08-28 18:56:30.384  1795  1795 D FingerprintHal: Save authenticator id (0x6b8b4567327b23c6)
08-28 18:56:30.385  1937  1990 V FingerprintService: Enumerating user(0)
08-28 18:56:30.385  1937  1990 V FingerprintService: starting client InternalEnumerateClient(android), initiatedByClient = true
08-28 18:56:30.385  1795  1795 D FingerprintHal: ----------------> fingerprint_enumerate ----------------->
08-28 18:56:30.385  1795  1795 D android.hardware.biometrics.fingerprint@2.1-service: onEnumerate(fid=0, gid=0, rem=0)
08-28 18:56:30.391  1937  1937 I SystemServer: StartSliceManagerService
08-28 18:56:30.391  1937  1937 I SystemServiceManager: Starting com.android.server.slice.SliceManagerService$Lifecycle
08-28 18:56:30.394  1937  1937 I SystemServer: StartCameraServiceProxy
08-28 18:56:30.394  1937  1937 I SystemServiceManager: Starting com.android.server.camera.CameraServiceProxy
08-28 18:56:30.397  1937  1937 I SystemServer: StartStatsCompanionService
08-28 18:56:30.397  1937  1937 I SystemServiceManager: Starting com.android.server.stats.StatsCompanionService$Lifecycle
08-28 18:56:30.398  1937  1937 E KernelUidCpuFreqTimeReader: Failed to read /proc/uid_time_in_state: java.io.FileNotFoundException: /proc/uid_time_in_state (No such file or directory)
08-28 18:56:30.399  1937  1937 I SystemServer: StartJitCompilation
08-28 18:56:30.399  1937  1937 I SystemServer: StartMmsService
08-28 18:56:30.399  1937  1937 I SystemServiceManager: Starting com.android.server.MmsServiceBroker
08-28 18:56:30.399  1937  1937 I SystemServer: StartAutoFillService
08-28 18:56:30.400  1937  1937 I SystemServiceManager: Starting com.android.server.autofill.AutofillManagerService
08-28 18:56:30.401  1937  1937 I AutofillManagerService: Setting debug to false
08-28 18:56:30.403  1937  1937 I SystemServer: MakeVibratorServiceReady
08-28 18:56:30.403  1937  1937 I SystemServer: MakeLockSettingsServiceReady
08-28 18:56:30.429  1937  1937 I LockSettingsService: Migrated lock settings to new location
08-28 18:56:30.431  1937  1937 I LockSettingsService: Migrated per-user lock settings to new location
08-28 18:56:30.435  1937  1937 I LockSettingsService: Migrated biometric weak to use the fallback instead
08-28 18:56:30.436  1937  1937 I LockSettingsService: Migrated lockscreen disabled flag
08-28 18:56:30.442  1937  1937 I SyntheticPasswordManager: Device does not support weaver
08-28 18:56:30.443  1937  1937 I LockSettingsService: Device doesn't implement AuthSecret HAL
08-28 18:56:30.444  1937  1937 E LockSettingsStorage: Cannot read file java.io.FileNotFoundException: /data/system/gatekeeper.password.key: open failed: ENOENT (No such file or directory)
08-28 18:56:30.445  1937  1937 E LockSettingsStorage: Cannot read file java.io.FileNotFoundException: /data/system/password.key: open failed: ENOENT (No such file or directory)
08-28 18:56:30.445  1937  1937 E LockSettingsStorage: Cannot read file java.io.FileNotFoundException: /data/system/gatekeeper.pattern.key: open failed: ENOENT (No such file or directory)
08-28 18:56:30.445  1937  1937 E LockSettingsStorage: Cannot read file java.io.FileNotFoundException: /data/system/gatekeeper.gesture.key: open failed: ENOENT (No such file or directory)
08-28 18:56:30.445  1937  1937 E LockSettingsStorage: Cannot read file java.io.FileNotFoundException: /data/system/gesture.key: open failed: ENOENT (No such file or directory)
08-28 18:56:30.446  1937  1937 I SystemServer: StartBootPhaseLockSettingsReady
08-28 18:56:30.446  1937  1937 I SystemServiceManager: Starting phase 480
08-28 18:56:30.458  1937  1937 I SystemServer: StartBootPhaseSystemServicesReady
08-28 18:56:30.458  1937  1937 I SystemServiceManager: Starting phase 500
08-28 18:56:30.461  1937  1937 D AppStandbyController: Setting app idle enabled state
08-28 18:56:30.463  1937  1937 D AppStandbyController: Initializing defaults for system apps on user 0, appIdleEnabled=false
08-28 18:56:30.464  1937  1937 E AppIdleHistory: Unable to read app idle file for user 0
08-28 18:56:30.467  1937  1937 I VrManagerService: No default vr listener service found.
08-28 18:56:30.480  1937  1937 I WifiService: WifiService starting up with Wi-Fi enabled
08-28 18:56:30.484  1937  2051 I chatty  : uid=1000(system) HwBinder:1937_2 expire 4 lines
08-28 18:56:30.493  1937  1937 D WifiService: setWifiEnabled: true pid=1937, uid=1000, package=android
08-28 18:56:30.510  1654  1654 D PermissionCache: checking android.permission.CAPTURE_AUDIO_HOTWORD for uid=1000 => granted (392 us)
08-28 18:56:30.511  1937  1937 W SoundTriggerHelper: listModules status=0, # of modules=0
08-28 18:56:30.513  1937  2032 I chatty  : uid=1000(system) WifiService expire 3 lines
08-28 18:56:30.513  1937  1937 I SystemServer: MakeWindowManagerServiceReady
08-28 18:56:30.517  1937  1937 I SystemServer: MakePowerManagerServiceReady
08-28 18:56:30.532  1937  1937 I SystemServer: MakePackageManagerServiceReady
08-28 18:56:30.537  1937  1961 W KeyguardServiceDelegate: onScreenTurningOn(): no keyguard service!
08-28 18:56:30.681  1937  1937 I SyncManager: No initial accounts
08-28 18:56:30.681  1937  1937 I SyncManager: No initial status
08-28 18:56:30.681  1937  1937 I SyncManager: No initial statistics
08-28 18:56:30.839  1937  1937 V UserDataPreparer: Found /data/user_de/0 with serial number -1
08-28 18:56:30.840  1937  1937 D UserDataPreparer: Serial number missing on /data/user_de/0; assuming current is valid
08-28 18:56:30.840  1937  1937 V UserDataPreparer: Found /data/user/0 with serial number -1
08-28 18:56:30.840  1937  1937 D UserDataPreparer: Serial number missing on /data/user/0; assuming current is valid
08-28 18:56:30.840  1937  1937 V UserDataPreparer: Found /data/system_de/0 with serial number -1
08-28 18:56:30.840  1937  1937 D UserDataPreparer: Serial number missing on /data/system_de/0; assuming current is valid
08-28 18:56:30.841  1937  1937 I SystemServer: MakeDisplayManagerServiceReady
08-28 18:56:30.841  1937  1937 I SystemServer: StartDeviceSpecificServices
08-28 18:56:30.841  1937  1937 I SystemServer: StartBootPhaseDeviceSpecificServicesReady
08-28 18:56:30.841  1937  1937 I SystemServiceManager: Starting phase 520
08-28 18:56:30.846  1937  1937 W UsageStatsService: Event reported without a package name
08-28 18:56:30.848  1937  1937 I ActivityManager: System now ready
08-28 18:56:30.851  1937  1937 I SystemServer: Making services ready
08-28 18:56:30.851  1937  1937 I SystemServer: StartActivityManagerReadyPhase
08-28 18:56:30.852  1937  1937 I SystemServiceManager: Starting phase 550
08-28 18:56:30.853  1937  1937 W ActivityManager: Too early to start/bind service in system_server: Phase=550 ComponentInfo{com.android.server.telecom/com.android.server.telecom.components.TelecomService}
08-28 18:56:30.854  1937  1937 W ActivityManager: Too early to start/bind service in system_server: Phase=550 ComponentInfo{com.android.server.telecom/com.android.server.telecom.components.TelecomService}
08-28 18:56:30.887  1937  2009 D StorageManagerService: Thinking about init, mSystemReady=true, mDaemonConnected=true
08-28 18:56:30.887  1937  2009 D StorageManagerService: Setting up emulation state, initlocked=false
08-28 18:56:30.888  1937  2009 D StorageManagerService: Thinking about reset, mSystemReady=true, mDaemonConnected=true
08-28 18:56:30.888  1937  1951 I ActivityManager: Force stopping com.android.providers.media appid=10015 user=-1: vold reset
08-28 18:56:30.889  1937  2025 V StorageManagerService: Found primary storage at VolumeInfo{emulated}:
08-28 18:56:30.889  1937  2025 V StorageManagerService:     type=EMULATED diskId=null partGuid= mountFlags=0 mountUserId=-1 
08-28 18:56:30.889  1937  2025 V StorageManagerService:     state=UNMOUNTED 
08-28 18:56:30.889  1937  2025 V StorageManagerService:     fsType=null fsUuid=null fsLabel=null 
08-28 18:56:30.889  1937  2025 V StorageManagerService:     path=null internalPath=null 
08-28 18:56:30.899  1937  1937 I LockSettingsService: Migrated migrated_frp.
08-28 18:56:30.900  1937  1937 I WallpaperManagerService: No static wallpaper imagery; defaults will be shown
08-28 18:56:30.901  1937  1937 W WallpaperManagerService: no current wallpaper -- first boot?
08-28 18:56:30.902  1937  1950 E AutofillManagerServiceImpl: Bad AutofillService name: com.google.android.gms/.autofill.service.AutofillService
08-28 18:56:30.903  1937  2044 I chatty  : uid=1000(system) AudioService expire 4 lines
08-28 18:56:30.903  1937  1937 I SystemServer: StartObservingNativeCrashes
08-28 18:56:30.905  1937  1953 I ActivityManager: Start proc 2063:com.google.android.inputmethod.latin/u0a72 for service com.google.android.inputmethod.latin/com.android.inputmethod.latin.LatinIME
08-28 18:56:30.907  1654  1701 I AudioFlinger: systemReady
08-28 18:56:30.907  2062  2062 W sdcard  : Device explicitly enabled sdcardfs
08-28 18:56:30.907  2063  2063 W putmethod.lati: Unexpected CPU variant for X86 using defaults: x86
08-28 18:56:30.908  1937  1986 I SystemServer: WebViewFactoryPreparation
08-28 18:56:30.909  1937  1937 I SystemServer: StartSystemUI
08-28 18:56:30.910  1937  1950 E AutofillManagerServiceImpl: Bad AutofillService name: com.google.android.gms/.autofill.service.AutofillService
08-28 18:56:30.912  2063  2063 E putmethod.lati: Not starting debugger since process cannot load the jdwp agent.
08-28 18:56:30.921  1937  1937 I SystemServer: MakeNetworkManagementServiceReady
08-28 18:56:30.924  1937  1937 D NetworkManagement: enabling bandwidth control
08-28 18:56:30.924  1937  1953 I ActivityManager: Start proc 2079:com.google.android.gms.persistent/u0a14 for broadcast com.google.android.gms/.chimera.GmsIntentOperationService$PersistentTrustedReceiver
08-28 18:56:30.936  2079  2079 W .gms.persisten: Unexpected CPU variant for X86 using defaults: x86
08-28 18:56:30.940  1782  1840 W MediaExtractorFactory: couldn't dlopen(/system/lib/extractors/.) Is a directory
08-28 18:56:30.941  2079  2079 E .gms.persisten: Not starting debugger since process cannot load the jdwp agent.
08-28 18:56:30.954  1937  1986 I chatty  : uid=1000 system_server expire 1 line
08-28 18:56:30.957  2089  2089 W ndroid.systemu: Unexpected CPU variant for X86 using defaults: x86
08-28 18:56:30.958  1937  1953 I ActivityManager: Start proc 2089:com.android.systemui/u0a25 for service com.android.systemui/.SystemUIService
08-28 18:56:30.968  2089  2089 E ndroid.systemu: Not starting debugger since process cannot load the jdwp agent.
08-28 18:56:30.978  1937  1937 I SystemServer: MakeIpSecServiceReady
08-28 18:56:30.979  1937  1937 D IpSecService: IpSecService is ready
08-28 18:56:30.979  1937  1937 I SystemServer: MakeNetworkStatsServiceReady
08-28 18:56:30.986  1782  1840 E linker  : library "/system/lib/extractors/.." ("/system/lib") needed or dlopened by "/system/lib/libstagefright.so" is not accessible for the namespace: [name="(default)", ld_library_paths="", default_library_paths="/system/lib", permitted_paths="/system/lib/drm:/system/lib/extractors:/system/lib/hw:/system/product/lib:/system/framework:/system/app:/system/priv-app:/vendor/framework:/vendor/app:/vendor/priv-app:/odm/framework:/odm/app:/odm/priv-app:/oem/app:/system/product/framework:/system/product/app:/system/product/priv-app:/data:/mnt/expand"]
