08-28 18:56:38.524  2199  2463 D IccSmsInterfaceManager: [IccSmsInterfaceManager] Calling setCdmaBroadcastConfig with 1 configurations
08-28 18:56:38.529  2731  2780 W id.apps.restor: Unsupported class loader
08-28 18:56:38.529  2199  2463 D IccSmsInterfaceManager: [IccSmsInterfaceManager] Failed to add cdma broadcast subscription for MID range 4099 to 4099 from client com.android.cellbroadcastreceiver
08-28 18:56:38.530  2731  2780 W id.apps.restor: Skipping duplicate class check due to unsupported classloader
08-28 18:56:38.546  2731  2780 W ContextImpl: Failed to ensure /data/user/0/com.google.android.gms/shared_prefs: mkdir failed: EACCES (Permission denied)
08-28 18:56:38.550  2199  2655 D IccSmsInterfaceManager: [IccSmsInterfaceManager] Calling setGsmBroadcastConfig with 1 configurations
08-28 18:56:38.551  2731  2780 W DynamiteModule: Local module descriptor class for com.google.android.gms.crash not found.
08-28 18:56:38.556  2731  2780 I DynamiteModule: Considering local module com.google.android.gms.crash:0 and remote module com.google.android.gms.crash:215
08-28 18:56:38.556  2731  2780 I DynamiteModule: Selected remote version of com.google.android.gms.crash, version >= 215
08-28 18:56:38.562  2199  2655 D IccSmsInterfaceManager: [IccSmsInterfaceManager] Failed to add GSM cell broadcast subscription for MID range 4392 to 4392 from client com.android.cellbroadcastreceiver
08-28 18:56:38.573  2249  2249 I SetupWizard: [GmsCheckinMonitor] Checking Android ID
08-28 18:56:38.578  2199  2655 D IccSmsInterfaceManager: [IccSmsInterfaceManager] Failed to remove GSM cell broadcast subscription for MID range 4380 to 4380 from client com.android.cellbroadcastreceiver
08-28 18:56:38.580  2731  2780 I FirebaseCrashApiImpl: FirebaseCrashApiImpl created by ClassLoader ac[DexPathList[[zip file "/system/priv-app/PrebuiltGmsCore/app_chimera/m/DynamiteModulesC.apk"],nativeLibraryDirectories=[/data/user_de/0/com.google.android.gms/app_chimera/m/00000004/n/x86, /data/user_de/0/com.google.android.gms/app_chimera/m/00000004/n/armeabi-v7a, /data/user_de/0/com.google.android.gms/app_chimera/m/00000004/n/armeabi, /system/lib]]]
08-28 18:56:38.580  2731  2780 I FirebaseCrash: FirebaseCrash reporting loaded - chd@af73d2d
08-28 18:56:38.586  2731  2799 I FA      : App measurement is starting up, version: 12211
08-28 18:56:38.586  2731  2799 I FA      : To enable debug logging run: adb shell setprop log.tag.FA VERBOSE
08-28 18:56:38.586  2731  2799 I FA      : To enable faster debug mode event logging run:
08-28 18:56:38.586  2731  2799 I FA      :   adb shell setprop debug.firebase.analytics.app com.google.android.apps.restore
08-28 18:56:38.588  2199  2655 D IccSmsInterfaceManager: [IccSmsInterfaceManager] Failed to remove cdma broadcast subscription for MID range 4100 to 4100 from client com.android.cellbroadcastreceiver
08-28 18:56:38.589  1937  1951 W BroadcastQueue: Permission Denial: broadcasting Intent { act=com.google.android.gsf.settings.GoogleLocationSettings.UPDATE_LOCATION_SETTINGS flg=0x10 } from com.google.android.sdksetup (pid=2692, uid=10022) requires com.google.android.gms.permission.INTERNAL_BROADCAST due to registered receiver BroadcastFilter{8e9d528 u0 ReceiverList{839b2e0 2079 com.google.android.gms.persistent/10014/u0 remote:64ed8e3}}
08-28 18:56:38.589  2692  2692 W Settings: Setting install_non_market_apps has moved from android.provider.Settings.Global to android.provider.Settings.Secure, value is unchanged.
08-28 18:56:38.591  1937  1937 V SettingsProvider: Notifying for 0: content://settings/secure/install_non_market_apps
08-28 18:56:38.592  1937  1966 I ActivityManager: Killing 2692:com.google.android.sdksetup/u0a22 (adj 0): change com.google.android.sdksetup
08-28 18:56:38.593  1937  1957 W Looper  : Slow dispatch took 211ms android.fg h=com.android.server.usb.UsbDeviceManager$UsbHandlerLegacy c=null m=1
08-28 18:56:38.597  2199  2655 D IccSmsInterfaceManager: [IccSmsInterfaceManager] Failed to remove GSM cell broadcast subscription for MID range 4393 to 4393 from client com.android.cellbroadcastreceiver
08-28 18:56:38.600  1937  1966 I ActivityManager:   Force finishing activity ActivityRecord{2a42ef1 u0 com.google.android.sdksetup/.DefaultActivity t4}
08-28 18:56:38.605  1937  1966 I ActivityManager: START u0 {act=android.intent.action.MAIN cat=[android.intent.category.HOME] flg=0x10000100 cmp=com.google.android.apps.nexuslauncher/.NexusLauncherActivity} from uid 0
08-28 18:56:38.606  2199  2655 D IccSmsInterfaceManager: [IccSmsInterfaceManager] Failed to remove GSM cell broadcast subscription for MID range 4381 to 4381 from client com.android.cellbroadcastreceiver
08-28 18:56:38.611  2199  2655 D IccSmsInterfaceManager: [IccSmsInterfaceManager] Failed to remove GSM cell broadcast subscription for MID range 4394 to 4394 from client com.android.cellbroadcastreceiver
08-28 18:56:38.626  1937  2608 W ActivityManager: Finishing task with all activities already finished
08-28 18:56:38.627  1937  2608 W ActivityManager: Duplicate finish request for ActivityRecord{2a42ef1 u0 com.google.android.sdksetup/.DefaultActivity t4 f}
08-28 18:56:38.628  1775  1775 I Zygote  : Process 2692 exited due to signal (9)
08-28 18:56:38.642  2199  2655 D IccSmsInterfaceManager: [IccSmsInterfaceManager] Failed to remove GSM cell broadcast subscription for MID range 4382 to 4382 from client com.android.cellbroadcastreceiver
08-28 18:56:38.652  1937  1953 W ActivityManager: Slow operation: 57ms so far, now at startProcess: returned from zygote!
08-28 18:56:38.654  2823  2823 W ndroid.sdksetu: Unexpected CPU variant for X86 using defaults: x86
08-28 18:56:38.657  2823  2823 E ndroid.sdksetu: Not starting debugger since process cannot load the jdwp agent.
08-28 18:56:38.663  2199  2199 D ImsResolver: maybeAddedImsService, packageName: com.google.android.sdksetup
08-28 18:56:38.665  1937  1953 W ActivityManager: Slow operation: 71ms so far, now at startProcess: done updating battery stats
08-28 18:56:38.665  1646  1693 D gralloc_ranchu: gralloc_alloc: Creating ashmem region of size 8298496
08-28 18:56:38.665  1937  1953 W ActivityManager: Slow operation: 71ms so far, now at startProcess: building log message
08-28 18:56:38.665  1937  1953 I ActivityManager: Start proc 2823:com.google.android.sdksetup/u0a22 for activity com.google.android.sdksetup/.DefaultActivity
08-28 18:56:38.666  1937  1953 W ActivityManager: Slow operation: 71ms so far, now at startProcess: starting to update pids map
08-28 18:56:38.666  1937  1953 W ActivityManager: Slow operation: 71ms so far, now at startProcess: done updating pids map
08-28 18:56:38.699  2199  2655 D IccSmsInterfaceManager: [IccSmsInterfaceManager] Failed to remove GSM cell broadcast subscription for MID range 4395 to 4395 from client com.android.cellbroadcastreceiver
08-28 18:56:38.699  1937  2635 W ActivityManager: Unable to start service Intent { act=com.google.android.apps.miphone.aiai.matchmaker.api.IScreenMatchmaker cmp=com.google.android.as/com.google.android.apps.miphone.aiai.matchmaker.MatchmakerService2 } U=0: not found
08-28 18:56:38.701  2705  2705 D TouchInteractionService: Touch service connected
08-28 18:56:38.703  2731  2781 I DynamiteModule: Considering local module com.google.android.gms.flags:2 and remote module com.google.android.gms.flags:3
08-28 18:56:38.703  2731  2781 I DynamiteModule: Selected remote version of com.google.android.gms.flags, version >= 3
08-28 18:56:38.707  2199  2655 D IccSmsInterfaceManager: [IccSmsInterfaceManager] Calling setGsmBroadcastConfig with 1 configurations
08-28 18:56:38.718  2705  2705 W ActivityThread: handleWindowVisibility: no activity for token android.os.BinderProxy@4040be3
08-28 18:56:38.720  2249  2249 I SetupWizard: [GmsCheckinMonitor] Requesting checkin
08-28 18:56:38.738  1774  1821 W SurfaceFlinger: Attempting to destroy on removed layer: AppWindowToken{ae6596d token=Token{334fd84 ActivityRecord{17bd797 u0 com.android.settings/.FallbackHome t3}}}#0
08-28 18:56:38.739  2845  2845 W putmethod.lati: Unexpected CPU variant for X86 using defaults: x86
08-28 18:56:38.743  2823  2823 I ndroid.sdksetu: The ClassLoaderContext is a special shared library.
08-28 18:56:38.744  2731  2781 W DynamiteModule: Local module descriptor class for com.google.android.gms.crash not found.
08-28 18:56:38.753  1646  1693 D gralloc_ranchu: gralloc_alloc: Creating ashmem region of size 8298496
08-28 18:56:38.765  2845  2845 E putmethod.lati: Not starting debugger since process cannot load the jdwp agent.
08-28 18:56:38.767  2820  2820 I adbd    : Calling send_auth_request...
08-28 18:56:38.772  1937  1953 W ActivityManager: Slow operation: 58ms so far, now at startProcess: done updating battery stats
08-28 18:56:38.772  1937  1953 W ActivityManager: Slow operation: 58ms so far, now at startProcess: building log message
08-28 18:56:38.772  1937  1953 I ActivityManager: Start proc 2845:com.google.android.inputmethod.latin/u0a72 for service com.google.android.inputmethod.latin/com.android.inputmethod.latin.LatinIME
08-28 18:56:38.772  1937  1953 W ActivityManager: Slow operation: 58ms so far, now at startProcess: starting to update pids map
08-28 18:56:38.772  1937  1953 W ActivityManager: Slow operation: 58ms so far, now at startProcess: done updating pids map
08-28 18:56:38.778  2199  2199 D CarrierSvcBindHelper: No carrier app for: 0
08-28 18:56:38.778  2199  2655 D IccSmsInterfaceManager: [IccSmsInterfaceManager] Failed to add GSM cell broadcast subscription for MID range 4352 to 4354 from client com.android.cellbroadcastreceiver
08-28 18:56:38.792  1937  1937 I Telecom : DefaultDialerCache: Refreshing default dialer for user 0: now com.google.android.dialer: DDC.oR@AEM
08-28 18:56:38.793  2199  2655 D IccSmsInterfaceManager: [IccSmsInterfaceManager] Calling setGsmBroadcastConfig with 1 configurations
08-28 18:56:38.798  2820  2820 I adbd    : Loading keys from /data/misc/adb/adb_keys
08-28 18:56:38.802  2199  2655 D IccSmsInterfaceManager: [IccSmsInterfaceManager] Failed to add GSM cell broadcast subscription for MID range 4356 to 4356 from client com.android.cellbroadcastreceiver
08-28 18:56:38.808  2820  2820 I adbd    : adb client authorized
08-28 18:56:38.809  2673  2858 I SharedPreferencesProto: load shared preferences: file not found
08-28 18:56:38.814  2199  2463 D IccSmsInterfaceManager: [IccSmsInterfaceManager] Failed to remove GSM cell broadcast subscription for MID range 4355 to 4355 from client com.android.cellbroadcastreceiver
08-28 18:56:38.826  1937  2822 W WallpaperManagerService: Cannot extract colors because wallpaper could not be read.
08-28 18:56:38.826  1937  2822 W WallpaperManagerService: Cannot get theme colors because WallpaperColors is null.
08-28 18:56:38.829  2845  2845 I putmethod.lati: The ClassLoaderContext is a special shared library.
08-28 18:56:38.830  2845  2845 I putmethod.lati: The ClassLoaderContext is a special shared library.
08-28 18:56:38.845  2657  2657 D MediaScannerReceiver: action: android.intent.action.MEDIA_MOUNTED path: /storage/1921-231C
08-28 18:56:38.850  2673  2864 I SharedPreferencesProto: load shared preferences: file not found
08-28 18:56:38.854  2673  2673 E ActivityThread: Failed to find provider info for com.google.android.voicesearch
08-28 18:56:38.883  2845  2845 I InputContentProvider: Created InputContentProvider: exported=[false]
08-28 18:56:38.891  1937  1953 I ActivityManager: Start proc 2868:com.google.android.apps.photos/u0a58 for broadcast com.google.android.apps.photos/.sdcard.envcache.ExternalStorageStateChangeBroadcastReceiver
08-28 18:56:38.893  2868  2868 W oid.apps.photo: Unexpected CPU variant for X86 using defaults: x86
08-28 18:56:38.905  2731  2781 I FirebaseCrashApiImpl: FirebaseCrash reporting API initialized
08-28 18:56:38.913  2249  2249 I SetupWizard: [FrpHelper] frpStatus=supported=false challengeRequired=false duration=1493ms
08-28 18:56:38.933  2868  2868 E oid.apps.photo: Not starting debugger since process cannot load the jdwp agent.
08-28 18:56:38.951  2089  2335 D EGL_emulation: eglMakeCurrent: 0xcc57c480: ver 2 0 (tinfo 0xe66f3210)
08-28 18:56:38.953  2673  2864 E earchbox:searc: The String#value field is not present on Android versions >= 6.0
08-28 18:56:38.998  2845  2845 I TransientFileCleaner: Deleting 0 files
08-28 18:56:38.998  2845  2845 I TransientFileCleaner: Deleting 0 files
08-28 18:56:38.999  2089  2335 D EGL_emulation: eglMakeCurrent: 0xcc57c480: ver 2 0 (tinfo 0xe66f3210)
08-28 18:56:39.030  2845  2845 I ModuleManager: Key 'module:com.google.android.apps.inputmethod.libs.search.IUniversalMediaExtension' has value 'res/xml/extension_universal_media.xml'
08-28 18:56:39.059  2705  2901 D ProtoStore: no cached data
08-28 18:56:39.059  2705  2901 D ProtoStore: no cached data
08-28 18:56:39.084  2868  2868 I oid.apps.photo: The ClassLoaderContext is a special shared library.
08-28 18:56:39.099  2845  2845 I ModuleManager: Adding [GIMS_UserUnlocked] NotificationListener for module com.google.android.apps.inputmethod.libs.search.universalmedia.UniversalMediaExtension
08-28 18:56:39.099  2845  2845 I ModuleManager: Unexpected key 'com.google.android.partnersetup.RLZ_BOUNTY_ACCESS_POINT' does not match 'module:'
08-28 18:56:39.099  2845  2845 I ModuleManager: Key 'module:com.google.android.apps.inputmethod.libs.search.IDoodleExtension' has value 'res/xml/extension_doodle.xml'
08-28 18:56:39.100  2845  2845 I ModuleManager: Adding [GIMS_UserUnlocked] NotificationListener for module com.google.android.apps.inputmethod.libs.search.doodle.DoodleExtension
08-28 18:56:39.100  2845  2845 I ModuleManager: Key 'module:com.google.android.apps.inputmethod.libs.translate.ITranslateUIExtension' has value 'res/xml/extension_def_translate.xml'
08-28 18:56:39.101  2845  2845 I ModuleManager: Adding [GIMS_UserUnlocked] NotificationListener for module com.google.android.apps.inputmethod.libs.translate.TranslateUIExtension
08-28 18:56:39.101  2845  2845 I ModuleManager: Key 'module:com.google.android.apps.inputmethod.libs.hmm.superpacks.IHmmModule' has value 'res/xml/module_hmm.xml'
08-28 18:56:39.101  2845  2845 I ModuleManager: Adding [GIMS_UserUnlocked] NotificationListener for module com.google.android.apps.inputmethod.libs.hmm.superpacks.HmmModule
08-28 18:56:39.101  2845  2845 I ModuleManager: Key 'module:com.google.android.apps.inputmethod.libs.search.sense.IConversationToQueryExtension' has value 'res/xml/extension_conv2query.xml'
08-28 18:56:39.102  2845  2845 I ModuleManager: Adding [GIMS_UserUnlocked] NotificationListener for module com.google.android.apps.inputmethod.libs.search.sense.ConversationToQueryExtension
08-28 18:56:39.102  2845  2845 I ModuleManager: Key 'module:com.google.android.apps.inputmethod.libs.search.IDefaultStickerExtension' has value 'res/xml/extension_default_sticker.xml'
08-28 18:56:39.103  2845  2845 I ModuleManager: Adding [GIMS_UserUnlocked] NotificationListener for module com.google.android.apps.inputmethod.libs.search.sticker.DefaultStickerExtension
08-28 18:56:39.103  2845  2845 I ModuleManager: Key 'module:com.google.android.apps.inputmethod.libs.pill.IPillExtension' has value 'res/xml/extension_pill.xml'
08-28 18:56:39.104  2845  2845 I ModuleManager: Adding [GIMS_UserUnlocked] NotificationListener for module com.google.android.apps.inputmethod.libs.pill.PillExtension
08-28 18:56:39.104  2845  2845 I ModuleManager: Key 'module:com.google.android.apps.inputmethod.libs.search.IStickerExtension' has value 'res/xml/extension_sticker.xml'
08-28 18:56:39.105  2845  2845 I ModuleManager: Adding [GIMS_UserUnlocked] NotificationListener for module com.google.android.apps.inputmethod.libs.search.sticker.StickerExtension
08-28 18:56:39.105  2845  2845 I ModuleManager: Key 'module:com.google.android.apps.inputmethod.libs.search.IGifKeyboardExtension' has value 'res/xml/extension_gif_search.xml'
08-28 18:56:39.107  2845  2845 I ModuleManager: Adding [GIMS_UserUnlocked] NotificationListener for module com.google.android.apps.inputmethod.libs.search.gif.GifExtensionImpl
08-28 18:56:39.107  2845  2845 I ModuleManager: Key 'module:com.google.android.apps.inputmethod.libs.search.IEmoticonExtension' has value 'res/xml/extension_emoticon.xml'
08-28 18:56:39.108  2845  2845 I ModuleManager: Adding [GIMS_UserUnlocked] NotificationListener for module com.google.android.apps.inputmethod.libs.search.emoji.EmoticonExtension
08-28 18:56:39.109  2845  2845 I ModuleManager: Unexpected key 'com.google.android.backup.api_key' does not match 'module:'
08-28 18:56:39.109  2845  2845 I ModuleManager: Key 'module:com.google.android.apps.inputmethod.libs.handwriting.ime.IHandwritingImeExtension' has value 'res/xml/extension_handwriting_ime.xml'
08-28 18:56:39.109  2845  2845 I ModuleManager: Adding [GIMS_UserUnlocked] NotificationListener for module com.google.android.apps.inputmethod.libs.handwriting.ime.HandwritingImeExtension
08-28 18:56:39.109  2845  2845 I ModuleManager: Key 'module:com.google.android.apps.inputmethod.libs.search.IEmojiDataExtension' has value 'res/xml/extension_emoji_data.xml'
08-28 18:56:39.110  2845  2845 I ModuleManager: Adding [GIMS_UserUnlocked] NotificationListener for module com.google.android.apps.inputmethod.libs.search.emojidata.EmojiDataExtension
08-28 18:56:39.110  2845  2845 I ModuleManager: Key 'module:com.google.android.apps.inputmethod.libs.search.IEmojiOrGifExtension' has value 'res/xml/extension_emoji_or_gif.xml'
08-28 18:56:39.111  2845  2845 I ModuleManager: Adding [GIMS_UserUnlocked] NotificationListener for module com.google.android.apps.inputmethod.libs.search.ArtExtension
08-28 18:56:39.111  2845  2845 I ModuleManager: Key 'module:com.google.android.apps.inputmethod.libs.search.INativeCardExtension' has value 'res/xml/extension_native_card.xml'
08-28 18:56:39.112  2845  2845 I ModuleManager: Adding [GIMS_UserUnlocked] NotificationListener for module com.google.android.apps.inputmethod.libs.search.nativecard.NativeCardExtension
08-28 18:56:39.112  2845  2845 I ModuleManager: Key 'module:com.google.android.apps.inputmethod.libs.voiceime.IVoiceImeExtension' has value 'res/xml/extension_voice_ime.xml'
08-28 18:56:39.113  2845  2845 I ModuleManager: Adding [App_UserUnlocked] NotificationListener for module com.google.android.apps.inputmethod.libs.voiceime.VoiceImeExtension
08-28 18:56:39.113  2845  2845 I ModuleManager: Unexpected key 'com.google.android.gms.version' does not match 'module:'
08-28 18:56:39.114  2845  2845 I ModuleManager: Key 'module:com.google.android.apps.inputmethod.libs.search.IEmojiSearchExtension' has value 'res/xml/extension_emoji_search.xml'
08-28 18:56:39.114  2845  2845 I ModuleManager: Adding [GIMS_UserUnlocked] NotificationListener for module com.google.android.apps.inputmethod.libs.search.emoji.EmojiSearchExtension
08-28 18:56:39.114  2845  2845 I ModuleManager: Key 'module:com.google.android.apps.inputmethod.libs.textediting.ITextEditingExtension' has value 'res/xml/extension_text_editing.xml'
08-28 18:56:39.115  2845  2845 I ModuleManager: Adding [GIMS_UserUnlocked] NotificationListener for module com.google.android.apps.inputmethod.libs.textediting.TextEditingExtension
08-28 18:56:39.115  2845  2845 I ModuleManager: Key 'module:com.google.android.apps.inputmethod.libs.search.IGifEntryPointCandidateExtension' has value 'res/xml/extension_gif_entry_point_candidate.xml'
08-28 18:56:39.115  2845  2845 I ModuleManager: Adding [GIMS_UserUnlocked] NotificationListener for module com.google.android.apps.inputmethod.libs.search.gif.GifEntryPointCandidateExtension
08-28 18:56:39.115  2845  2845 I ModuleManager: Key 'module:com.google.android.apps.inputmethod.libs.search.IBitmojiExtension' has value 'res/xml/extension_bitmoji.xml'
08-28 18:56:39.126  1774  1917 E SurfaceFlinger: ro.sf.lcd_density must be defined as a build property
08-28 18:56:39.130  2845  2845 I ModuleManager: Adding [GIMS_UserUnlocked] NotificationListener for module com.google.android.apps.inputmethod.libs.search.sticker.BitmojiExtension
08-28 18:56:39.130  2845  2845 I ModuleManager: Key 'module:com.google.android.apps.inputmethod.libs.search.IFeatureCardNoticeExtension' has value 'res/xml/extension_feature_notice.xml'
08-28 18:56:39.130  2845  2845 I ModuleManager: Adding [GIMS_UserUnlocked] NotificationListener for module com.google.android.apps.inputmethod.libs.search.nativecard.FeatureCardNoticeExtension
08-28 18:56:39.130  2845  2845 I LatinApp: onCreate()
08-28 18:56:39.146  2673  2673 I VelvetUpgradeTasks: Velvet upgraded from -1 to 300773408: running upgrade tasks.
08-28 18:56:39.146  2673  2673 I VelvetUpgradeTasks: System upgraded from null to PSR1.180720.117: running system upgrade tasks.
08-28 18:56:39.191  2705  2705 W ActionsController: content provider not found
08-28 18:56:39.191  2705  2705 W ActionsController: java.lang.SecurityException: Failed to find provider com.google.android.as.allapps.actionsuggestprovider for user 0; expected to find a valid ContentProvider for this authority
08-28 18:56:39.191  2705  2705 W ActionsController: 	at android.os.Parcel.createException(Parcel.java:1950)
08-28 18:56:39.191  2705  2705 W ActionsController: 	at android.os.Parcel.readException(Parcel.java:1918)
08-28 18:56:39.191  2705  2705 W ActionsController: 	at android.os.Parcel.readException(Parcel.java:1868)
08-28 18:56:39.191  2705  2705 W ActionsController: 	at android.content.IContentService$Stub$Proxy.registerContentObserver(IContentService.java:779)
08-28 18:56:39.191  2705  2705 W ActionsController: 	at android.content.ContentResolver.registerContentObserver(ContentResolver.java:1972)
08-28 18:56:39.191  2705  2705 W ActionsController: 	at android.content.ContentResolver.registerContentObserver(ContentResolver.java:1961)
08-28 18:56:39.191  2705  2705 W ActionsController: 	at com.google.android.apps.nexuslauncher.allapps.d.cY(SourceFile:193)
08-28 18:56:39.191  2705  2705 W ActionsController: 	at com.google.android.apps.nexuslauncher.allapps.d.<init>(SourceFile:156)
08-28 18:56:39.191  2705  2705 W ActionsController: 	at com.google.android.apps.nexuslauncher.allapps.d.c(SourceFile:116)
08-28 18:56:39.191  2705  2705 W ActionsController: 	at com.google.android.apps.nexuslauncher.allapps.ActionsRowView.onAttachedToWindow(SourceFile:162)
08-28 18:56:39.191  2705  2705 W ActionsController: 	at android.view.View.dispatchAttachedToWindow(View.java:18347)
08-28 18:56:39.191  2705  2705 W ActionsController: 	at android.view.ViewGroup.dispatchAttachedToWindow(ViewGroup.java:3397)
08-28 18:56:39.191  2705  2705 W ActionsController: 	at android.view.ViewGroup.dispatchAttachedToWindow(ViewGroup.java:3404)
08-28 18:56:39.191  2705  2705 W ActionsController: 	at android.view.ViewGroup.dispatchAttachedToWindow(ViewGroup.java:3404)
08-28 18:56:39.191  2705  2705 W ActionsController: 	at android.view.ViewGroup.dispatchAttachedToWindow(ViewGroup.java:3404)
08-28 18:56:39.191  2705  2705 W ActionsController: 	at android.view.ViewGroup.dispatchAttachedToWindow(ViewGroup.java:3404)
08-28 18:56:39.191  2705  2705 W ActionsController: 	at android.view.ViewGroup.dispatchAttachedToWindow(ViewGroup.java:3404)
08-28 18:56:39.191  2705  2705 W ActionsController: 	at android.view.ViewGroup.dispatchAttachedToWindow(ViewGroup.java:3404)
08-28 18:56:39.191  2705  2705 W ActionsController: 	at android.view.ViewGroup.dispatchAttachedToWindow(ViewGroup.java:3404)
08-28 18:56:39.191  2705  2705 W ActionsController: 	at android.view.ViewRootImpl.performTraversals(ViewRootImpl.java:1761)
08-28 18:56:39.191  2705  2705 W ActionsController: 	at android.view.ViewRootImpl.doTraversal(ViewRootImpl.java:1460)
08-28 18:56:39.191  2705  2705 W ActionsController: 	at android.view.ViewRootImpl$TraversalRunnable.run(ViewRootImpl.java:7183)
08-28 18:56:39.191  2705  2705 W ActionsController: 	at android.view.Choreographer$CallbackRecord.run(Choreographer.java:949)
08-28 18:56:39.191  2705  2705 W ActionsController: 	at android.view.Choreographer.doCallbacks(Choreographer.java:761)
08-28 18:56:39.191  2705  2705 W ActionsController: 	at android.view.Choreographer.doFrame(Choreographer.java:696)
08-28 18:56:39.191  2705  2705 W ActionsController: 	at android.view.Choreographer$FrameDisplayEventReceiver.run(Choreographer.java:935)
08-28 18:56:39.191  2705  2705 W ActionsController: 	at android.os.Handler.handleCallback(Handler.java:873)
08-28 18:56:39.191  2705  2705 W ActionsController: 	at android.os.Handler.dispatchMessage(Handler.java:99)
08-28 18:56:39.191  2705  2705 W ActionsController: 	at android.os.Looper.loop(Looper.java:193)
08-28 18:56:39.191  2705  2705 W ActionsController: 	at android.app.ActivityThread.main(ActivityThread.java:6669)
08-28 18:56:39.191  2705  2705 W ActionsController: 	at java.lang.reflect.Method.invoke(Native Method)
08-28 18:56:39.191  2705  2705 W ActionsController: 	at com.android.internal.os.RuntimeInit$MethodAndArgsCaller.run(RuntimeInit.java:493)
08-28 18:56:39.191  2705  2705 W ActionsController: 	at com.android.internal.os.ZygoteInit.main(ZygoteInit.java:858)
08-28 18:56:39.191  2705  2705 W ActionsController: Caused by: android.os.RemoteException: Remote stack trace:
08-28 18:56:39.191  2705  2705 W ActionsController: 	at com.android.server.content.ContentService.registerContentObserver(ContentService.java:340)
08-28 18:56:39.191  2705  2705 W ActionsController: 	at android.content.IContentService$Stub.onTransact(IContentService.java:76)
08-28 18:56:39.191  2705  2705 W ActionsController: 	at com.android.server.content.ContentService.onTransact(ContentService.java:262)
08-28 18:56:39.191  2705  2705 W ActionsController: 	at android.os.Binder.execTransact(Binder.java:731)
08-28 18:56:39.191  2705  2705 W ActionsController: 
08-28 18:56:39.210  2673  2673 I BgTaskExecutorImpl: Starting NONEXCLUSIVE background task refresh_auth_tokens.
08-28 18:56:39.214  2673  2878 I OpaEligibilityChecker: send OpaEligibilityChange broadcast to CommonBroadcastReceiver
08-28 18:56:39.215  2392  2586 I chatty  : uid=10014(com.google.android.gms) expire 1 line
08-28 18:56:39.225  1646  1693 D gralloc_ranchu: gralloc_alloc: Creating ashmem region of size 8298496
08-28 18:56:39.228  1646  1646 D gralloc_ranchu: gralloc_alloc: Creating ashmem region of size 8298496
08-28 18:56:39.228  2705  2911 D HostConnection: HostConnection::get() New Host Connection established 0xe0dcdaf0, tid 2911
08-28 18:56:39.230  2089  2335 D EGL_emulation: eglMakeCurrent: 0xcc57c480: ver 2 0 (tinfo 0xe66f3210)
08-28 18:56:39.234  2705  2911 D HostConnection: HostComposition ext ANDROID_EMU_CHECKSUM_HELPER_v1 ANDROID_EMU_dma_v1 ANDROID_EMU_YUV420_888_to_NV21 ANDROID_EMU_YUV_Cache ANDROID_EMU_sync_buffer_data GL_OES_vertex_array_object GL_KHR_texture_compression_astc_ldr ANDROID_EMU_host_side_tracing ANDROID_EMU_gles_max_version_2 
08-28 18:56:39.235  1646  1646 D gralloc_ranchu: gralloc_alloc: Creating ashmem region of size 8298496
08-28 18:56:39.248  2705  2911 I ConfigStore: android::hardware::configstore::V1_0::ISurfaceFlingerConfigs::hasWideColorDisplay retrieved: 0
08-28 18:56:39.249  2705  2911 I ConfigStore: android::hardware::configstore::V1_0::ISurfaceFlingerConfigs::hasHDRDisplay retrieved: 0
08-28 18:56:39.249  2705  2911 I OpenGLRenderer: Initialized EGL, version 1.4
08-28 18:56:39.249  2705  2911 D OpenGLRenderer: Swap behavior 1
08-28 18:56:39.249  2705  2911 W OpenGLRenderer: Failed to choose config with EGL_SWAP_BEHAVIOR_PRESERVED, retrying without...
08-28 18:56:39.249  2705  2911 D OpenGLRenderer: Swap behavior 0
08-28 18:56:39.251  1646  1646 D gralloc_ranchu: gralloc_alloc: Creating ashmem region of size 24576
08-28 18:56:39.261  2705  2797 V GridSizeMigrationTask: Workspace migration completed in 184
08-28 18:56:39.261  2705  2797 D LoaderTask: loadWorkspace: loading default favorites
08-28 18:56:39.267  1646  1693 D gralloc_ranchu: gralloc_alloc: Creating ashmem region of size 24576
08-28 18:56:39.271  2705  2911 D eglCodecCommon: setVertexArrayObject: set vao to 0 (0) 0 0
08-28 18:56:39.272  2705  2911 D EGL_emulation: eglCreateContext: 0xe0d86c80: maj 2 min 0 rcv 2
08-28 18:56:39.273  1646  1646 D gralloc_ranchu: gralloc_alloc: Creating ashmem region of size 24576
08-28 18:56:39.300  2705  2911 D EGL_emulation: eglMakeCurrent: 0xe0d86c80: ver 2 0 (tinfo 0xe0d83860)
08-28 18:56:39.302  1646  1693 D gralloc_ranchu: gralloc_alloc: Creating ashmem region of size 24576
08-28 18:56:39.305  1774  1917 E SurfaceFlinger: ro.sf.lcd_density must be defined as a build property
08-28 18:56:39.311  1646  1646 D gralloc_ranchu: gralloc_alloc: Creating ashmem region of size 8192
08-28 18:56:39.318  1646  1693 D gralloc_ranchu: gralloc_alloc: Creating ashmem region of size 8192
08-28 18:56:39.322  2089  2335 D EGL_emulation: eglMakeCurrent: 0xcc57c480: ver 2 0 (tinfo 0xe66f3210)
08-28 18:56:39.327  2845  2845 I TransientFileCleaner: Deleting 0 files
08-28 18:56:39.357  2845  2845 I FeaturePermissions: onSharedPreferenceChanged() : Key = show_launcher_icon : Feature = null
08-28 18:56:39.357  2845  2845 I LauncherIconVisibility: doUpdate() : Visible = false
08-28 18:56:39.372  1646  1693 D gralloc_ranchu: gralloc_alloc: Creating ashmem region of size 24576
08-28 18:56:39.387  1646  1693 I chatty  : uid=1000(system) HwBinder:1646_2 identical 1 line
08-28 18:56:39.390  1646  1693 D gralloc_ranchu: gralloc_alloc: Creating ashmem region of size 24576
08-28 18:56:39.394  1646  1646 D gralloc_ranchu: gralloc_alloc: Creating ashmem region of size 24576
08-28 18:56:39.399  1646  1646 D gralloc_ranchu: gralloc_alloc: Creating ashmem region of size 8192
08-28 18:56:39.400  2705  2911 D HostConnection: createUnique: call
08-28 18:56:39.401  2705  2911 D HostConnection: HostConnection::get() New Host Connection established 0xe0dcdfa0, tid 2911
08-28 18:56:39.404  2705  2911 D HostConnection: HostComposition ext ANDROID_EMU_CHECKSUM_HELPER_v1 ANDROID_EMU_dma_v1 ANDROID_EMU_YUV420_888_to_NV21 ANDROID_EMU_YUV_Cache ANDROID_EMU_sync_buffer_data GL_OES_vertex_array_object GL_KHR_texture_compression_astc_ldr ANDROID_EMU_host_side_tracing ANDROID_EMU_gles_max_version_2 
08-28 18:56:39.408  2705  2911 E eglCodecCommon: GoldfishAddressSpaceHostMemoryAllocator: ioctl_ping failed for device_type=5, ret=-1
08-28 18:56:39.412  1646  1646 D gralloc_ranchu: gralloc_alloc: Creating ashmem region of size 8192
08-28 18:56:39.428  1646  1693 D gralloc_ranchu: gralloc_alloc: Creating ashmem region of size 81920
08-28 18:56:39.431  2845  2845 I UrgentSignal: getInstance(): Creating UrgentSignalsProcessor instance
08-28 18:56:39.433  2705  2911 D EGL_emulation: eglMakeCurrent: 0xe0d86c80: ver 2 0 (tinfo 0xe0d83860)
08-28 18:56:39.438  2845  2930 E LatinCountersUtils: Unhandled flavor name: preload
08-28 18:56:39.490  2657  2867 V MediaProvider: pruneThumbnails 
08-28 18:56:39.495  2705  2797 D LauncherProvider: loading default workspace
08-28 18:56:39.515  2089  2335 D EGL_emulation: eglMakeCurrent: 0xcc57c480: ver 2 0 (tinfo 0xe66f3210)
08-28 18:56:39.532  2845  2845 I PhenotypeExpConfig: refreshConfiguration() : Force = true : UpdateAvailable = true : Age = 27695216 minutes : MaxAge = 720 minutes
08-28 18:56:39.535  2657  2867 V MediaProvider: /pruneDeadThumbnailFiles... 
08-28 18:56:39.583  2845  2845 I FirebaseJobDispatcher: Schedule task: fetch_configuration. Success.
08-28 18:56:39.601  2705  2705 D Committer: Committed to new configuration from Phenotype
08-28 18:56:39.603  2845  2845 E putmethod.lati: The String#value field is not present on Android versions >= 6.0
08-28 18:56:39.607  2673  2673 E OverlaySController: Calling with an invalid UID, the interface will not work
08-28 18:56:39.610  2673  2691 I HotwordHelper: hasHotwordEverywhere-false
08-28 18:56:39.627  2613  2613 W KeyphraseEnrollmentInfo: No enrollment application supports the given keyphrase/locale: 'Ok Google'/en_US
08-28 18:56:39.627  2613  2613 I GsaVoiceInteractionSrv: Creating AOHD: Keyphrase - Ok Google, Locale - en-US/en-US
08-28 18:56:39.637  2845  2845 I FirebaseJobDispatcher: Schedule task: register. Success.
08-28 18:56:39.627  2613  2613 W KeyphraseEnrollmentInfo: No enrollment application supports the given keyphrase/locale: 'Ok Google'/en_US
08-28 18:56:39.640  2613  2613 W KeyphraseEnrollmentInfo: No enrollment application supports the given keyphrase/locale: 'X Google'/en_US
08-28 18:56:39.722  2673  2673 W SessionLifecycleManager: Client : AttachedClient[11757640037179097, ClientConfig[mFlags=[default, headless, launch_external_voice_search_ui, support_transparent_background, legacy_leave_behind_dirty_session_fixme] mSuggestFlags=[0] mClientId=HOTWORD_SERVICE mSessionType=search]] has no associated SessionController
08-28 18:56:39.722  2673  2673 W SearchService: Abort, client detached.
08-28 18:56:39.725  1937  1953 W ActivityManager: Slow operation: 145ms so far, now at startProcess: returned from zygote!
08-28 18:56:39.729  2960  2960 W id.partnersetu: Unexpected CPU variant for X86 using defaults: x86
08-28 18:56:39.746  2960  2960 E id.partnersetu: Not starting debugger since process cannot load the jdwp agent.
08-28 18:56:39.762  2079  2951 I chatty  : uid=10014(com.google.android.gms) expire 10 lines
08-28 18:56:39.772  2705  2797 E AutoInstalls: Favorite not found: com.google.android.GoogleCamera/com.android.camera.CameraLauncher
08-28 18:56:39.795  2845  2845 W native  : commandlineflags.cc:1503 Ignoring RegisterValidateFunction() for flag pointer 0xcd1f35a4: no flag found at that address
08-28 18:56:39.808  2845  2930 E LatinCountersUtils: Unhandled flavor name: preload
08-28 18:56:39.818  1937  1953 W ActivityManager: Slow operation: 238ms so far, now at startProcess: done updating battery stats
08-28 18:56:39.818  1937  1953 W ActivityManager: Slow operation: 238ms so far, now at startProcess: building log message
08-28 18:56:39.818  1937  1953 I ActivityManager: Start proc 2960:com.google.android.partnersetup/u0a8 for content provider com.google.android.partnersetup/.RlzAppProvider
08-28 18:56:39.818  1937  1953 W ActivityManager: Slow operation: 238ms so far, now at startProcess: starting to update pids map
08-28 18:56:39.818  1937  1953 W ActivityManager: Slow operation: 239ms so far, now at startProcess: done updating pids map
08-28 18:56:39.810  2845  2930 I chatty  : uid=10072(com.google.android.inputmethod.latin) identical 1 line
08-28 18:56:39.811  2845  2930 E LatinCountersUtils: Unhandled flavor name: preload
08-28 18:56:39.825  2673  2673 I BgTaskExecutorImpl: Starting EXCLUSIVE background task fetch_location_reporting_state.
08-28 18:56:39.827  2845  2930 E LatinCountersUtils: Unhandled flavor name: preload
08-28 18:56:39.827  2673  2673 I BgTaskExecutorImpl: Starting NONEXCLUSIVE background task update_gservices_config.
08-28 18:56:39.831  2705  2705 W PhenotypeFlagCommitter: Committing snapshot for com.google.android.apps.nexuslauncher failed, retrying
08-28 18:56:39.841  2673  2673 I BgTaskExecutorImpl: Starting EXCLUSIVE background task refresh_now_configuration.
08-28 18:56:39.844  2392  2977 I chatty  : uid=10014(com.google.android.gms) expire 10 lines
08-28 18:56:39.849  2673  2673 I BgTaskExecutorImpl: Starting EXCLUSIVE background task predictive_card_preferences_sync.
08-28 18:56:39.850  2673  2673 I BgTaskExecutorImpl: Starting EXCLUSIVE background task fetch_opt_in_statuses.
08-28 18:56:39.851  2960  2960 I id.partnersetu: The ClassLoaderContext is a special shared library.
08-28 18:56:39.851  2673  2673 I BgTaskExecutorImpl: Starting EXCLUSIVE background task send_gsa_home_request.
08-28 18:56:39.855  2845  2930 E LatinCountersUtils: Unhandled flavor name: preload
08-28 18:56:39.857  2960  2960 I id.partnersetu: The ClassLoaderContext is a special shared library.
08-28 18:56:39.868  2673  2673 I MicroDetectionWorker: Initializing MicroDataManager InitializeType-1, isForced-false, isActivePhoneEnrollment-false isActiveGoogleHomeEnrollment-false
08-28 18:56:39.874  2705  2705 D Committer: Committed to new configuration from Phenotype
08-28 18:56:39.882  2657  2657 D MediaScannerReceiver: action: android.intent.action.MEDIA_MOUNTED path: /storage/emulated/0
08-28 18:56:39.895  2079  2980 I chatty  : uid=10014(com.google.android.gms) expire 10 lines
08-28 18:56:39.932  2705  2988 D Reflection.StBatchTrain: Start loading events from logs...
08-28 18:56:39.950  2990  2990 W gedprovisionin: Unexpected CPU variant for X86 using defaults: x86
08-28 18:56:39.967  2990  2990 E gedprovisionin: Not starting debugger since process cannot load the jdwp agent.
08-28 18:56:39.977  1937  1953 W ActivityManager: Slow operation: 79ms so far, now at startProcess: returned from zygote!
08-28 18:56:39.978  1937  1953 W ActivityManager: Slow operation: 80ms so far, now at startProcess: done updating battery stats
08-28 18:56:39.978  1937  1953 W ActivityManager: Slow operation: 80ms so far, now at startProcess: building log message
08-28 18:56:39.978  1937  1953 I ActivityManager: Start proc 2990:com.android.managedprovisioning/u0a26 for broadcast com.android.managedprovisioning/.ota.PreBootListener
08-28 18:56:39.978  1937  1953 W ActivityManager: Slow operation: 80ms so far, now at startProcess: starting to update pids map
08-28 18:56:39.978  1937  1953 W ActivityManager: Slow operation: 80ms so far, now at startProcess: done updating pids map
08-28 18:56:39.987  2705  2705 W PhenotypeFlagCommitter: Committing snapshot for com.google.android.apps.nexuslauncher failed, retrying
08-28 18:56:39.993  2705  2988 D Reflection.StBatchTrain: Retrain finished, total time including loading: 61ms
08-28 18:56:40.012  2990  2990 I gedprovisionin: The ClassLoaderContext is a special shared library.
08-28 18:56:40.029  2845  2845 I ShortcutsDataManager: onContentChanged()
08-28 18:56:40.058  2392  3008 I chatty  : uid=10014(com.google.android.gms) expire 14 lines
08-28 18:56:40.061  2845  2845 I ContactsDataManager: onContentChanged()
08-28 18:56:40.153  2705  2705 D Committer: Committed to new configuration from Phenotype
08-28 18:56:40.168  2673  2673 D OpenGLRenderer: HWUI GL Pipeline
08-28 18:56:40.173  2392  2902 I chatty  : uid=10014(com.google.android.gms) expire 10 lines
08-28 18:56:40.179  1937  2653 I chatty  : uid=1000(system) Binder:1937_E expire 1 line
08-28 18:56:40.189  1774  1917 E SurfaceFlinger: ro.sf.lcd_density must be defined as a build property
08-28 18:56:40.198  3015  3015 W id.printspoole: Unexpected CPU variant for X86 using defaults: x86
08-28 18:56:40.216  3015  3015 E id.printspoole: Not starting debugger since process cannot load the jdwp agent.
08-28 18:56:40.271  1937  1953 W ActivityManager: Slow operation: 104ms so far, now at startProcess: done updating battery stats
08-28 18:56:40.272  1937  1953 W ActivityManager: Slow operation: 104ms so far, now at startProcess: building log message
08-28 18:56:40.272  1937  1953 I ActivityManager: Start proc 3015:com.android.printspooler/u0a80 for service com.android.printspooler/.model.PrintSpoolerService
08-28 18:56:40.272  1937  1953 W ActivityManager: Slow operation: 104ms so far, now at startProcess: starting to update pids map
08-28 18:56:40.272  1937  1953 W ActivityManager: Slow operation: 105ms so far, now at startProcess: done updating pids map
08-28 18:56:40.284  2673  2898 W Glide   : Failed to find GeneratedAppGlideModule. You should include an annotationProcessor compile dependency on com.github.bumptech.glide:compiler in your application and a @GlideModule annotated AppGlideModule implementation or LibraryGlideModules will be silently ignored
08-28 18:56:40.288  1937  2608 I PreBootBroadcaster: Pre-boot of {com.android.providers.calendar/com.android.providers.calendar.CalendarUpgradeReceiver} for user 0
08-28 18:56:40.294  2199  2199 I VvmSimStateTracker: android.intent.action.SIM_STATE_CHANGED
08-28 18:56:40.316  3015  3015 I id.printspoole: The ClassLoaderContext is a special shared library.
08-28 18:56:40.388  1774  1774 D SurfaceFlinger: duplicate layer name: changing com.google.android.apps.nexuslauncher/com.google.android.apps.nexuslauncher.NexusLauncherActivity to com.google.android.apps.nexuslauncher/com.google.android.apps.nexuslauncher.NexusLauncherActivity#1
08-28 18:56:40.397  1646  1693 D gralloc_ranchu: gralloc_alloc: Creating ashmem region of size 8298496
08-28 18:56:40.398  2673  3021 D HostConnection: HostConnection::get() New Host Connection established 0xdf49ef30, tid 3021
08-28 18:56:40.400  1646  1646 D gralloc_ranchu: gralloc_alloc: Creating ashmem region of size 8298496
08-28 18:56:40.402  1646  1693 D gralloc_ranchu: gralloc_alloc: Creating ashmem region of size 8298496
08-28 18:56:40.413  2673  3021 D HostConnection: HostComposition ext ANDROID_EMU_CHECKSUM_HELPER_v1 ANDROID_EMU_dma_v1 ANDROID_EMU_YUV420_888_to_NV21 ANDROID_EMU_YUV_Cache ANDROID_EMU_sync_buffer_data GL_OES_vertex_array_object GL_KHR_texture_compression_astc_ldr ANDROID_EMU_host_side_tracing ANDROID_EMU_gles_max_version_2 
08-28 18:56:40.433  2673  3021 I ConfigStore: android::hardware::configstore::V1_0::ISurfaceFlingerConfigs::hasWideColorDisplay retrieved: 0
08-28 18:56:40.434  2673  2878 W DynamiteModule: Local module descriptor class for com.google.android.gms.googlecertificates not found.
08-28 18:56:40.435  2673  3021 I ConfigStore: android::hardware::configstore::V1_0::ISurfaceFlingerConfigs::hasHDRDisplay retrieved: 0
08-28 18:56:40.435  2673  3021 I OpenGLRenderer: Initialized EGL, version 1.4
08-28 18:56:40.435  2673  3021 D OpenGLRenderer: Swap behavior 1
08-28 18:56:40.435  2673  3021 W OpenGLRenderer: Failed to choose config with EGL_SWAP_BEHAVIOR_PRESERVED, retrying without...
08-28 18:56:40.435  2673  3021 D OpenGLRenderer: Swap behavior 0
08-28 18:56:40.447  2673  3021 D eglCodecCommon: setVertexArrayObject: set vao to 0 (0) 0 0
08-28 18:56:40.447  2673  3021 D EGL_emulation: eglCreateContext: 0xde2f1580: maj 2 min 0 rcv 2
08-28 18:56:40.449  2845  2845 I ContextualPredictionExt: onCreateApp(): registering factories
08-28 18:56:40.464  1937  1953 W ActivityManager: Slow operation: 90ms so far, now at startProcess: returned from zygote!
08-28 18:56:40.469  2845  2845 I ContextualPredictionExt: onCreateApp(): Finished in 19 ms
08-28 18:56:40.469  2845  2845 I NotificationSmartReply: onCreateApp false
08-28 18:56:40.469  2845  2845 I LstmExtension: onCreateApp()
08-28 18:56:40.470  2845  2845 I LstmExtension: onCreateApp(): Finished in 1 ms
08-28 18:56:40.473  1937  1953 W ActivityManager: Slow operation: 100ms so far, now at startProcess: done updating battery stats
08-28 18:56:40.474  1937  1953 W ActivityManager: Slow operation: 100ms so far, now at startProcess: building log message
08-28 18:56:40.474  1937  1953 I ActivityManager: Start proc 3043:com.android.vending/u0a34 for broadcast com.android.vending/com.google.android.finsky.simhandler.SimStateReceiver
08-28 18:56:40.474  1937  1953 W ActivityManager: Slow operation: 100ms so far, now at startProcess: starting to update pids map
08-28 18:56:40.474  1937  1953 W ActivityManager: Slow operation: 101ms so far, now at startProcess: done updating pids map
08-28 18:56:40.479  1937  2822 I chatty  : uid=1000(system) Binder:1937_11 expire 1 line
08-28 18:56:40.482  3043  3043 I chatty  : uid=10034(com.android.vending) expire 75 lines
08-28 18:56:40.485  2673  3021 D EGL_emulation: eglMakeCurrent: 0xde2f1580: ver 2 0 (tinfo 0xdf4d6b70)
08-28 18:56:40.490  1774  1821 E SurfaceFlinger: ro.sf.lcd_density must be defined as a build property
08-28 18:56:40.490  2705  2705 D Committer: Commit finished, result:false
08-28 18:56:40.507  2845  2845 I FeaturePermissions: onSharedPreferenceChanged() : Key = current_input_method_entry : Feature = null
08-28 18:56:40.510  1788  1788 W wificond: Scan is not started. Ignore abort request
08-28 18:56:40.510  2845  2845 I ModuleManager: Module object of interface com.google.android.apps.inputmethod.libs.voiceime.VoiceImeExtension loaded.
08-28 18:56:40.513  2428  2446 I droid.deskcloc: Waiting for a blocking GC ProfileSaver
08-28 18:56:40.518  2845  2845 I ModuleManager: com.google.android.apps.inputmethod.libs.voiceime.IVoiceImeExtension changed to available
08-28 18:56:40.519  2673  3021 D HostConnection: createUnique: call
08-28 18:56:40.519  2673  3021 D HostConnection: HostConnection::get() New Host Connection established 0xdf4a0a60, tid 3021
08-28 18:56:40.522  2673  3021 D HostConnection: HostComposition ext ANDROID_EMU_CHECKSUM_HELPER_v1 ANDROID_EMU_dma_v1 ANDROID_EMU_YUV420_888_to_NV21 ANDROID_EMU_YUV_Cache ANDROID_EMU_sync_buffer_data GL_OES_vertex_array_object GL_KHR_texture_compression_astc_ldr ANDROID_EMU_host_side_tracing ANDROID_EMU_gles_max_version_2 
08-28 18:56:40.522  2673  3021 E eglCodecCommon: GoldfishAddressSpaceHostMemoryAllocator: ioctl_ping failed for device_type=5, ret=-1
08-28 18:56:40.529  2673  3021 D EGL_emulation: eglMakeCurrent: 0xde2f1580: ver 2 0 (tinfo 0xdf4d6b70)
08-28 18:56:40.547  2428  2446 I droid.deskcloc: WaitForGcToComplete blocked ProfileSaver on HeapTrim for 33.574ms
08-28 18:56:40.556  2673  2922 I GservicesUpdateTask: Updating Gservices keys
08-28 18:56:40.647  1937  1953 W ActivityManager: Slow operation: 67ms so far, now at startProcess: asking zygote to start proc
08-28 18:56:40.650  2673  2878 W earchbox:searc: Unsupported class loader
08-28 18:56:40.659  2657  2986 V MediaProvider: pruneThumbnails 
08-28 18:56:40.659  2673  2673 W SearchService: Abort, client detached.
08-28 18:56:40.660  2673  2673 I chatty  : uid=10041(com.google.android.googlequicksearchbox) identical 32 lines
08-28 18:56:40.660  2657  2986 V MediaProvider: /pruneDeadThumbnailFiles... 
08-28 18:56:40.668  1937  1953 W ActivityManager: Slow operation: 88ms so far, now at startProcess: returned from zygote!
08-28 18:56:40.668  1937  1953 W ActivityManager: Slow operation: 88ms so far, now at startProcess: done updating battery stats
08-28 18:56:40.668  1937  1953 W ActivityManager: Slow operation: 88ms so far, now at startProcess: building log message
08-28 18:56:40.668  1937  1953 I ActivityManager: Start proc 3070:com.android.keychain/1000 for service com.android.keychain/.KeyChainService
08-28 18:56:40.668  1937  1953 W ActivityManager: Slow operation: 88ms so far, now at startProcess: starting to update pids map
08-28 18:56:40.669  1937  1953 W ActivityManager: Slow operation: 88ms so far, now at startProcess: done updating pids map
08-28 18:56:40.674  3070  3070 W ndroid.keychai: Unexpected CPU variant for X86 using defaults: x86
08-28 18:56:40.677  2133  2133 I wpa_supplicant: wlan0: SME: Trying to authenticate with 02:15:b2:00:01:00 (SSID='AndroidWifi' freq=2447 MHz)
08-28 18:56:40.681  1926  1926 I hostapd : wlan1: STA 02:15:b2:00:00:00 IEEE 802.11: authenticated
08-28 18:56:40.682  1926  1926 I hostapd : wlan1: STA 02:15:b2:00:00:00 IEEE 802.11: authenticated
08-28 18:56:40.684  2845  2845 I FeaturePermissions: onSharedPreferenceChanged() : Key = pref_key_access_points_showing_order_migrated : Feature = null
08-28 18:56:40.693  2133  2133 I wpa_supplicant: wlan0: Trying to associate with 02:15:b2:00:01:00 (SSID='AndroidWifi' freq=2447 MHz)
08-28 18:56:40.701  1926  1926 I hostapd : wlan1: STA 02:15:b2:00:00:00 IEEE 802.11: associated (aid 1)
08-28 18:56:40.701  1926  1926 I hostapd : wlan1: STA 02:15:b2:00:00:00 IEEE 802.11: associated (aid 1)
08-28 18:56:40.701  1926  1926 I hostapd : wlan1: AP-STA-CONNECTED 02:15:b2:00:00:00
08-28 18:56:40.709  2133  2133 I wpa_supplicant: wlan0: Associated with 02:15:b2:00:01:00
08-28 18:56:40.709  2133  2133 I wpa_supplicant: wlan0: CTRL-EVENT-CONNECTED - Connection to 02:15:b2:00:01:00 completed [id=0 id_str=%7B%22configKey%22%3A%22%5C%22AndroidWifi%5C%22NONE%22%2C%22creatorUid%22%3A%221000%22%7D]
08-28 18:56:40.710  2133  2133 I wpa_supplicant: wlan0: CTRL-EVENT-SUBNET-STATUS-UPDATE status=0
08-28 18:56:40.724  3070  3070 E ndroid.keychai: Not starting debugger since process cannot load the jdwp agent.
08-28 18:56:40.740  2570  2570 D StrictMode: StrictMode policy violation; ~duration=59 ms: android.os.strictmode.DiskWriteViolation
08-28 18:56:40.740  2570  2570 D StrictMode: 	at android.os.StrictMode$AndroidBlockGuardPolicy.onWriteToDisk(StrictMode.java:1460)
08-28 18:56:40.740  2570  2570 D StrictMode: 	at libcore.io.BlockGuardOs.mkdir(BlockGuardOs.java:196)
08-28 18:56:40.740  2570  2570 D StrictMode: 	at android.system.Os.mkdir(Os.java:323)
08-28 18:56:40.740  2570  2570 D StrictMode: 	at android.app.ContextImpl.ensurePrivateDirExists(ContextImpl.java:608)
08-28 18:56:40.740  2570  2570 D StrictMode: 	at android.app.ContextImpl.ensurePrivateDirExists(ContextImpl.java:596)
08-28 18:56:40.740  2570  2570 D StrictMode: 	at android.app.ContextImpl.getPreferencesDir(ContextImpl.java:552)
08-28 18:56:40.740  2570  2570 D StrictMode: 	at android.app.ContextImpl.getSharedPreferencesPath(ContextImpl.java:747)
08-28 18:56:40.740  2570  2570 D StrictMode: 	at android.app.ContextImpl.getSharedPreferences(ContextImpl.java:400)
08-28 18:56:40.740  2570  2570 D StrictMode: 	at android.preference.PreferenceManager.getDefaultSharedPreferences(PreferenceManager.java:526)
08-28 18:56:40.740  2570  2570 D StrictMode: 	at com.android.providers.contacts.FastScrollingIndexCache.getInstance(FastScrollingIndexCache.java:95)
08-28 18:56:40.740  2570  2570 D StrictMode: 	at com.android.providers.contacts.ContactsProvider2.initialize(ContactsProvider2.java:1588)
08-28 18:56:40.740  2570  2570 D StrictMode: 	at com.android.providers.contacts.ContactsProvider2.onCreate(ContactsProvider2.java:1563)
08-28 18:56:40.740  2570  2570 D StrictMode: 	at android.content.ContentProvider.attachInfo(ContentProvider.java:1919)
08-28 18:56:40.740  2570  2570 D StrictMode: 	at android.content.ContentProvider.attachInfo(ContentProvider.java:1894)
08-28 18:56:40.740  2570  2570 D StrictMode: 	at android.app.ActivityThread.installProvider(ActivityThread.java:6391)
08-28 18:56:40.740  2570  2570 D StrictMode: 	at android.app.ActivityThread.installContentProviders(ActivityThread.java:5938)
